Component: ARM Compiler 5.06 update 5 (build 528) Tool: armlink [4d35e2]

==============================================================================

Section Cross References

    task3.o(i.main) refers to task3a.o(i.prvSetupHardware) for prvSetupHardware
    task3.o(i.main) refers to task3a.o(i.StartFreeRTOS) for StartFreeRTOS
    task3.o(i.main) refers to task3.o(i.vTask3) for vTask3
    task3.o(i.vTask3) refers to mpu_wrappers.o(freertos_system_calls) for xPortRaisePrivilege
    task3.o(i.vTask3) refers to tasks.o(privileged_functions) for vTaskRemove
    task3.o(i.vTask3) refers to noretval__2printf.o(.text) for __2printf
    usart_v2m-mps2.o(i.UART0RX_Handler) refers to usart_v2m-mps2.o(i.USARTRX_IRQHandler) for USARTRX_IRQHandler
    usart_v2m-mps2.o(i.UART0RX_Handler) refers to usart_v2m-mps2.o(.constdata) for USART0_Resources
    usart_v2m-mps2.o(i.UART0TX_Handler) refers to usart_v2m-mps2.o(i.USARTTX_IRQHandler) for USARTTX_IRQHandler
    usart_v2m-mps2.o(i.UART0TX_Handler) refers to usart_v2m-mps2.o(.constdata) for USART0_Resources
    usart_v2m-mps2.o(i.USART0_Control) refers to usart_v2m-mps2.o(i.USART_Control) for USART_Control
    usart_v2m-mps2.o(i.USART0_Control) refers to usart_v2m-mps2.o(.constdata) for USART0_Resources
    usart_v2m-mps2.o(i.USART0_GetCapabilities) refers to usart_v2m-mps2.o(i.USART_GetCapabilities) for USART_GetCapabilities
    usart_v2m-mps2.o(i.USART0_GetCapabilities) refers to usart_v2m-mps2.o(.constdata) for USART0_Resources
    usart_v2m-mps2.o(i.USART0_GetModemStatus) refers to usart_v2m-mps2.o(i.USART_GetModemStatus) for USART_GetModemStatus
    usart_v2m-mps2.o(i.USART0_GetModemStatus) refers to usart_v2m-mps2.o(.constdata) for USART0_Resources
    usart_v2m-mps2.o(i.USART0_GetRxCount) refers to usart_v2m-mps2.o(i.USART_GetRxCount) for USART_GetRxCount
    usart_v2m-mps2.o(i.USART0_GetRxCount) refers to usart_v2m-mps2.o(.constdata) for USART0_Resources
    usart_v2m-mps2.o(i.USART0_GetStatus) refers to usart_v2m-mps2.o(i.USART_GetStatus) for USART_GetStatus
    usart_v2m-mps2.o(i.USART0_GetStatus) refers to usart_v2m-mps2.o(.constdata) for USART0_Resources
    usart_v2m-mps2.o(i.USART0_GetTxCount) refers to usart_v2m-mps2.o(i.USART_GetTxCount) for USART_GetTxCount
    usart_v2m-mps2.o(i.USART0_GetTxCount) refers to usart_v2m-mps2.o(.constdata) for USART0_Resources
    usart_v2m-mps2.o(i.USART0_Initialize) refers to usart_v2m-mps2.o(i.USART_Initialize) for USART_Initialize
    usart_v2m-mps2.o(i.USART0_Initialize) refers to usart_v2m-mps2.o(.constdata) for USART0_Resources
    usart_v2m-mps2.o(i.USART0_PowerControl) refers to usart_v2m-mps2.o(i.USART_PowerControl) for USART_PowerControl
    usart_v2m-mps2.o(i.USART0_PowerControl) refers to usart_v2m-mps2.o(.constdata) for USART0_Resources
    usart_v2m-mps2.o(i.USART0_Receive) refers to usart_v2m-mps2.o(i.USART_Receive) for USART_Receive
    usart_v2m-mps2.o(i.USART0_Receive) refers to usart_v2m-mps2.o(.constdata) for USART0_Resources
    usart_v2m-mps2.o(i.USART0_Send) refers to usart_v2m-mps2.o(i.USART_Send) for USART_Send
    usart_v2m-mps2.o(i.USART0_Send) refers to usart_v2m-mps2.o(.constdata) for USART0_Resources
    usart_v2m-mps2.o(i.USART0_SetModemControl) refers to usart_v2m-mps2.o(i.USART_SetModemControl) for USART_SetModemControl
    usart_v2m-mps2.o(i.USART0_SetModemControl) refers to usart_v2m-mps2.o(.constdata) for USART0_Resources
    usart_v2m-mps2.o(i.USART0_Transfer) refers to usart_v2m-mps2.o(i.USART_Transfer) for USART_Transfer
    usart_v2m-mps2.o(i.USART0_Transfer) refers to usart_v2m-mps2.o(.constdata) for USART0_Resources
    usart_v2m-mps2.o(i.USART0_Uninitialize) refers to usart_v2m-mps2.o(i.USART_Uninitialize) for USART_Uninitialize
    usart_v2m-mps2.o(i.USART0_Uninitialize) refers to usart_v2m-mps2.o(.constdata) for USART0_Resources
    usart_v2m-mps2.o(i.USART_Control) refers to system_cmsdk_cm4.o(.data) for SystemCoreClock
    usart_v2m-mps2.o(i.USART_Initialize) refers to rt_memclr_w.o(.text) for __aeabi_memclr4
    usart_v2m-mps2.o(i.USART_PowerControl) refers to usart_v2m-mps2.o(i.__NVIC_DisableIRQ) for __NVIC_DisableIRQ
    usart_v2m-mps2.o(i.USART_PowerControl) refers to usart_v2m-mps2.o(i.__NVIC_ClearPendingIRQ) for __NVIC_ClearPendingIRQ
    usart_v2m-mps2.o(i.USART_PowerControl) refers to usart_v2m-mps2.o(i.__NVIC_EnableIRQ) for __NVIC_EnableIRQ
    usart_v2m-mps2.o(i.USARTx_GetVersion) refers to usart_v2m-mps2.o(.constdata) for usart_driver_version
    usart_v2m-mps2.o(.constdata) refers to usart_v2m-mps2.o(.data) for USART0_pin_rx
    usart_v2m-mps2.o(.constdata) refers to usart_v2m-mps2.o(.bss) for USART0_TransferInfo
    usart_v2m-mps2.o(.constdata) refers to usart_v2m-mps2.o(i.USARTx_GetVersion) for USARTx_GetVersion
    usart_v2m-mps2.o(.constdata) refers to usart_v2m-mps2.o(i.USART0_GetCapabilities) for USART0_GetCapabilities
[...]
    USART0_Resources                         0x0000a468   Data          28  usart_v2m-mps2.o(.constdata)
    .constdata                               0x0000a4bc   Section       23  retarget_io.o(.constdata)
    .constdata                               0x0000a4d4   Section       60  task3a.o(.constdata)
    .conststring                             0x0000a510   Section        6  task3a.o(.conststring)
    privileged_data                          0x20000000   Section      268  tasks.o(privileged_data)
    pxReadyTasksLists                        0x20000004   Data         100  tasks.o(privileged_data)
    xDelayedTaskList1                        0x20000068   Data          20  tasks.o(privileged_data)
    xDelayedTaskList2                        0x2000007c   Data          20  tasks.o(privileged_data)
    pxDelayedTaskList                        0x20000090   Data           4  tasks.o(privileged_data)
    pxOverflowDelayedTaskList                0x20000094   Data           4  tasks.o(privileged_data)
    xPendingReadyList                        0x20000098   Data          20  tasks.o(privileged_data)
    xTasksWaitingTermination                 0x200000ac   Data          20  tasks.o(privileged_data)
    uxDeletedTasksWaitingCleanUp             0x200000c0   Data           4  tasks.o(privileged_data)
    xSuspendedTaskList                       0x200000c4   Data          20  tasks.o(privileged_data)
    uxCurrentNumberOfTasks                   0x200000d8   Data           4  tasks.o(privileged_data)
    xTickCount                               0x200000dc   Data           4  tasks.o(privileged_data)
    uxTopReadyPriority                       0x200000e0   Data           4  tasks.o(privileged_data)
    xSchedulerRunning                        0x200000e4   Data           4  tasks.o(privileged_data)
    xPendedTicks                             0x200000e8   Data           4  tasks.o(privileged_data)
    xYieldPending                            0x200000ec   Data           4  tasks.o(privileged_data)
    xNumOfOverflows                          0x200000f0   Data           4  tasks.o(privileged_data)
    uxTaskNumber                             0x200000f4   Data           4  tasks.o(privileged_data)
    xNextTaskUnblockTime                     0x200000f8   Data           4  tasks.o(privileged_data)
    xIdleTaskHandle                          0x200000fc   Data           4  tasks.o(privileged_data)
    uxSchedulerSuspended                     0x20000100   Data           4  tasks.o(privileged_data)
    ulTaskSwitchedInTime                     0x20000104   Data           4  tasks.o(privileged_data)
    ulTotalRunTime                           0x20000108   Data           4  tasks.o(privileged_data)
    privileged_data                          0x2000010c   Section       40  queue.o(privileged_data)
    privileged_data                          0x20000134   Section       60  timers.o(privileged_data)
    xActiveTimerList1                        0x20000134   Data          20  timers.o(privileged_data)
    xActiveTimerList2                        0x20000148   Data          20  timers.o(privileged_data)
    pxCurrentTimerList                       0x2000015c   Data           4  timers.o(privileged_data)
    pxOverflowTimerList                      0x20000160   Data           4  timers.o(privileged_data)
    xTimerQueue                              0x20000164   Data           4  timers.o(privileged_data)
    xTimerTaskHandle                         0x20000168   Data           4  timers.o(privileged_data)
    xLastTime                                0x2000016c   Data           4  timers.o(privileged_data)
    privileged_data                          0x20000170   Section    16416  heap_4.o(privileged_data)
    ucHeap                                   0x20000170   Data       16384  heap_4.o(privileged_data)
    xStart                                   0x20004170   Data           8  heap_4.o(privileged_data)
    pxEnd                                    0x20004178   Data           4  heap_4.o(privileged_data)
    xFreeBytesRemaining                      0x2000417c   Data           4  heap_4.o(privileged_data)
    xMinimumEverFreeBytesRemaining           0x20004180   Data           4  heap_4.o(privileged_data)
    xNumberOfSuccessfulAllocations           0x20004184   Data           4  heap_4.o(privileged_data)
    xNumberOfSuccessfulFrees                 0x20004188   Data           4  heap_4.o(privileged_data)
    xBlockAllocatedBit                       0x2000418c   Data           4  heap_4.o(privileged_data)
    .data                                    0x20005000   Section       24  usart_v2m-mps2.o(.data)
    USART0_Info                              0x20005000   Data           8  usart_v2m-mps2.o(.data)
    USART0_pin_rx                            0x20005008   Data           8  usart_v2m-mps2.o(.data)
    USART0_pin_tx                            0x20005010   Data           8  usart_v2m-mps2.o(.data)
    .data                                    0x20005018   Section        4  system_cmsdk_cm4.o(.data)
    .data                                    0x2000501c   Section       32  task3a.o(.data)
    .data                                    0x2000503c   Section       12  tasks.o(.data)
    .data                                    0x20005048   Section       12  port.o(.data)
    uxCriticalNesting                        0x20005048   Data           4  port.o(.data)
    ucMaxSysCallPriority                     0x2000504c   Data           1  port.o(.data)
    ulMaxPRIGROUPValue                       0x20005050   Data           4  port.o(.data)
    .data                                    0x20005054   Section        4  stdio_streams.o(.data)
    .data                                    0x20005058   Section        4  stdio_streams.o(.data)
    .data                                    0x2000505c   Section        4  stdio_streams.o(.data)
    .bss                                     0x20005060   Section       24  usart_v2m-mps2.o(.bss)
    USART0_TransferInfo                      0x20005060   Data          24  usart_v2m-mps2.o(.bss)
    .bss                                     0x20005200   Section      512  task3a.o(.bss)
    xTask3Stack                              0x20005200   Data         512  task3a.o(.bss)
    .bss                                     0x20005400   Section       84  stdio_streams.o(.bss)
    .bss                                     0x20005454   Section       84  stdio_streams.o(.bss)
    .bss                                     0x200054a8   Section       84  stdio_streams.o(.bss)
    .bss                                     0x200054fc   Section       96  libspace.o(.bss)
    HEAP                                     0x20005560   Section     3072  startup_cmsdk_cm4.o(HEAP)
    Heap_Mem                                 0x20005560   Data        3072  startup_cmsdk_cm4.o(HEAP)
    STACK                                    0x20006160   Section     1024  startup_cmsdk_cm4.o(STACK)
    Stack_Mem                                0x20006160   Data        1024  startup_cmsdk_cm4.o(STACK)
    __initial_sp                             0x20006560   Data           0  startup_cmsdk_cm4.o(STACK)

    Global Symbols

    Symbol Name                              Value     Ov Type        Size  Object(Section)

    BuildAttributes$$THM_ISAv4$E$P$D$K$B$S$7EM$VFPi3$EXTD16$VFPS$VFMA$PE$A:L22UL41UL21$X:L11$S22US41US21$IEEE1$IW$USESV6$~STKCKD$USESV7$~SHL$OTIME$ROPI$EBA8$UX$STANDARDLIB$REQ8$PRES8$EABIv2 0x00000000   Number         0  anon$$obj.o ABSOLUTE
    __ARM_use_no_argv                        0x00000000   Number         0  task3.o ABSOLUTE
    __Vectors                                0x00000000   Data           4  startup_cmsdk_cm4.o(RESET)
    __ARM_exceptions_init                     - Undefined Weak Reference
    __alloca_initialize                       - Undefined Weak Reference
    __arm_preinit_                            - Undefined Weak Reference
    __cpp_initialize__aeabi_                  - Undefined Weak Reference
    __cxa_finalize                            - Undefined Weak Reference
    __rt_locale                               - Undefined Weak Reference
    __sigvec_lookup                           - Undefined Weak Reference
    __user_heap_extent                        - Undefined Weak Reference
    _atexit_init                              - Undefined Weak Reference
    _call_atexit_fns                          - Undefined Weak Reference
    _clock_init                               - Undefined Weak Reference
    _fp_trap_init                             - Undefined Weak Reference
    _fp_trap_shutdown                         - Undefined Weak Reference
    _get_lc_collate                           - Undefined Weak Reference
    _get_lc_ctype                             - Undefined Weak Reference
    _get_lc_monetary                          - Undefined Weak Reference
    _get_lc_numeric                           - Undefined Weak Reference
    _get_lc_time                              - Undefined Weak Reference
    _getenv_init                              - Undefined Weak Reference
    _handle_redirection                       - Undefined Weak Reference
    _mutex_acquire                            - Undefined Weak Reference
    _mutex_free                               - Undefined Weak Reference
    _mutex_release                            - Undefined Weak Reference
    _printf_post_padding                      - Undefined Weak Reference
    _printf_pre_padding                       - Undefined Weak Reference
    _printf_truncate_signed                   - Undefined Weak Reference
    _printf_truncate_unsigned                 - Undefined Weak Reference
    _rand_init                                - Undefined Weak Reference
    _signal_finish                            - Undefined Weak Reference
    _signal_init                              - Undefined Weak Reference
    __Vectors_End                            0x000000c0   Data           0  startup_cmsdk_cm4.o(RESET)
    __Vectors_Size                           0x000000c0   Number         0  startup_cmsdk_cm4.o ABSOLUTE
    __main                                   0x000000c1   Thumb Code     8  __main.o(!!!main)
    __scatterload                            0x000000c9   Thumb Code     0  __scatter.o(!!!scatter)
    __scatterload_rt2                        0x000000c9   Thumb Code    44  __scatter.o(!!!scatter)
    __scatterload_rt2_thumb_only             0x000000c9   Thumb Code     0  __scatter.o(!!!scatter)
    __scatterload_null                       0x000000d7   Thumb Code     0  __scatter.o(!!!scatter)
    __decompress                             0x000000fd   Thumb Code    90  __dczerorl2.o(!!dczerorl2)
    __decompress1                            0x000000fd   Thumb Code     0  __dczerorl2.o(!!dczerorl2)
    __scatterload_copy                       0x00000159   Thumb Code    26  __scatter_copy.o(!!handler_copy)
    __scatterload_zeroinit                   0x00000175   Thumb Code    28  __scatter_zi.o(!!handler_zi)
    xTaskCreateRestricted                    0x00000375   Thumb Code   124  tasks.o(privileged_functions)
    xTaskCreate                              0x000003f1   Thumb Code   110  tasks.o(privileged_functions)
    vTaskDelete                              0x000004d7   Thumb Code   286  tasks.o(privileged_functions)
    vTaskRemove                              0x000005f5   Thumb Code    24  tasks.o(privileged_functions)
    xTaskIncrementTick                       0x0000060d   Thumb Code   286  tasks.o(privileged_functions)
    xTaskResumeAll                           0x0000072b   Thumb Code   228  tasks.o(privileged_functions)
    vTaskSuspendAll                          0x00000895   Thumb Code    12  tasks.o(privileged_functions)
    xTaskDelayUntil                          0x000008a1   Thumb Code   202  tasks.o(privileged_functions)
    vTaskDelay                               0x0000096b   Thumb Code    82  tasks.o(privileged_functions)
    eTaskGetState                            0x000009bd   Thumb Code   216  tasks.o(privileged_functions)
    uxTaskPriorityGet                        0x00000a95   Thumb Code    30  tasks.o(privileged_functions)
    uxTaskPriorityGetFromISR                 0x00000ab3   Thumb Code    62  tasks.o(privileged_functions)
    vTaskPrioritySet                         0x00000af1   Thumb Code   270  tasks.o(privileged_functions)
    vTaskSwitchContext                       0x00000bff   Thumb Code   166  tasks.o(privileged_functions)
    vTaskSuspend                             0x00000ca5   Thumb Code   228  tasks.o(privileged_functions)
    vTaskResume                              0x00000dd9   Thumb Code   198  tasks.o(privileged_functions)
    xTaskResumeFromISR                       0x00000e9f   Thumb Code   168  tasks.o(privileged_functions)
    vTaskStartScheduler                      0x00000f97   Thumb Code   124  tasks.o(privileged_functions)
    vTaskEndScheduler                        0x00001013   Thumb Code    32  tasks.o(privileged_functions)
    xTaskGetTickCount                        0x00001033   Thumb Code     6  tasks.o(privileged_functions)
    xTaskGetTickCountFromISR                 0x00001039   Thumb Code    16  tasks.o(privileged_functions)
    uxTaskGetNumberOfTasks                   0x00001049   Thumb Code     6  tasks.o(privileged_functions)
    pcTaskGetName                            0x0000104f   Thumb Code    44  tasks.o(privileged_functions)
    xTaskGetHandle                           0x0000112b   Thumb Code   142  tasks.o(privileged_functions)
    vTaskGetInfo                             0x000011cf   Thumb Code   214  tasks.o(privileged_functions)
    uxTaskGetSystemState                     0x0000130f   Thumb Code   152  tasks.o(privileged_functions)
    xTaskGetIdleTaskHandle                   0x000013a7   Thumb Code    42  tasks.o(privileged_functions)
    xTaskCatchUpTicks                        0x000013d1   Thumb Code    64  tasks.o(privileged_functions)
    xTaskAbortDelay                          0x00001411   Thumb Code   148  tasks.o(privileged_functions)
    vTaskSetApplicationTaskTag               0x000014a5   Thumb Code    30  tasks.o(privileged_functions)
    xTaskGetApplicationTaskTag               0x000014c3   Thumb Code    32  tasks.o(privileged_functions)
    xTaskGetApplicationTaskTagFromISR        0x000014e3   Thumb Code    56  tasks.o(privileged_functions)
    xTaskCallApplicationTaskHook             0x0000151b   Thumb Code    44  tasks.o(privileged_functions)
    vTaskPlaceOnEventList                    0x00001547   Thumb Code    52  tasks.o(privileged_functions)
    vTaskPlaceOnUnorderedEventList           0x0000157b   Thumb Code   100  tasks.o(privileged_functions)
    vTaskPlaceOnEventListRestricted          0x000015df   Thumb Code    60  tasks.o(privileged_functions)
    xTaskRemoveFromEventList                 0x0000161b   Thumb Code   132  tasks.o(privileged_functions)
    vTaskRemoveFromUnorderedEventList        0x0000169f   Thumb Code   202  tasks.o(privileged_functions)
    vTaskSetTimeOutState                     0x00001769   Thumb Code    50  tasks.o(privileged_functions)
    vTaskInternalSetTimeOutState             0x0000179b   Thumb Code    14  tasks.o(privileged_functions)
    xTaskCheckForTimeOut                     0x000017a9   Thumb Code   160  tasks.o(privileged_functions)
    vTaskMissedYield                         0x00001849   Thumb Code     8  tasks.o(privileged_functions)
    uxTaskGetTaskNumber                      0x00001851   Thumb Code    16  tasks.o(privileged_functions)
    vTaskSetTaskNumber                       0x00001861   Thumb Code    10  tasks.o(privileged_functions)
    vTaskSetThreadLocalStoragePointer        0x0000186b   Thumb Code    60  tasks.o(privileged_functions)
    pvTaskGetThreadLocalStoragePointer       0x000018a7   Thumb Code    36  tasks.o(privileged_functions)
    vTaskAllocateMPURegions                  0x000018cb   Thumb Code    32  tasks.o(privileged_functions)
    uxTaskGetStackHighWaterMark2             0x000018eb   Thumb Code    34  tasks.o(privileged_functions)
    uxTaskGetStackHighWaterMark              0x0000190d   Thumb Code    34  tasks.o(privileged_functions)
    xTaskGetCurrentTaskHandle                0x0000192f   Thumb Code     6  tasks.o(privileged_functions)
    xTaskGetSchedulerState                   0x00001935   Thumb Code    24  tasks.o(privileged_functions)
    xTaskPriorityInherit                     0x0000194d   Thumb Code   178  tasks.o(privileged_functions)
    xTaskPriorityDisinherit                  0x000019ff   Thumb Code   188  tasks.o(privileged_functions)
    vTaskPriorityDisinheritAfterTimeout      0x00001abb   Thumb Code   262  tasks.o(privileged_functions)
    uxTaskResetEventItemValue                0x00001bc1   Thumb Code    24  tasks.o(privileged_functions)
    pvTaskIncrementMutexHeldCount            0x00001bd9   Thumb Code    26  tasks.o(privileged_functions)
    ulTaskGenericNotifyTake                  0x00001bf3   Thumb Code   160  tasks.o(privileged_functions)
    xTaskGenericNotifyWait                   0x00001c93   Thumb Code   196  tasks.o(privileged_functions)
    xTaskGenericNotify                       0x00001d57   Thumb Code   366  tasks.o(privileged_functions)
    xTaskGenericNotifyFromISR                0x00001ec5   Thumb Code   436  tasks.o(privileged_functions)
    vTaskGenericNotifyGiveFromISR            0x00002079   Thumb Code   270  tasks.o(privileged_functions)
    xTaskGenericNotifyStateClear             0x00002187   Thumb Code    90  tasks.o(privileged_functions)
    ulTaskGenericNotifyValueClear            0x000021e1   Thumb Code    58  tasks.o(privileged_functions)
    ulTaskGetIdleRunTimeCounter              0x0000221b   Thumb Code    10  tasks.o(privileged_functions)
    xEventGroupCreate                        0x00002245   Thumb Code    26  event_groups.o(privileged_functions)
    xEventGroupSetBits                       0x0000225f   Thumb Code   206  event_groups.o(privileged_functions)
    xEventGroupSync                          0x0000232d   Thumb Code   268  event_groups.o(privileged_functions)
    xEventGroupWaitBits                      0x00002457   Thumb Code   338  event_groups.o(privileged_functions)
    xEventGroupClearBits                     0x000025a9   Thumb Code    92  event_groups.o(privileged_functions)
    vEventGroupClearBitsCallback             0x00002605   Thumb Code    16  event_groups.o(privileged_functions)
    xEventGroupClearBitsFromISR              0x00002615   Thumb Code    26  event_groups.o(privileged_functions)
    xEventGroupGetBitsFromISR                0x0000262f   Thumb Code    44  event_groups.o(privileged_functions)
    vEventGroupDelete                        0x0000265b   Thumb Code    82  event_groups.o(privileged_functions)
    vEventGroupSetBitsCallback               0x000026ad   Thumb Code    16  event_groups.o(privileged_functions)
    xEventGroupSetBitsFromISR                0x000026bd   Thumb Code    32  event_groups.o(privileged_functions)
    uxEventGroupGetNumber                    0x000026dd   Thumb Code    14  event_groups.o(privileged_functions)
    vEventGroupSetNumber                     0x000026eb   Thumb Code     4  event_groups.o(privileged_functions)
    vListInitialise                          0x000026f5   Thumb Code    26  list.o(privileged_functions)
    vListInitialiseItem                      0x0000270f   Thumb Code     6  list.o(privileged_functions)
    vListInsertEnd                           0x00002715   Thumb Code    24  list.o(privileged_functions)
    vListInsert                              0x0000272d   Thumb Code    52  list.o(privileged_functions)
    uxListRemove                             0x00002761   Thumb Code    40  list.o(privileged_functions)
    xQueueGenericReset                       0x00002789   Thumb Code   146  queue.o(privileged_functions)
    xQueueGenericCreate                      0x00002849   Thumb Code   162  queue.o(privileged_functions)
    xQueueGenericSend                        0x00002ac3   Thumb Code   472  queue.o(privileged_functions)
    xQueueCreateMutex                        0x00002cb9   Thumb Code    34  queue.o(privileged_functions)
    xQueueGetMutexHolder                     0x00002cdb   Thumb Code    28  queue.o(privileged_functions)
    xQueueGetMutexHolderFromISR              0x00002cf7   Thumb Code    38  queue.o(privileged_functions)
    xQueueGiveMutexRecursive                 0x00002d1d   Thumb Code    72  queue.o(privileged_functions)
    xQueueSemaphoreTake                      0x00002d93   Thumb Code   434  queue.o(privileged_functions)
    xQueueTakeMutexRecursive                 0x00002f45   Thumb Code    78  queue.o(privileged_functions)
    xQueueCreateCountingSemaphore            0x00002f93   Thumb Code    96  queue.o(privileged_functions)
    xQueueGenericSendFromISR                 0x00002ff3   Thumb Code   310  queue.o(privileged_functions)
    xQueueGiveFromISR                        0x00003129   Thumb Code   280  queue.o(privileged_functions)
    xQueueReceive                            0x0000326b   Thumb Code   356  queue.o(privileged_functions)
    xQueuePeek                               0x000033cf   Thumb Code   362  queue.o(privileged_functions)
    xQueueReceiveFromISR                     0x00003539   Thumb Code   238  queue.o(privileged_functions)
    xQueuePeekFromISR                        0x00003627   Thumb Code   176  queue.o(privileged_functions)
    uxQueueMessagesWaiting                   0x000036d7   Thumb Code    48  queue.o(privileged_functions)
    uxQueueSpacesAvailable                   0x00003707   Thumb Code    48  queue.o(privileged_functions)
    uxQueueMessagesWaitingFromISR            0x00003737   Thumb Code    34  queue.o(privileged_functions)
    vQueueUnregisterQueue                    0x00003759   Thumb Code    44  queue.o(privileged_functions)
    vQueueDelete                             0x00003785   Thumb Code    44  queue.o(privileged_functions)
    uxQueueGetQueueNumber                    0x000037b1   Thumb Code     6  queue.o(privileged_functions)
    vQueueSetQueueNumber                     0x000037b7   Thumb Code     4  queue.o(privileged_functions)
    ucQueueGetQueueType                      0x000037bb   Thumb Code     8  queue.o(privileged_functions)
    xQueueIsQueueEmptyFromISR                0x000037c3   Thumb Code    42  queue.o(privileged_functions)
    xQueueIsQueueFullFromISR                 0x000037ed   Thumb Code    46  queue.o(privileged_functions)
    vQueueAddToRegistry                      0x0000381b   Thumb Code    38  queue.o(privileged_functions)
    pcQueueGetName                           0x00003841   Thumb Code    38  queue.o(privileged_functions)
    vQueueWaitForMessageRestricted           0x00003867   Thumb Code    74  queue.o(privileged_functions)
    xQueueCreateSet                          0x000038b1   Thumb Code    20  queue.o(privileged_functions)
    xQueueAddToSet                           0x000038c5   Thumb Code    38  queue.o(privileged_functions)
    xQueueRemoveFromSet                      0x000038eb   Thumb Code    48  queue.o(privileged_functions)
    xQueueSelectFromSet                      0x0000391b   Thumb Code    24  queue.o(privileged_functions)
    xQueueSelectFromSetFromISR               0x00003933   Thumb Code    22  queue.o(privileged_functions)
    xTimerGenericCommand                     0x0000399d   Thumb Code   128  timers.o(privileged_functions)
    xTimerCreateTimerTask                    0x00003db5   Thumb Code    64  timers.o(privileged_functions)
    xTimerCreate                             0x00003e4f   Thumb Code    54  timers.o(privileged_functions)
    xTimerGetTimerDaemonTaskHandle           0x00003e85   Thumb Code    42  timers.o(privileged_functions)
    xTimerGetPeriod                          0x00003eaf   Thumb Code    32  timers.o(privileged_functions)
    vTimerSetReloadMode                      0x00003ecf   Thumb Code    70  timers.o(privileged_functions)
    uxTimerGetReloadMode                     0x00003f15   Thumb Code    58  timers.o(privileged_functions)
    xTimerGetExpiryTime                      0x00003f4f   Thumb Code    34  timers.o(privileged_functions)
    pcTimerGetName                           0x00003f71   Thumb Code    32  timers.o(privileged_functions)
    xTimerIsTimerActive                      0x00003f91   Thumb Code    58  timers.o(privileged_functions)
    pvTimerGetTimerID                        0x00003fcb   Thumb Code    44  timers.o(privileged_functions)
    vTimerSetTimerID                         0x00003ff7   Thumb Code    44  timers.o(privileged_functions)
    xTimerPendFunctionCallFromISR            0x00004023   Thumb Code    48  timers.o(privileged_functions)
    xTimerPendFunctionCall                   0x00004053   Thumb Code    76  timers.o(privileged_functions)
    uxTimerGetTimerNumber                    0x0000409f   Thumb Code     6  timers.o(privileged_functions)
    vTimerSetTimerNumber                     0x000040a5   Thumb Code     4  timers.o(privileged_functions)
    pvPortMalloc                             0x0000418f   Thumb Code   338  heap_4.o(privileged_functions)
    vPortFree                                0x000042e1   Thumb Code   150  heap_4.o(privileged_functions)
    xPortGetFreeHeapSize                     0x00004377   Thumb Code     6  heap_4.o(privileged_functions)
    xPortGetMinimumEverFreeHeapSize          0x0000437d   Thumb Code     6  heap_4.o(privileged_functions)
    vPortInitialiseBlocks                    0x00004383   Thumb Code     2  heap_4.o(privileged_functions)
    SVC_Handler                              0x000043a5   Thumb Code    18  port.o(privileged_functions)
    __asm___6_port_c_39a90d8d__prvRestoreContextOfFirstTask 0x000043b7   Thumb Code    82  port.o(privileged_functions)
    __asm___6_port_c_39a90d8d__prvStartFirstTask 0x00004419   Thumb Code    36  port.o(privileged_functions)
    PendSV_Handler                           0x00004441   Thumb Code   132  port.o(privileged_functions)
    pxPortInitialiseStack                    0x000044d1   Thumb Code    52  port.o(privileged_functions)
    prvSVCHandler                            0x00004505   Thumb Code    88  port.o(privileged_functions)
    vSetupTimerInterrupt                     0x0000455d   Thumb Code    36  port.o(privileged_functions)
    xPortStartScheduler                      0x0000468d   Thumb Code   180  port.o(privileged_functions)
    vPortEndScheduler                        0x00004741   Thumb Code    42  port.o(privileged_functions)
    SysTick_Handler                          0x0000476b   Thumb Code    52  port.o(privileged_functions)
    vPortStoreTaskMPUSettings                0x0000479f   Thumb Code   254  port.o(privileged_functions)
    xStreamBufferGenericCreate               0x00004947   Thumb Code   172  stream_buffer.o(privileged_functions)
    vStreamBufferDelete                      0x000049f3   Thumb Code    56  stream_buffer.o(privileged_functions)
    xStreamBufferReset                       0x00004a2b   Thumb Code    74  stream_buffer.o(privileged_functions)
    xStreamBufferSetTriggerLevel             0x00004a75   Thumb Code    50  stream_buffer.o(privileged_functions)
    xStreamBufferSpacesAvailable             0x00004aa7   Thumb Code    54  stream_buffer.o(privileged_functions)
    xStreamBufferBytesAvailable              0x00004af5   Thumb Code    42  stream_buffer.o(privileged_functions)
    xStreamBufferSend                        0x00004c35   Thumb Code   348  stream_buffer.o(privileged_functions)
    xStreamBufferSendFromISR                 0x00004d91   Thumb Code   186  stream_buffer.o(privileged_functions)
    xStreamBufferReceive                     0x00004f5d   Thumb Code   260  stream_buffer.o(privileged_functions)
    xStreamBufferNextMessageLengthBytes      0x00005061   Thumb Code   120  stream_buffer.o(privileged_functions)
    xStreamBufferReceiveFromISR              0x000050d9   Thumb Code   186  stream_buffer.o(privileged_functions)
    xStreamBufferIsEmpty                     0x00005193   Thumb Code    46  stream_buffer.o(privileged_functions)
    xStreamBufferIsFull                      0x000051c1   Thumb Code    64  stream_buffer.o(privileged_functions)
    xStreamBufferSendCompletedFromISR        0x00005201   Thumb Code   104  stream_buffer.o(privileged_functions)
    xStreamBufferReceiveCompletedFromISR     0x00005269   Thumb Code   104  stream_buffer.o(privileged_functions)
    uxStreamBufferGetStreamBufferNumber      0x000052d1   Thumb Code     6  stream_buffer.o(privileged_functions)
    vStreamBufferSetStreamBufferNumber       0x000052d7   Thumb Code     4  stream_buffer.o(privileged_functions)
    ucStreamBufferGetStreamBufferType        0x000052db   Thumb Code    10  stream_buffer.o(privileged_functions)
    Region$$Table$$Base                      0x000052e4   Number         0  anon$$obj.o(Region$$Table)
    Region$$Table$$Limit                     0x00005314   Number         0  anon$$obj.o(Region$$Table)
    _printf_percent                          0x00008001   Thumb Code     0  _printf_percent.o(.ARM.Collect$$_printf_percent$$00000000)
    _printf_u                                0x00008001   Thumb Code     0  _printf_u.o(.ARM.Collect$$_printf_percent$$0000000A)
    _printf_percent_end                      0x00008007   Thumb Code     0  _printf_percent_end.o(.ARM.Collect$$_printf_percent$$00000017)
    __rt_lib_init                            0x0000800b   Thumb Code     0  libinit.o(.ARM.Collect$$libinit$$00000000)
    __rt_lib_init_fp_1                       0x0000800d   Thumb Code     0  libinit2.o(.ARM.Collect$$libinit$$00000001)
    __rt_lib_init_heap_2                     0x00008011   Thumb Code     0  libinit2.o(.ARM.Collect$$libinit$$00000005)
    __rt_lib_init_preinit_1                  0x00008011   Thumb Code     0  libinit2.o(.ARM.Collect$$libinit$$00000004)
    __rt_lib_init_atexit_1                   0x00008019   Thumb Code     0  libinit2.o(.ARM.Collect$$libinit$$0000001B)
    __rt_lib_init_clock_1                    0x00008019   Thumb Code     0  libinit2.o(.ARM.Collect$$libinit$$00000021)
    __rt_lib_init_fp_trap_1                  0x00008019   Thumb Code     0  libinit2.o(.ARM.Collect$$libinit$$0000001F)
    __rt_lib_init_getenv_1                   0x00008019   Thumb Code     0  libinit2.o(.ARM.Collect$$libinit$$00000023)
    __rt_lib_init_heap_1                     0x00008019   Thumb Code     0  libinit2.o(.ARM.Collect$$libinit$$0000000A)
    __rt_lib_init_lc_collate_1               0x00008019   Thumb Code     0  libinit2.o(.ARM.Collect$$libinit$$00000011)
    __rt_lib_init_lc_ctype_1                 0x00008019   Thumb Code     0  libinit2.o(.ARM.Collect$$libinit$$00000013)
    __rt_lib_init_lc_monetary_1              0x00008019   Thumb Code     0  libinit2.o(.ARM.Collect$$libinit$$00000015)
    __rt_lib_init_lc_numeric_1               0x00008019   Thumb Code     0  libinit2.o(.ARM.Collect$$libinit$$00000017)
    __rt_lib_init_lc_time_1                  0x00008019   Thumb Code     0  libinit2.o(.ARM.Collect$$libinit$$00000019)
    __rt_lib_init_rand_1                     0x00008019   Thumb Code     0  libinit2.o(.ARM.Collect$$libinit$$0000000E)
    __rt_lib_init_signal_1                   0x00008019   Thumb Code     0  libinit2.o(.ARM.Collect$$libinit$$0000001D)
    __rt_lib_init_stdio_2                    0x00008019   Thumb Code     0  libinit2.o(.ARM.Collect$$libinit$$00000024)
    __rt_lib_init_user_alloc_1               0x00008019   Thumb Code     0  libinit2.o(.ARM.Collect$$libinit$$0000000C)
    __rt_lib_init_alloca_1                   0x0000801d   Thumb Code     0  libinit2.o(.ARM.Collect$$libinit$$0000002E)
    __rt_lib_init_argv_1                     0x0000801d   Thumb Code     0  libinit2.o(.ARM.Collect$$libinit$$0000002C)
    __rt_lib_init_cpp_1                      0x0000801d   Thumb Code     0  libinit2.o(.ARM.Collect$$libinit$$00000032)
    __rt_lib_init_exceptions_1               0x0000801d   Thumb Code     0  libinit2.o(.ARM.Collect$$libinit$$00000030)
    __rt_lib_init_return                     0x0000801d   Thumb Code     0  libinit2.o(.ARM.Collect$$libinit$$00000033)
    __rt_lib_init_stdio_1                    0x0000801d   Thumb Code     0  libinit2.o(.ARM.Collect$$libinit$$00000025)
    __rt_lib_shutdown                        0x0000801f   Thumb Code     0  libshutdown.o(.ARM.Collect$$libshutdown$$00000000)
    __rt_lib_shutdown_cpp_1                  0x00008021   Thumb Code     0  libshutdown2.o(.ARM.Collect$$libshutdown$$00000002)
    __rt_lib_shutdown_stdio_2                0x00008021   Thumb Code     0  libshutdown2.o(.ARM.Collect$$libshutdown$$00000003)
    __rt_lib_shutdown_fp_trap_1              0x00008025   Thumb Code     0  libshutdown2.o(.ARM.Collect$$libshutdown$$00000007)
    __rt_lib_shutdown_heap_1                 0x00008025   Thumb Code     0  libshutdown2.o(.ARM.Collect$$libshutdown$$0000000F)
    __rt_lib_shutdown_return                 0x00008025   Thumb Code     0  libshutdown2.o(.ARM.Collect$$libshutdown$$00000010)
    __rt_lib_shutdown_signal_1               0x00008025   Thumb Code     0  libshutdown2.o(.ARM.Collect$$libshutdown$$0000000A)
    __rt_lib_shutdown_stdio_1                0x00008025   Thumb Code     0  libshutdown2.o(.ARM.Collect$$libshutdown$$00000004)
    __rt_lib_shutdown_user_alloc_1           0x00008025   Thumb Code     0  libshutdown2.o(.ARM.Collect$$libshutdown$$0000000C)
    __rt_entry                               0x00008027   Thumb Code     0  __rtentry.o(.ARM.Collect$$rtentry$$00000000)
    __rt_entry_presh_1                       0x00008027   Thumb Code     0  __rtentry2.o(.ARM.Collect$$rtentry$$00000002)
    __rt_entry_sh                            0x00008027   Thumb Code     0  __rtentry4.o(.ARM.Collect$$rtentry$$00000004)
    __rt_entry_li                            0x0000802d   Thumb Code     0  __rtentry2.o(.ARM.Collect$$rtentry$$0000000A)
    __rt_entry_postsh_1                      0x0000802d   Thumb Code     0  __rtentry2.o(.ARM.Collect$$rtentry$$00000009)
    __rt_entry_main                          0x00008031   Thumb Code     0  __rtentry2.o(.ARM.Collect$$rtentry$$0000000D)
    __rt_entry_postli_1                      0x00008031   Thumb Code     0  __rtentry2.o(.ARM.Collect$$rtentry$$0000000C)
    __rt_exit                                0x00008039   Thumb Code     0  rtexit.o(.ARM.Collect$$rtexit$$00000000)
    __rt_exit_ls                             0x0000803b   Thumb Code     0  rtexit2.o(.ARM.Collect$$rtexit$$00000003)
    __rt_exit_prels_1                        0x0000803b   Thumb Code     0  rtexit2.o(.ARM.Collect$$rtexit$$00000002)
    __rt_exit_exit                           0x0000803f   Thumb Code     0  rtexit2.o(.ARM.Collect$$rtexit$$00000004)
    vPortSwitchToUserMode                    0x00008045   Thumb Code    14  port.o(.emb_text)
    __asm___6_port_c_39a90d8d__vPortEnableVFP 0x00008053   Thumb Code    18  port.o(.emb_text)
    xIsPrivileged                            0x00008069   Thumb Code    16  port.o(.emb_text)
    vResetPrivilege                          0x00008079   Thumb Code    14  port.o(.emb_text)
    __asm___6_port_c_39a90d8d__prvPortGetIPSR 0x00008087   Thumb Code     6  port.o(.emb_text)
    Reset_Handler                            0x0000808d   Thumb Code     8  startup_cmsdk_cm4.o(.text)
    _maybe_terminate_alloc                   0x0000808d   Thumb Code     0  maybetermalloc1.o(.emb_text)
    NMI_Handler                              0x00008095   Thumb Code     2  startup_cmsdk_cm4.o(.text)
    HardFault_Handler                        0x00008097   Thumb Code     2  startup_cmsdk_cm4.o(.text)
    MemManage_Handler                        0x00008099   Thumb Code     2  startup_cmsdk_cm4.o(.text)
    BusFault_Handler                         0x0000809b   Thumb Code     2  startup_cmsdk_cm4.o(.text)
    UsageFault_Handler                       0x0000809d   Thumb Code     2  startup_cmsdk_cm4.o(.text)
    DebugMon_Handler                         0x000080a1   Thumb Code     2  startup_cmsdk_cm4.o(.text)
    DUALTIMER_Handler                        0x000080a7   Thumb Code     0  startup_cmsdk_cm4.o(.text)
    ETHERNET_Handler                         0x000080a7   Thumb Code     0  startup_cmsdk_cm4.o(.text)
    GPIO0ALL_Handler                         0x000080a7   Thumb Code     0  startup_cmsdk_cm4.o(.text)
    GPIO0_0_Handler                          0x000080a7   Thumb Code     0  startup_cmsdk_cm4.o(.text)
    GPIO0_1_Handler                          0x000080a7   Thumb Code     0  startup_cmsdk_cm4.o(.text)
    GPIO0_2_Handler                          0x000080a7   Thumb Code     0  startup_cmsdk_cm4.o(.text)
    GPIO0_3_Handler                          0x000080a7   Thumb Code     0  startup_cmsdk_cm4.o(.text)
    GPIO0_4_Handler                          0x000080a7   Thumb Code     0  startup_cmsdk_cm4.o(.text)
    GPIO0_5_Handler                          0x000080a7   Thumb Code     0  startup_cmsdk_cm4.o(.text)
    GPIO0_6_Handler                          0x000080a7   Thumb Code     0  startup_cmsdk_cm4.o(.text)
    GPIO0_7_Handler                          0x000080a7   Thumb Code     0  startup_cmsdk_cm4.o(.text)
    GPIO1ALL_Handler                         0x000080a7   Thumb Code     0  startup_cmsdk_cm4.o(.text)
    GPIO2_Handler                            0x000080a7   Thumb Code     0  startup_cmsdk_cm4.o(.text)
    GPIO3_Handler                            0x000080a7   Thumb Code     0  startup_cmsdk_cm4.o(.text)
    I2S_Handler                              0x000080a7   Thumb Code     0  startup_cmsdk_cm4.o(.text)
    SPI_0_1_Handler                          0x000080a7   Thumb Code     0  startup_cmsdk_cm4.o(.text)
    SPI_2_Handler                            0x000080a7   Thumb Code     0  startup_cmsdk_cm4.o(.text)
    SPI_3_4_Handler                          0x000080a7   Thumb Code     0  startup_cmsdk_cm4.o(.text)
    TIMER0_Handler                           0x000080a7   Thumb Code     0  startup_cmsdk_cm4.o(.text)
    TIMER1_Handler                           0x000080a7   Thumb Code     0  startup_cmsdk_cm4.o(.text)
    TOUCHSCREEN_Handler                      0x000080a7   Thumb Code     0  startup_cmsdk_cm4.o(.text)
    UART1RX_Handler                          0x000080a7   Thumb Code     0  startup_cmsdk_cm4.o(.text)
    UART1TX_Handler                          0x000080a7   Thumb Code     0  startup_cmsdk_cm4.o(.text)
    UART2RX_Handler                          0x000080a7   Thumb Code     0  startup_cmsdk_cm4.o(.text)
    UART2TX_Handler                          0x000080a7   Thumb Code     0  startup_cmsdk_cm4.o(.text)
    UART3RX_Handler                          0x000080a7   Thumb Code     0  startup_cmsdk_cm4.o(.text)
    UART3TX_Handler                          0x000080a7   Thumb Code     0  startup_cmsdk_cm4.o(.text)
    UART4RX_Handler                          0x000080a7   Thumb Code     0  startup_cmsdk_cm4.o(.text)
    UART4TX_Handler                          0x000080a7   Thumb Code     0  startup_cmsdk_cm4.o(.text)
    UART_0_1_2_OVF_Handler                   0x000080a7   Thumb Code     0  startup_cmsdk_cm4.o(.text)
    __user_initial_stackheap                 0x000080a9   Thumb Code    10  startup_cmsdk_cm4.o(.text)
    __2printf                                0x000080cd   Thumb Code    20  noretval__2printf.o(.text)
    __printf                                 0x000080e5   Thumb Code   104  __printf.o(.text)
    _printf_int_dec                          0x0000814d   Thumb Code   104  _printf_dec.o(.text)
    strlen                                   0x000081c5   Thumb Code    62  strlen.o(.text)
    __aeabi_memcpy                           0x00008203   Thumb Code     0  rt_memcpy_v6.o(.text)
    __rt_memcpy                              0x00008203   Thumb Code   138  rt_memcpy_v6.o(.text)
    _memcpy_lastbytes                        0x00008269   Thumb Code     0  rt_memcpy_v6.o(.text)
    __aeabi_memcpy4                          0x0000828d   Thumb Code     0  rt_memcpy_w.o(.text)
    __aeabi_memcpy8                          0x0000828d   Thumb Code     0  rt_memcpy_w.o(.text)
    __rt_memcpy_w                            0x0000828d   Thumb Code   100  rt_memcpy_w.o(.text)
    _memcpy_lastbytes_aligned                0x000082d5   Thumb Code     0  rt_memcpy_w.o(.text)
    memset                                   0x000082f1   Thumb Code    22  memset.o(.text)
    __aeabi_memset                           0x00008307   Thumb Code    16  aeabi_memset.o(.text)
    __aeabi_memclr4                          0x00008317   Thumb Code     0  rt_memclr_w.o(.text)
    __aeabi_memclr8                          0x00008317   Thumb Code     0  rt_memclr_w.o(.text)
    __rt_memclr_w                            0x00008317   Thumb Code    78  rt_memclr_w.o(.text)
    _memset_w                                0x0000831b   Thumb Code     0  rt_memclr_w.o(.text)
    strcmp                                   0x00008365   Thumb Code   128  strcmpv7m.o(.text)
    __use_two_region_memory                  0x000083e5   Thumb Code     2  heapauxi.o(.text)
    __rt_heap_escrow                         0x000083e7   Thumb Code     2  heapauxi.o(.text)
    __rt_heap_expand                         0x000083e9   Thumb Code     2  heapauxi.o(.text)
    _printf_int_common                       0x000083eb   Thumb Code   178  _printf_intcommon.o(.text)
    _printf_char_file                        0x0000849d   Thumb Code    32  _printf_char_file.o(.text)
    __aeabi_memclr                           0x000084c1   Thumb Code     0  rt_memclr.o(.text)
    __rt_memclr                              0x000084c1   Thumb Code    68  rt_memclr.o(.text)
    _memset                                  0x000084c5   Thumb Code     0  rt_memclr.o(.text)
    _printf_char_common                      0x0000850f   Thumb Code    32  _printf_char_common.o(.text)
    ferror                                   0x00008535   Thumb Code     8  ferror.o(.text)
    _initio                                  0x0000853d   Thumb Code   210  initio.o(.text)
    _terminateio                             0x0000860f   Thumb Code    56  initio.o(.text)
    __user_setup_stackheap                   0x00008675   Thumb Code    74  sys_stackheap_outer.o(.text)
    free                                     0x000086bf   Thumb Code    78  h1_free.o(.text)
    __flsbuf                                 0x0000870d   Thumb Code   470  flsbuf.o(.text)
    __flsbuf_byte                            0x0000870d   Thumb Code     0  flsbuf.o(.text)
    __flsbuf_wide                            0x0000870d   Thumb Code     0  flsbuf.o(.text)
    setvbuf                                  0x000088e3   Thumb Code    70  setvbuf.o(.text)
    freopen                                  0x00008929   Thumb Code   158  fopen.o(.text)
    fopen                                    0x000089c7   Thumb Code    74  fopen.o(.text)
    _fclose_internal                         0x00008a15   Thumb Code    76  fclose.o(.text)
    fclose                                   0x00008a15   Thumb Code     0  fclose.o(.text)
    exit                                     0x00008a61   Thumb Code    18  exit.o(.text)
    __rt_SIGRTRED                            0x00008a73   Thumb Code    14  defsig_rtred_outer.o(.text)
    __user_libspace                          0x00008a81   Thumb Code     8  libspace.o(.text)
    __user_perproc_libspace                  0x00008a81   Thumb Code     0  libspace.o(.text)
    __user_perthread_libspace                0x00008a81   Thumb Code     0  libspace.o(.text)
    __rt_heap_descriptor                     0x00008a89   Thumb Code     8  rt_heap_descriptor_intlibspace.o(.text)
    __use_no_heap                            0x00008a91   Thumb Code     2  hguard.o(.text)
    __heap$guard                             0x00008a93   Thumb Code     2  hguard.o(.text)
    _terminate_user_alloc                    0x00008a95   Thumb Code     2  init_alloc.o(.text)
    _init_user_alloc                         0x00008a97   Thumb Code     2  init_alloc.o(.text)
    __Heap_Full                              0x00008a99   Thumb Code    34  init_alloc.o(.text)
    __Heap_Broken                            0x00008abb   Thumb Code     6  init_alloc.o(.text)
    _init_alloc                              0x00008ac1   Thumb Code    94  init_alloc.o(.text)
    malloc                                   0x00008b1f   Thumb Code    94  h1_alloc.o(.text)
    _fseek                                   0x00008b7d   Thumb Code   242  fseek.o(.text)
    fseek                                    0x00008b7d   Thumb Code     0  fseek.o(.text)
    _seterr                                  0x00008c75   Thumb Code    20  stdio.o(.text)
    _writebuf                                0x00008c89   Thumb Code    84  stdio.o(.text)
    _fflush                                  0x00008cdd   Thumb Code    70  stdio.o(.text)
    _deferredlazyseek                        0x00008d23   Thumb Code    60  stdio.o(.text)
    __sig_exit                               0x00008d65   Thumb Code    10  defsig_exit.o(.text)
    __rt_SIGRTRED_inner                      0x00008d71   Thumb Code    14  defsig_rtred_inner.o(.text)
    _sys_exit                                0x00008da5   Thumb Code     8  sys_exit.o(.text)
    __Heap_Initialize                        0x00008db1   Thumb Code    10  h1_init.o(.text)
    __Heap_DescSize                          0x00008dbb   Thumb Code     4  h1_init.o(.text)
    __Heap_ProvideMemory                     0x00008dbf   Thumb Code    52  h1_extend.o(.text)
    _ftell_internal                          0x00008df3   Thumb Code    66  ftell.o(.text)
    ftell                                    0x00008df3   Thumb Code     0  ftell.o(.text)
    __default_signal_display                 0x00008e35   Thumb Code    50  defsig_general.o(.text)
    __rt_SIGRTMEM                            0x00008e67   Thumb Code    14  defsig_rtmem_outer.o(.text)
    _ttywrch                                 0x00008e75   Thumb Code    14  sys_wrch.o(.text)
    __I$use$semihosting                      0x00008e83   Thumb Code     0  use_no_semi.o(.text)
    __use_no_semihosting_swi                 0x00008e83   Thumb Code     2  use_no_semi.o(.text)
    __aeabi_errno_addr                       0x00008e85   Thumb Code     8  rt_errno_addr_intlibspace.o(.text)
    __errno$intlibspace                      0x00008e85   Thumb Code     0  rt_errno_addr_intlibspace.o(.text)
    __rt_errno_addr$intlibspace              0x00008e85   Thumb Code     0  rt_errno_addr_intlibspace.o(.text)
    __semihosting_library_function           0x00008e85   Thumb Code     0  indicate_semi.o(.text)
    __rt_SIGRTMEM_inner                      0x00008e8d   Thumb Code    22  defsig_rtmem_inner.o(.text)
    xPortRaisePrivilege                      0x00008edd   Thumb Code    16  mpu_wrappers.o(freertos_system_calls)
    MPU_xTaskCreate                          0x00008eed   Thumb Code    52  mpu_wrappers.o(freertos_system_calls)
    MPU_vTaskDelete                          0x00008f21   Thumb Code    24  mpu_wrappers.o(freertos_system_calls)
    MPU_xTaskDelayUntil                      0x00008f39   Thumb Code    36  mpu_wrappers.o(freertos_system_calls)
    MPU_xTaskAbortDelay                      0x00008f5d   Thumb Code    28  mpu_wrappers.o(freertos_system_calls)
    MPU_vTaskDelay                           0x00008f79   Thumb Code    24  mpu_wrappers.o(freertos_system_calls)
    MPU_uxTaskPriorityGet                    0x00008f91   Thumb Code    28  mpu_wrappers.o(freertos_system_calls)
    MPU_vTaskPrioritySet                     0x00008fad   Thumb Code    28  mpu_wrappers.o(freertos_system_calls)
    MPU_eTaskGetState                        0x00008fc9   Thumb Code    28  mpu_wrappers.o(freertos_system_calls)
    MPU_vTaskGetInfo                         0x00008fe5   Thumb Code    40  mpu_wrappers.o(freertos_system_calls)
    MPU_xTaskGetIdleTaskHandle               0x0000900d   Thumb Code    24  mpu_wrappers.o(freertos_system_calls)
    MPU_vTaskSuspend                         0x00009025   Thumb Code    24  mpu_wrappers.o(freertos_system_calls)
    MPU_vTaskResume                          0x0000903d   Thumb Code    24  mpu_wrappers.o(freertos_system_calls)
    MPU_vTaskSuspendAll                      0x00009055   Thumb Code    20  mpu_wrappers.o(freertos_system_calls)
    MPU_xTaskResumeAll                       0x00009069   Thumb Code    24  mpu_wrappers.o(freertos_system_calls)
    MPU_xTaskGetTickCount                    0x00009081   Thumb Code    24  mpu_wrappers.o(freertos_system_calls)
    MPU_uxTaskGetNumberOfTasks               0x00009099   Thumb Code    24  mpu_wrappers.o(freertos_system_calls)
    MPU_pcTaskGetName                        0x000090b1   Thumb Code    28  mpu_wrappers.o(freertos_system_calls)
    MPU_xTaskGetHandle                       0x000090cd   Thumb Code    28  mpu_wrappers.o(freertos_system_calls)
    MPU_ulTaskGetIdleRunTimeCounter          0x000090e9   Thumb Code    24  mpu_wrappers.o(freertos_system_calls)
    MPU_vTaskSetApplicationTaskTag           0x00009101   Thumb Code    28  mpu_wrappers.o(freertos_system_calls)
    MPU_xTaskGetApplicationTaskTag           0x0000911d   Thumb Code    28  mpu_wrappers.o(freertos_system_calls)
    MPU_vTaskSetThreadLocalStoragePointer    0x00009139   Thumb Code    36  mpu_wrappers.o(freertos_system_calls)
    MPU_pvTaskGetThreadLocalStoragePointer   0x0000915d   Thumb Code    36  mpu_wrappers.o(freertos_system_calls)
    MPU_xTaskCallApplicationTaskHook         0x00009181   Thumb Code    36  mpu_wrappers.o(freertos_system_calls)
    MPU_uxTaskGetSystemState                 0x000091a5   Thumb Code    40  mpu_wrappers.o(freertos_system_calls)
    MPU_xTaskCatchUpTicks                    0x000091cd   Thumb Code    28  mpu_wrappers.o(freertos_system_calls)
    MPU_uxTaskGetStackHighWaterMark          0x000091e9   Thumb Code    28  mpu_wrappers.o(freertos_system_calls)
    MPU_uxTaskGetStackHighWaterMark2         0x00009205   Thumb Code    28  mpu_wrappers.o(freertos_system_calls)
    MPU_xTaskGetCurrentTaskHandle            0x00009221   Thumb Code    24  mpu_wrappers.o(freertos_system_calls)
    MPU_xTaskGetSchedulerState               0x00009239   Thumb Code    24  mpu_wrappers.o(freertos_system_calls)
    MPU_vTaskSetTimeOutState                 0x00009251   Thumb Code    24  mpu_wrappers.o(freertos_system_calls)
    MPU_xTaskCheckForTimeOut                 0x00009269   Thumb Code    36  mpu_wrappers.o(freertos_system_calls)
    MPU_xTaskGenericNotify                   0x0000928d   Thumb Code    52  mpu_wrappers.o(freertos_system_calls)
    MPU_xTaskGenericNotifyWait               0x000092c1   Thumb Code    52  mpu_wrappers.o(freertos_system_calls)
    MPU_ulTaskGenericNotifyTake              0x000092f5   Thumb Code    40  mpu_wrappers.o(freertos_system_calls)
    MPU_xTaskGenericNotifyStateClear         0x0000931d   Thumb Code    36  mpu_wrappers.o(freertos_system_calls)
    MPU_ulTaskGenericNotifyValueClear        0x00009341   Thumb Code    40  mpu_wrappers.o(freertos_system_calls)
    MPU_xQueueGenericCreate                  0x00009369   Thumb Code    40  mpu_wrappers.o(freertos_system_calls)
    MPU_xQueueGenericReset                   0x00009391   Thumb Code    36  mpu_wrappers.o(freertos_system_calls)
    MPU_xQueueGenericSend                    0x000093b5   Thumb Code    44  mpu_wrappers.o(freertos_system_calls)
    MPU_uxQueueMessagesWaiting               0x000093e1   Thumb Code    28  mpu_wrappers.o(freertos_system_calls)
    MPU_uxQueueSpacesAvailable               0x000093fd   Thumb Code    28  mpu_wrappers.o(freertos_system_calls)
    MPU_xQueueReceive                        0x00009419   Thumb Code    40  mpu_wrappers.o(freertos_system_calls)
    MPU_xQueuePeek                           0x00009441   Thumb Code    40  mpu_wrappers.o(freertos_system_calls)
    MPU_xQueueSemaphoreTake                  0x00009469   Thumb Code    36  mpu_wrappers.o(freertos_system_calls)
    MPU_xQueueGetMutexHolder                 0x0000948d   Thumb Code    28  mpu_wrappers.o(freertos_system_calls)
    MPU_xQueueCreateMutex                    0x000094a9   Thumb Code    28  mpu_wrappers.o(freertos_system_calls)
    MPU_xQueueCreateCountingSemaphore        0x000094c5   Thumb Code    36  mpu_wrappers.o(freertos_system_calls)
    MPU_xQueueTakeMutexRecursive             0x000094e9   Thumb Code    36  mpu_wrappers.o(freertos_system_calls)
    MPU_xQueueGiveMutexRecursive             0x0000950d   Thumb Code    28  mpu_wrappers.o(freertos_system_calls)
    MPU_xQueueCreateSet                      0x00009529   Thumb Code    28  mpu_wrappers.o(freertos_system_calls)
    MPU_xQueueSelectFromSet                  0x00009545   Thumb Code    36  mpu_wrappers.o(freertos_system_calls)
    MPU_xQueueAddToSet                       0x00009569   Thumb Code    36  mpu_wrappers.o(freertos_system_calls)
    MPU_xQueueRemoveFromSet                  0x0000958d   Thumb Code    36  mpu_wrappers.o(freertos_system_calls)
    MPU_vQueueAddToRegistry                  0x000095b1   Thumb Code    28  mpu_wrappers.o(freertos_system_calls)
    MPU_vQueueUnregisterQueue                0x000095cd   Thumb Code    24  mpu_wrappers.o(freertos_system_calls)
    MPU_pcQueueGetName                       0x000095e5   Thumb Code    28  mpu_wrappers.o(freertos_system_calls)
    MPU_vQueueDelete                         0x00009601   Thumb Code    24  mpu_wrappers.o(freertos_system_calls)
    MPU_xTimerCreate                         0x00009619   Thumb Code    52  mpu_wrappers.o(freertos_system_calls)
    MPU_pvTimerGetTimerID                    0x0000964d   Thumb Code    28  mpu_wrappers.o(freertos_system_calls)
    MPU_vTimerSetTimerID                     0x00009669   Thumb Code    28  mpu_wrappers.o(freertos_system_calls)
    MPU_xTimerIsTimerActive                  0x00009685   Thumb Code    28  mpu_wrappers.o(freertos_system_calls)
    MPU_xTimerGetTimerDaemonTaskHandle       0x000096a1   Thumb Code    24  mpu_wrappers.o(freertos_system_calls)
    MPU_xTimerPendFunctionCall               0x000096b9   Thumb Code    44  mpu_wrappers.o(freertos_system_calls)
    MPU_vTimerSetReloadMode                  0x000096e5   Thumb Code    28  mpu_wrappers.o(freertos_system_calls)
    MPU_uxTimerGetReloadMode                 0x00009701   Thumb Code    28  mpu_wrappers.o(freertos_system_calls)
    MPU_pcTimerGetName                       0x0000971d   Thumb Code    28  mpu_wrappers.o(freertos_system_calls)
    MPU_xTimerGetPeriod                      0x00009739   Thumb Code    28  mpu_wrappers.o(freertos_system_calls)
    MPU_xTimerGetExpiryTime                  0x00009755   Thumb Code    28  mpu_wrappers.o(freertos_system_calls)
    MPU_xTimerGenericCommand                 0x00009771   Thumb Code    52  mpu_wrappers.o(freertos_system_calls)
    MPU_xEventGroupCreate                    0x000097a5   Thumb Code    24  mpu_wrappers.o(freertos_system_calls)
    MPU_xEventGroupWaitBits                  0x000097bd   Thumb Code    52  mpu_wrappers.o(freertos_system_calls)
    MPU_xEventGroupClearBits                 0x000097f1   Thumb Code    36  mpu_wrappers.o(freertos_system_calls)
    MPU_xEventGroupSetBits                   0x00009815   Thumb Code    36  mpu_wrappers.o(freertos_system_calls)
    MPU_xEventGroupSync                      0x00009839   Thumb Code    44  mpu_wrappers.o(freertos_system_calls)
    MPU_vEventGroupDelete                    0x00009865   Thumb Code    24  mpu_wrappers.o(freertos_system_calls)
    MPU_xStreamBufferSend                    0x0000987d   Thumb Code    44  mpu_wrappers.o(freertos_system_calls)
    MPU_xStreamBufferNextMessageLengthBytes  0x000098a9   Thumb Code    28  mpu_wrappers.o(freertos_system_calls)
    MPU_xStreamBufferReceive                 0x000098c5   Thumb Code    44  mpu_wrappers.o(freertos_system_calls)
    MPU_vStreamBufferDelete                  0x000098f1   Thumb Code    24  mpu_wrappers.o(freertos_system_calls)
    MPU_xStreamBufferIsFull                  0x00009909   Thumb Code    28  mpu_wrappers.o(freertos_system_calls)
    MPU_xStreamBufferIsEmpty                 0x00009925   Thumb Code    28  mpu_wrappers.o(freertos_system_calls)
    MPU_xStreamBufferReset                   0x00009941   Thumb Code    28  mpu_wrappers.o(freertos_system_calls)
    MPU_xStreamBufferSpacesAvailable         0x0000995d   Thumb Code    28  mpu_wrappers.o(freertos_system_calls)
    MPU_xStreamBufferBytesAvailable          0x00009979   Thumb Code    28  mpu_wrappers.o(freertos_system_calls)
    MPU_xStreamBufferSetTriggerLevel         0x00009995   Thumb Code    36  mpu_wrappers.o(freertos_system_calls)
    MPU_xStreamBufferGenericCreate           0x000099b9   Thumb Code    40  mpu_wrappers.o(freertos_system_calls)
    StartFreeRTOS                            0x000099e1   Thumb Code    46  task3a.o(i.StartFreeRTOS)
    SystemInit                               0x00009a19   Thumb Code    20  system_cmsdk_cm4.o(i.SystemInit)
    UART0RX_Handler                          0x00009a39   Thumb Code    10  usart_v2m-mps2.o(i.UART0RX_Handler)
    UART0TX_Handler                          0x00009a49   Thumb Code    10  usart_v2m-mps2.o(i.UART0TX_Handler)
    _sys_close                               0x0000a0bf   Thumb Code    38  retarget_io.o(i._sys_close)
    _sys_flen                                0x0000a0e5   Thumb Code    36  retarget_io.o(i._sys_flen)
    _sys_istty                               0x0000a109   Thumb Code    36  retarget_io.o(i._sys_istty)
    _sys_open                                0x0000a12d   Thumb Code    80  retarget_io.o(i._sys_open)
    _sys_seek                                0x0000a195   Thumb Code    44  retarget_io.o(i._sys_seek)
    _sys_write                               0x0000a1c1   Thumb Code    70  retarget_io.o(i._sys_write)
    fputc                                    0x0000a207   Thumb Code    26  fputc.o(i.fputc)
    main                                     0x0000a221   Thumb Code    20  task3.o(i.main)
    prvSetupHardware                         0x0000a239   Thumb Code    18  task3a.o(i.prvSetupHardware)
    stdin_init                               0x0000a251   Thumb Code    84  stdin_usart.o(i.stdin_init)
    stdout_init                              0x0000a2a9   Thumb Code    84  stdout_usart.o(i.stdout_init)
    stdout_putchar                           0x0000a301   Thumb Code    42  stdout_usart.o(i.stdout_putchar)
    vPortEnterCritical                       0x0000a331   Thumb Code    44  port.o(i.vPortEnterCritical)
    vPortExitCritical                        0x0000a361   Thumb Code    70  port.o(i.vPortExitCritical)
    vPortResetPrivilege                      0x0000a3ad   Thumb Code    12  mpu_wrappers.o(i.vPortResetPrivilege)
    vPortValidateInterruptPriority           0x0000a3b9   Thumb Code   106  port.o(i.vPortValidateInterruptPriority)
    vTask3                                   0x0000a431   Thumb Code    18  task3.o(i.vTask3)
    _fp_init                                 0x0000a459   Thumb Code    10  fpinit.o(x$fpl$fpinit)
    __fplib_config_fpu_vfp                   0x0000a461   Thumb Code     0  fpinit.o(x$fpl$fpinit)
    __fplib_config_pureend_doubles           0x0000a461   Thumb Code     0  fpinit.o(x$fpl$fpinit)
    Driver_USART0                            0x0000a484   Data          56  usart_v2m-mps2.o(.constdata)
    __stdin_name                             0x0000a4bc   Data           7  retarget_io.o(.constdata)
    __stdout_name                            0x0000a4c3   Data           8  retarget_io.o(.constdata)
    __stderr_name                            0x0000a4cb   Data           8  retarget_io.o(.constdata)
    pxCurrentTCB                             0x20000000   Data           4  tasks.o(privileged_data)
    xQueueRegistry                           0x2000010c   Data          40  queue.o(privileged_data)
    SystemCoreClock                          0x20005018   Data           4  system_cmsdk_cm4.o(.data)
    __FLASH_segment_start__                  0x2000501c   Data           4  task3a.o(.data)
    __FLASH_segment_end__                    0x20005020   Data           4  task3a.o(.data)
    __SRAM_segment_start__                   0x20005024   Data           4  task3a.o(.data)
    __SRAM_segment_end__                     0x20005028   Data           4  task3a.o(.data)
    __privileged_functions_start__           0x2000502c   Data           4  task3a.o(.data)
    __privileged_functions_end__             0x20005030   Data           4  task3a.o(.data)
    __privileged_data_start__                0x20005034   Data           4  task3a.o(.data)
    __privileged_data_end__                  0x20005038   Data           4  task3a.o(.data)
    val                                      0x2000503c   Data           4  tasks.o(.data)
    val_a                                    0x20005040   Data           4  tasks.o(.data)
    uxTopUsedPriority                        0x20005044   Data           4  tasks.o(.data)
    __aeabi_stdin                            0x20005054   Data           4  stdio_streams.o(.data)
    __aeabi_stdout                           0x20005058   Data           4  stdio_streams.o(.data)
    __aeabi_stderr                           0x2000505c   Data           4  stdio_streams.o(.data)
    __stdin                                  0x20005400   Data          84  stdio_streams.o(.bss)
    __stdout                                 0x20005454   Data          84  stdio_streams.o(.bss)
    __stderr                                 0x200054a8   Data          84  stdio_streams.o(.bss)
    __libspace_start                         0x200054fc   Data          96  libspace.o(.bss)
    __temporary_stack_top$libspace           0x2000555c   Data           0  libspace.o(.bss)



==============================================================================

Memory Map of the image

  Image Entry point : 0x000000c1

  Load Region LR_IROM1 (Base: 0x00000000, Size: 0x0000e708, Max: 0xffffffff, ABSOLUTE, COMPRESSED[0x0000a5fc])

    Execution Region ER_IROM1 (Exec base: 0x00000000, Load base: 0x00000000, Size: 0x00005314, Max: 0x00006000, ABSOLUTE)

    Exec Addr    Load Addr    Size         Type   Attr      Idx    E Section Name        Object

    0x00000000   0x00000000   0x000000c0   Data   RO          332    RESET               startup_cmsdk_cm4.o
    0x000000c0   0x000000c0   0x00000008   Code   RO          810  * !!!main             c_w.l(__main.o)
    0x000000c8   0x000000c8   0x00000034   Code   RO         1152    !!!scatter          c_w.l(__scatter.o)
    0x000000fc   0x000000fc   0x0000005a   Code   RO         1150    !!dczerorl2         c_w.l(__dczerorl2.o)
    0x00000156   0x00000156   0x00000002   PAD
    0x00000158   0x00000158   0x0000001a   Code   RO         1154    !!handler_copy      c_w.l(__scatter_copy.o)
    0x00000172   0x00000172   0x00000002   PAD
    0x00000174   0x00000174   0x0000001c   Code   RO         1156    !!handler_zi        c_w.l(__scatter_zi.o)
    0x00000190   0x00000190   0x000020b4   Code   RO          481    privileged_functions  task3a.lib(tasks.o)
    0x00002244   0x00002244   0x000004b0   Code   RO          586    privileged_functions  task3a.lib(event_groups.o)
    0x000026f4   0x000026f4   0x00000094   Code   RO          608    privileged_functions  task3a.lib(list.o)
    0x00002788   0x00002788   0x000011c4   Code   RO          627    privileged_functions  task3a.lib(queue.o)
    0x0000394c   0x0000394c   0x00000780   Code   RO          645    privileged_functions  task3a.lib(timers.o)
    0x000040cc   0x000040cc   0x000002d8   Code   RO          676    privileged_functions  task3a.lib(heap_4.o)
    0x000043a4   0x000043a4   0x0000012c   Code   RO          695    privileged_functions  task3a.lib(port.o)
    0x000044d0   0x000044d0   0x00000420   Code   RO          700    privileged_functions  task3a.lib(port.o)
    0x000048f0   0x000048f0   0x000009f4   Code   RO          740    privileged_functions  task3a.lib(stream_buffer.o)
    0x000052e4   0x000052e4   0x00000030   Data   RO         1148    Region$$Table       anon$$obj.o


    Execution Region ER_IROM2 (Exec base: 0x00008000, Load base: 0x00008000, Size: 0x00002518, Max: 0xffffffff, ABSOLUTE, FIXED)

    Exec Addr    Load Addr    Size         Type   Attr      Idx    E Section Name        Object

    0x00008000   0x00008000   0x00000000   Code   RO          793    .ARM.Collect$$_printf_percent$$00000000  c_w.l(_printf_percent.o)
    0x00008000   0x00008000   0x00000006   Code   RO          792    .ARM.Collect$$_printf_percent$$0000000A  c_w.l(_printf_u.o)
    0x00008006   0x00008006   0x00000004   Code   RO          817    .ARM.Collect$$_printf_percent$$00000017  c_w.l(_printf_percent_end.o)
    0x0000800a   0x0000800a   0x00000002   Code   RO          943    .ARM.Collect$$libinit$$00000000  c_w.l(libinit.o)
    0x0000800c   0x0000800c   0x00000004   Code   RO          944    .ARM.Collect$$libinit$$00000001  c_w.l(libinit2.o)
    0x00008010   0x00008010   0x00000000   Code   RO          947    .ARM.Collect$$libinit$$00000004  c_w.l(libinit2.o)
    0x00008010   0x00008010   0x00000008   Code   RO          948    .ARM.Collect$$libinit$$00000005  c_w.l(libinit2.o)
    0x00008018   0x00008018   0x00000000   Code   RO          950    .ARM.Collect$$libinit$$0000000A  c_w.l(libinit2.o)
    0x00008018   0x00008018   0x00000000   Code   RO          952    .ARM.Collect$$libinit$$0000000C  c_w.l(libinit2.o)
    0x00008018   0x00008018   0x00000000   Code   RO          954    .ARM.Collect$$libinit$$0000000E  c_w.l(libinit2.o)
    0x00008018   0x00008018   0x00000000   Code   RO          957    .ARM.Collect$$libinit$$00000011  c_w.l(libinit2.o)
    0x00008018   0x00008018   0x00000000   Code   RO          959    .ARM.Collect$$libinit$$00000013  c_w.l(libinit2.o)
    0x00008018   0x00008018   0x00000000   Code   RO          961    .ARM.Collect$$libinit$$00000015  c_w.l(libinit2.o)
    0x00008018   0x00008018   0x00000000   Code   RO          963    .ARM.Collect$$libinit$$00000017  c_w.l(libinit2.o)
    0x00008018   0x00008018   0x00000000   Code   RO          965    .ARM.Collect$$libinit$$00000019  c_w.l(libinit2.o)
    0x00008018   0x00008018   0x00000000   Code   RO          967    .ARM.Collect$$libinit$$0000001B  c_w.l(libinit2.o)
    0x00008018   0x00008018   0x00000000   Code   RO          969    .ARM.Collect$$libinit$$0000001D  c_w.l(libinit2.o)
    0x00008018   0x00008018   0x00000000   Code   RO          971    .ARM.Collect$$libinit$$0000001F  c_w.l(libinit2.o)
    0x00008018   0x00008018   0x00000000   Code   RO          973    .ARM.Collect$$libinit$$00000021  c_w.l(libinit2.o)
    0x00008018   0x00008018   0x00000000   Code   RO          975    .ARM.Collect$$libinit$$00000023  c_w.l(libinit2.o)
    0x00008018   0x00008018   0x00000004   Code   RO          976    .ARM.Collect$$libinit$$00000024  c_w.l(libinit2.o)
    0x0000801c   0x0000801c   0x00000000   Code   RO          977    .ARM.Collect$$libinit$$00000025  c_w.l(libinit2.o)
    0x0000801c   0x0000801c   0x00000000   Code   RO          981    .ARM.Collect$$libinit$$0000002C  c_w.l(libinit2.o)
    0x0000801c   0x0000801c   0x00000000   Code   RO          983    .ARM.Collect$$libinit$$0000002E  c_w.l(libinit2.o)
    0x0000801c   0x0000801c   0x00000000   Code   RO          985    .ARM.Collect$$libinit$$00000030  c_w.l(libinit2.o)
    0x0000801c   0x0000801c   0x00000000   Code   RO          987    .ARM.Collect$$libinit$$00000032  c_w.l(libinit2.o)
    0x0000801c   0x0000801c   0x00000002   Code   RO          988    .ARM.Collect$$libinit$$00000033  c_w.l(libinit2.o)
    0x0000801e   0x0000801e   0x00000002   Code   RO         1129    .ARM.Collect$$libshutdown$$00000000  c_w.l(libshutdown.o)
    0x00008020   0x00008020   0x00000000   Code   RO          990    .ARM.Collect$$libshutdown$$00000002  c_w.l(libshutdown2.o)
    0x00008020   0x00008020   0x00000004   Code   RO          991    .ARM.Collect$$libshutdown$$00000003  c_w.l(libshutdown2.o)
    0x00008024   0x00008024   0x00000000   Code   RO          992    .ARM.Collect$$libshutdown$$00000004  c_w.l(libshutdown2.o)
    0x00008024   0x00008024   0x00000000   Code   RO          995    .ARM.Collect$$libshutdown$$00000007  c_w.l(libshutdown2.o)
    0x00008024   0x00008024   0x00000000   Code   RO          998    .ARM.Collect$$libshutdown$$0000000A  c_w.l(libshutdown2.o)
    0x00008024   0x00008024   0x00000000   Code   RO         1000    .ARM.Collect$$libshutdown$$0000000C  c_w.l(libshutdown2.o)
    0x00008024   0x00008024   0x00000000   Code   RO         1003    .ARM.Collect$$libshutdown$$0000000F  c_w.l(libshutdown2.o)
    0x00008024   0x00008024   0x00000002   Code   RO         1004    .ARM.Collect$$libshutdown$$00000010  c_w.l(libshutdown2.o)
    0x00008026   0x00008026   0x00000000   Code   RO          812    .ARM.Collect$$rtentry$$00000000  c_w.l(__rtentry.o)
    0x00008026   0x00008026   0x00000000   Code   RO          827    .ARM.Collect$$rtentry$$00000002  c_w.l(__rtentry2.o)
    0x00008026   0x00008026   0x00000006   Code   RO          839    .ARM.Collect$$rtentry$$00000004  c_w.l(__rtentry4.o)
    0x0000802c   0x0000802c   0x00000000   Code   RO          829    .ARM.Collect$$rtentry$$00000009  c_w.l(__rtentry2.o)
    0x0000802c   0x0000802c   0x00000004   Code   RO          830    .ARM.Collect$$rtentry$$0000000A  c_w.l(__rtentry2.o)
    0x00008030   0x00008030   0x00000000   Code   RO          832    .ARM.Collect$$rtentry$$0000000C  c_w.l(__rtentry2.o)
    0x00008030   0x00008030   0x00000008   Code   RO          833    .ARM.Collect$$rtentry$$0000000D  c_w.l(__rtentry2.o)
    0x00008038   0x00008038   0x00000002   Code   RO         1010    .ARM.Collect$$rtexit$$00000000  c_w.l(rtexit.o)
    0x0000803a   0x0000803a   0x00000000   Code   RO         1064    .ARM.Collect$$rtexit$$00000002  c_w.l(rtexit2.o)
    0x0000803a   0x0000803a   0x00000004   Code   RO         1065    .ARM.Collect$$rtexit$$00000003  c_w.l(rtexit2.o)
    0x0000803e   0x0000803e   0x00000006   Code   RO         1066    .ARM.Collect$$rtexit$$00000004  c_w.l(rtexit2.o)
    0x00008044   0x00008044   0x00000048   Code   RO          696    .emb_text           task3a.lib(port.o)
    0x0000808c   0x0000808c   0x00000000   Code   RO         1070    .emb_text           c_w.l(maybetermalloc1.o)
    0x0000808c   0x0000808c   0x00000040   Code   RO          333    .text               startup_cmsdk_cm4.o
    0x000080cc   0x000080cc   0x00000018   Code   RO          766    .text               c_w.l(noretval__2printf.o)
    0x000080e4   0x000080e4   0x00000068   Code   RO          768    .text               c_w.l(__printf.o)
    0x0000814c   0x0000814c   0x00000078   Code   RO          770    .text               c_w.l(_printf_dec.o)
    0x000081c4   0x000081c4   0x0000003e   Code   RO          794    .text               c_w.l(strlen.o)
    0x00008202   0x00008202   0x0000008a   Code   RO          796    .text               c_w.l(rt_memcpy_v6.o)
    0x0000828c   0x0000828c   0x00000064   Code   RO          798    .text               c_w.l(rt_memcpy_w.o)
    0x000082f0   0x000082f0   0x00000016   Code   RO          800    .text               c_w.l(memset.o)
    0x00008306   0x00008306   0x00000010   Code   RO          802    .text               c_w.l(aeabi_memset.o)
    0x00008316   0x00008316   0x0000004e   Code   RO          804    .text               c_w.l(rt_memclr_w.o)
    0x00008364   0x00008364   0x00000080   Code   RO          806    .text               c_w.l(strcmpv7m.o)
    0x000083e4   0x000083e4   0x00000006   Code   RO          808    .text               c_w.l(heapauxi.o)
    0x000083ea   0x000083ea   0x000000b2   Code   RO          813    .text               c_w.l(_printf_intcommon.o)
    0x0000849c   0x0000849c   0x00000024   Code   RO          815    .text               c_w.l(_printf_char_file.o)
    0x000084c0   0x000084c0   0x00000044   Code   RO          824    .text               c_w.l(rt_memclr.o)
    0x00008504   0x00008504   0x00000030   Code   RO          841    .text               c_w.l(_printf_char_common.o)
    0x00008534   0x00008534   0x00000008   Code   RO          843    .text               c_w.l(ferror.o)
    0x0000853c   0x0000853c   0x00000138   Code   RO          849    .text               c_w.l(initio.o)
    0x00008674   0x00008674   0x0000004a   Code   RO          859    .text               c_w.l(sys_stackheap_outer.o)
    0x000086be   0x000086be   0x0000004e   Code   RO          863    .text               c_w.l(h1_free.o)
    0x0000870c   0x0000870c   0x000001d6   Code   RO          919    .text               c_w.l(flsbuf.o)
    0x000088e2   0x000088e2   0x00000046   Code   RO          921    .text               c_w.l(setvbuf.o)
    0x00008928   0x00008928   0x000000ec   Code   RO          924    .text               c_w.l(fopen.o)
    0x00008a14   0x00008a14   0x0000004c   Code   RO          926    .text               c_w.l(fclose.o)
    0x00008a60   0x00008a60   0x00000012   Code   RO          932    .text               c_w.l(exit.o)
    0x00008a72   0x00008a72   0x0000000e   Code   RO          934    .text               c_w.l(defsig_rtred_outer.o)
    0x00008a80   0x00008a80   0x00000008   Code   RO         1007    .text               c_w.l(libspace.o)
    0x00008a88   0x00008a88   0x00000008   Code   RO         1017    .text               c_w.l(rt_heap_descriptor_intlibspace.o)
    0x00008a90   0x00008a90   0x00000004   Code   RO         1019    .text               c_w.l(hguard.o)
    0x00008a94   0x00008a94   0x0000008a   Code   RO         1021    .text               c_w.l(init_alloc.o)
    0x00008b1e   0x00008b1e   0x0000005e   Code   RO         1027    .text               c_w.l(h1_alloc.o)
    0x00008b7c   0x00008b7c   0x000000f8   Code   RO         1043    .text               c_w.l(fseek.o)
    0x00008c74   0x00008c74   0x000000f0   Code   RO         1045    .text               c_w.l(stdio.o)
    0x00008d64   0x00008d64   0x0000000a   Code   RO         1051    .text               c_w.l(defsig_exit.o)
    0x00008d6e   0x00008d6e   0x00000002   PAD
    0x00008d70   0x00008d70   0x00000034   Code   RO         1053    .text               c_w.l(defsig_rtred_inner.o)
    0x00008da4   0x00008da4   0x0000000c   Code   RO         1061    .text               c_w.l(sys_exit.o)
    0x00008db0   0x00008db0   0x0000000e   Code   RO         1072    .text               c_w.l(h1_init.o)
    0x00008dbe   0x00008dbe   0x00000034   Code   RO         1074    .text               c_w.l(h1_extend.o)
    0x00008df2   0x00008df2   0x00000042   Code   RO         1084    .text               c_w.l(ftell.o)
    0x00008e34   0x00008e34   0x00000032   Code   RO         1092    .text               c_w.l(defsig_general.o)
    0x00008e66   0x00008e66   0x0000000e   Code   RO         1094    .text               c_w.l(defsig_rtmem_outer.o)
    0x00008e74   0x00008e74   0x0000000e   Code   RO         1107    .text               c_w.l(sys_wrch.o)
    0x00008e82   0x00008e82   0x00000002   Code   RO         1111    .text               c_w.l(use_no_semi.o)
    0x00008e84   0x00008e84   0x00000000   Code   RO         1113    .text               c_w.l(indicate_semi.o)
    0x00008e84   0x00008e84   0x00000008   Code   RO         1117    .text               c_w.l(rt_errno_addr_intlibspace.o)
    0x00008e8c   0x00008e8c   0x00000050   Code   RO         1123    .text               c_w.l(defsig_rtmem_inner.o)
    0x00008edc   0x00008edc   0x00000b04   Code   RO          531    freertos_system_calls  task3a.lib(mpu_wrappers.o)
    0x000099e0   0x000099e0   0x00000038   Code   RO          405    i.StartFreeRTOS     task3a.lib(task3a.o)
    0x00009a18   0x00009a18   0x00000020   Code   RO          341    i.SystemInit        system_cmsdk_cm4.o
    0x00009a38   0x00009a38   0x00000010   Code   RO           33    i.UART0RX_Handler   usart_v2m-mps2.o
    0x00009a48   0x00009a48   0x00000010   Code   RO           34    i.UART0TX_Handler   usart_v2m-mps2.o
    0x00009a58   0x00009a58   0x00000018   Code   RO           35    i.USART0_Control    usart_v2m-mps2.o
    0x00009a70   0x00009a70   0x00000010   Code   RO           36    i.USART0_GetCapabilities  usart_v2m-mps2.o
    0x00009a80   0x00009a80   0x00000010   Code   RO           37    i.USART0_GetModemStatus  usart_v2m-mps2.o
    0x00009a90   0x00009a90   0x00000010   Code   RO           38    i.USART0_GetRxCount  usart_v2m-mps2.o
    0x00009aa0   0x00009aa0   0x00000010   Code   RO           39    i.USART0_GetStatus  usart_v2m-mps2.o
    0x00009ab0   0x00009ab0   0x00000010   Code   RO           40    i.USART0_GetTxCount  usart_v2m-mps2.o
    0x00009ac0   0x00009ac0   0x00000014   Code   RO           41    i.USART0_Initialize  usart_v2m-mps2.o
    0x00009ad4   0x00009ad4   0x00000014   Code   RO           42    i.USART0_PowerControl  usart_v2m-mps2.o
    0x00009ae8   0x00009ae8   0x00000018   Code   RO           43    i.USART0_Receive    usart_v2m-mps2.o
    0x00009b00   0x00009b00   0x00000018   Code   RO           44    i.USART0_Send       usart_v2m-mps2.o
    0x00009b18   0x00009b18   0x00000014   Code   RO           45    i.USART0_SetModemControl  usart_v2m-mps2.o
    0x00009b2c   0x00009b2c   0x0000001c   Code   RO           46    i.USART0_Transfer   usart_v2m-mps2.o
    0x00009b48   0x00009b48   0x00000010   Code   RO           47    i.USART0_Uninitialize  usart_v2m-mps2.o
    0x00009b58   0x00009b58   0x0000005c   Code   RO           48    i.USARTRX_IRQHandler  usart_v2m-mps2.o
    0x00009bb4   0x00009bb4   0x0000005e   Code   RO           49    i.USARTTX_IRQHandler  usart_v2m-mps2.o
    0x00009c12   0x00009c12   0x00000002   PAD
    0x00009c14   0x00009c14   0x0000013c   Code   RO           50    i.USART_Control     usart_v2m-mps2.o
    0x00009d50   0x00009d50   0x00000006   Code   RO           51    i.USART_GetCapabilities  usart_v2m-mps2.o
    0x00009d56   0x00009d56   0x00000046   Code   RO           52    i.USART_GetModemStatus  usart_v2m-mps2.o
    0x00009d9c   0x00009d9c   0x00000008   Code   RO           53    i.USART_GetRxCount  usart_v2m-mps2.o
    0x00009da4   0x00009da4   0x0000008a   Code   RO           54    i.USART_GetStatus   usart_v2m-mps2.o
    0x00009e2e   0x00009e2e   0x00000008   Code   RO           55    i.USART_GetTxCount  usart_v2m-mps2.o
    0x00009e36   0x00009e36   0x00000056   Code   RO           56    i.USART_Initialize  usart_v2m-mps2.o
    0x00009e8c   0x00009e8c   0x000000a2   Code   RO           57    i.USART_PowerControl  usart_v2m-mps2.o
    0x00009f2e   0x00009f2e   0x0000005e   Code   RO           58    i.USART_Receive     usart_v2m-mps2.o
    0x00009f8c   0x00009f8c   0x00000066   Code   RO           59    i.USART_Send        usart_v2m-mps2.o
    0x00009ff2   0x00009ff2   0x00000008   Code   RO           60    i.USART_SetModemControl  usart_v2m-mps2.o
    0x00009ffa   0x00009ffa   0x0000000a   Code   RO           61    i.USART_Transfer    usart_v2m-mps2.o
    0x0000a004   0x0000a004   0x00000036   Code   RO           62    i.USART_Uninitialize  usart_v2m-mps2.o
    0x0000a03a   0x0000a03a   0x00000002   PAD
    0x0000a03c   0x0000a03c   0x00000010   Code   RO           63    i.USARTx_GetVersion  usart_v2m-mps2.o
    0x0000a04c   0x0000a04c   0x0000001c   Code   RO           64    i.__NVIC_ClearPendingIRQ  usart_v2m-mps2.o
    0x0000a068   0x0000a068   0x0000003c   Code   RO           65    i.__NVIC_DisableIRQ  usart_v2m-mps2.o
    0x0000a0a4   0x0000a0a4   0x0000001a   Code   RO           66    i.__NVIC_EnableIRQ  usart_v2m-mps2.o
    0x0000a0be   0x0000a0be   0x00000026   Code   RO          270    i._sys_close        retarget_io.o
    0x0000a0e4   0x0000a0e4   0x00000024   Code   RO          271    i._sys_flen         retarget_io.o
    0x0000a108   0x0000a108   0x00000024   Code   RO          272    i._sys_istty        retarget_io.o
    0x0000a12c   0x0000a12c   0x00000068   Code   RO          273    i._sys_open         retarget_io.o
    0x0000a194   0x0000a194   0x0000002c   Code   RO          275    i._sys_seek         retarget_io.o
    0x0000a1c0   0x0000a1c0   0x00000046   Code   RO          276    i._sys_write        retarget_io.o
    0x0000a206   0x0000a206   0x0000001a   Code   RO          846    i.fputc             c_w.l(fputc.o)
    0x0000a220   0x0000a220   0x00000018   Code   RO            1    i.main              task3.o
    0x0000a238   0x0000a238   0x00000018   Code   RO          406    i.prvSetupHardware  task3a.lib(task3a.o)
    0x0000a250   0x0000a250   0x00000058   Code   RO          568    i.stdin_init        task3a.lib(stdin_usart.o)
    0x0000a2a8   0x0000a2a8   0x00000058   Code   RO          377    i.stdout_init       task3a.lib(stdout_usart.o)
    0x0000a300   0x0000a300   0x00000030   Code   RO          378    i.stdout_putchar    task3a.lib(stdout_usart.o)
    0x0000a330   0x0000a330   0x00000030   Code   RO          697    i.vPortEnterCritical  task3a.lib(port.o)
    0x0000a360   0x0000a360   0x0000004c   Code   RO          698    i.vPortExitCritical  task3a.lib(port.o)
    0x0000a3ac   0x0000a3ac   0x0000000c   Code   RO          534    i.vPortResetPrivilege  task3a.lib(mpu_wrappers.o)
    0x0000a3b8   0x0000a3b8   0x00000078   Code   RO          699    i.vPortValidateInterruptPriority  task3a.lib(port.o)
    0x0000a430   0x0000a430   0x00000028   Code   RO            2    i.vTask3            task3.o
    0x0000a458   0x0000a458   0x0000000a   Code   RO         1059    x$fpl$fpinit        fz_wm.l(fpinit.o)
    0x0000a462   0x0000a462   0x00000002   PAD
    0x0000a464   0x0000a464   0x00000058   Data   RO           68    .constdata          usart_v2m-mps2.o
    0x0000a4bc   0x0000a4bc   0x00000017   Data   RO          277    .constdata          retarget_io.o
    0x0000a4d3   0x0000a4d3   0x00000001   PAD
    0x0000a4d4   0x0000a4d4   0x0000003c   Data   RO          408    .constdata          task3a.lib(task3a.o)
    0x0000a510   0x0000a510   0x00000006   Data   RO          409    .conststring        task3a.lib(task3a.o)


    Execution Region RW_IRAM1 (Exec base: 0x20000000, Load base: 0x0000a518, Size: 0x00004190, Max: 0xffffffff, ABSOLUTE, COMPRESSED[0x00000084])

    Exec Addr    Load Addr    Size         Type   Attr      Idx    E Section Name        Object

    0x20000000   COMPRESSED   0x0000010c   Data   RW          483    privileged_data     task3a.lib(tasks.o)
    0x2000010c   COMPRESSED   0x00000028   Data   RW          628    privileged_data     task3a.lib(queue.o)
    0x20000134   COMPRESSED   0x0000003c   Data   RW          646    privileged_data     task3a.lib(timers.o)
    0x20000170   COMPRESSED   0x00004020   Data   RW          677    privileged_data     task3a.lib(heap_4.o)


    Execution Region RW_IRAM2 (Exec base: 0x20005000, Load base: 0x0000a59c, Size: 0x00001560, Max: 0xffffffff, ABSOLUTE)

    Exec Addr    Load Addr    Size         Type   Attr      Idx    E Section Name        Object

    0x20005000   0x0000a59c   0x00000018   Data   RW           69    .data               usart_v2m-mps2.o
    0x20005018   0x0000a5b4   0x00000004   Data   RW          342    .data               system_cmsdk_cm4.o
    0x2000501c   0x0000a5b8   0x00000020   Data   RW          410    .data               task3a.lib(task3a.o)
    0x2000503c   0x0000a5d8   0x0000000c   Data   RW          482    .data               task3a.lib(tasks.o)
    0x20005048   0x0000a5e4   0x0000000c   Data   RW          701    .data               task3a.lib(port.o)
    0x20005054   0x0000a5f0   0x00000004   Data   RW          821    .data               c_w.l(stdio_streams.o)
    0x20005058   0x0000a5f4   0x00000004   Data   RW          822    .data               c_w.l(stdio_streams.o)
    0x2000505c   0x0000a5f8   0x00000004   Data   RW          823    .data               c_w.l(stdio_streams.o)
    0x20005060        -       0x00000018   Zero   RW           67    .bss                usart_v2m-mps2.o
    0x20005078   0x0000a5fc   0x00000188   PAD
    0x20005200        -       0x00000200   Zero   RW          407    .bss                task3a.lib(task3a.o)
    0x20005400        -       0x00000054   Zero   RW          818    .bss                c_w.l(stdio_streams.o)
    0x20005454        -       0x00000054   Zero   RW          819    .bss                c_w.l(stdio_streams.o)
    0x200054a8        -       0x00000054   Zero   RW          820    .bss                c_w.l(stdio_streams.o)
    0x200054fc        -       0x00000060   Zero   RW         1008    .bss                c_w.l(libspace.o)
    0x2000555c   0x0000a5fc   0x00000004   PAD
    0x20005560        -       0x00000c00   Zero   RW          331    HEAP                startup_cmsdk_cm4.o
    0x20006160        -       0x00000400   Zero   RW          330    STACK               startup_cmsdk_cm4.o


==============================================================================

Image component sizes


      Code (inc. data)   RO Data    RW Data    ZI Data      Debug   Object Name

       328         24         23          0          0       5362   retarget_io.o
        64         26        192          0       4096        904   startup_cmsdk_cm4.o
        32         12          0          4          0        731   system_cmsdk_cm4.o
        64         26          0          0          0       3076   task3.o
      1666        112         88         24         24      73051   usart_v2m-mps2.o

    ----------------------------------------------------------------------
      2158        200        352         28       4512      83124   Object Totals
         0          0         48          0          0          0   (incl. Generated)
         4          0          1          0        392          0   (incl. Padding)

    ----------------------------------------------------------------------

      Code (inc. data)   RO Data    RW Data    ZI Data      Debug   Library Member Name

        90          0          0          0          0          0   __dczerorl2.o
         8          0          0          0          0         68   __main.o
       104          0          0          0          0         84   __printf.o
         0          0          0          0          0          0   __rtentry.o
        12          0          0          0          0          0   __rtentry2.o
         6          0          0          0          0          0   __rtentry4.o
        52          8          0          0          0          0   __scatter.o
        26          0          0          0          0          0   __scatter_copy.o
        28          0          0          0          0          0   __scatter_zi.o
        48          6          0          0          0         96   _printf_char_common.o
        36          4          0          0          0         80   _printf_char_file.o
       120         16          0          0          0         92   _printf_dec.o
       178          0          0          0          0         88   _printf_intcommon.o
         0          0          0          0          0          0   _printf_percent.o
         4          0          0          0          0          0   _printf_percent_end.o
         6          0          0          0          0          0   _printf_u.o
        16          0          0          0          0         68   aeabi_memset.o
        10          0          0          0          0         68   defsig_exit.o
        50          0          0          0          0         88   defsig_general.o
        80         58          0          0          0         76   defsig_rtmem_inner.o
        14          0          0          0          0         80   defsig_rtmem_outer.o
        52         38          0          0          0         76   defsig_rtred_inner.o
        14          0          0          0          0         80   defsig_rtred_outer.o
        18          0          0          0          0         80   exit.o
        76          0          0          0          0         88   fclose.o
         8          0          0          0          0         68   ferror.o
       470          0          0          0          0         88   flsbuf.o
       236          4          0          0          0        128   fopen.o
        26          0          0          0          0         68   fputc.o
       248          6          0          0          0         84   fseek.o
        66          0          0          0          0         76   ftell.o
        94          0          0          0          0         80   h1_alloc.o
        52          0          0          0          0         68   h1_extend.o
        78          0          0          0          0         80   h1_free.o
        14          0          0          0          0         84   h1_init.o
         6          0          0          0          0        152   heapauxi.o
         4          0          0          0          0        136   hguard.o
         0          0          0          0          0          0   indicate_semi.o
       138          0          0          0          0        168   init_alloc.o
       312         46          0          0          0        112   initio.o
         2          0          0          0          0          0   libinit.o
        18          0          0          0          0          0   libinit2.o
         2          0          0          0          0          0   libshutdown.o
         6          0          0          0          0          0   libshutdown2.o
         8          4          0          0         96         68   libspace.o
         0          0          0          0          0          0   maybetermalloc1.o
        22          0          0          0          0         76   memset.o
        24          4          0          0          0         84   noretval__2printf.o
         8          4          0          0          0         68   rt_errno_addr_intlibspace.o
         8          4          0          0          0         68   rt_heap_descriptor_intlibspace.o
        68          0          0          0          0         68   rt_memclr.o
        78          0          0          0          0         80   rt_memclr_w.o
       138          0          0          0          0         68   rt_memcpy_v6.o
       100          0          0          0          0         80   rt_memcpy_w.o
         2          0          0          0          0          0   rtexit.o
        10          0          0          0          0          0   rtexit2.o
        70          0          0          0          0         80   setvbuf.o
       240          6          0          0          0        156   stdio.o
         0          0          0         12        252          0   stdio_streams.o
       128          0          0          0          0         68   strcmpv7m.o
        62          0          0          0          0         76   strlen.o
        12          4          0          0          0         68   sys_exit.o
        74          0          0          0          0         80   sys_stackheap_outer.o
        14          0          0          0          0         76   sys_wrch.o
         2          0          0          0          0         68   use_no_semi.o
        10          0          0          0          0        116   fpinit.o
      1200          6          0          0          0      14701   event_groups.o
       728         32          0      16416          0       4064   heap_4.o
       148          0          0          0          0       2130   list.o
      2832          0          0          0          0      35617   mpu_wrappers.o
      1672        144          0         12          0      10967   port.o
      4548         18          0         40          0      24643   queue.o
        88          4          0          0          0        641   stdin_usart.o
       136         10          0          0          0       1819   stdout_usart.o
      2548          0          0          0          0      16895   stream_buffer.o
        80         16         66         32        512      23845   task3a.o
      8372        442          0        280          0      50494   tasks.o
      1920         74          0         60          0      26944   timers.o

    ----------------------------------------------------------------------
     28186        958         68      16852        864     216812   Library Totals
         8          0          2          0          4          0   (incl. Padding)

    ----------------------------------------------------------------------

      Code (inc. data)   RO Data    RW Data    ZI Data      Debug   Library Name

      3896        212          0         12        348       3936   c_w.l
        10          0          0          0          0        116   fz_wm.l
     24272        746         66      16840        512     212760   task3a.lib

    ----------------------------------------------------------------------
     28186        958         68      16852        864     216812   Library Totals

    ----------------------------------------------------------------------

==============================================================================


      Code (inc. data)   RO Data    RW Data    ZI Data      Debug   

     30344       1158        420      16880       5376     290168   Grand Totals
     30344       1158        420        228       5376     290168   ELF Image Totals (compressed)
     30344       1158        420        228          0          0   ROM Totals

==============================================================================

    Total RO  Size (Code + RO Data)                30764 (  30.04kB)
    Total RW  Size (RW Data + ZI Data)             22256 (  21.73kB)
    Total ROM Size (Code + RO Data + RW Data)      30992 (  30.27kB)

==============================================================================

