Component: ARM Compiler 5.06 update 5 (build 528) Tool: armlink [4d35e2]

==============================================================================

Section Cross References

    task2.o(i.main) refers to task2a.o(.text) for prvSetupHardware
    task2.o(i.main) refers to tasks.o(privileged_functions) for xTaskCreate
    task2.o(i.main) refers to task2.o(i.vTaskStart) for vTaskStart
    task2.o(i.showMPU) refers to _printf_pad.o(.text) for _printf_pre_padding
    task2.o(i.showMPU) refers to _printf_percent.o(.ARM.Collect$$_printf_percent$$00000000) for _printf_percent
    task2.o(i.showMPU) refers to _printf_d.o(.ARM.Collect$$_printf_percent$$00000009) for _printf_d
    task2.o(i.showMPU) refers to _printf_x.o(.ARM.Collect$$_printf_percent$$0000000C) for _printf_x
    task2.o(i.showMPU) refers to _printf_dec.o(.text) for _printf_int_dec
    task2.o(i.showMPU) refers to _printf_hex_int.o(.text) for _printf_longlong_hex
    task2.o(i.showMPU) refers to noretval__2printf.o(.text) for __2printf
    task2.o(i.showMPU) refers to task2.o(.data) for MPU_REG_RNR
    task2.o(i.vTaskStart) refers to task2.o(i.showMPU) for showMPU
    task2.o(i.vTaskStart) refers to noretval__2printf.o(.text) for __2printf
    task2.o(i.vTaskStart) refers to task2a.o(.text) for AttackTest
    task2.o(i.vTaskStart) refers to task2.o(.data) for MPU_REG_RNR
    usart_v2m-mps2.o(i.UART0RX_Handler) refers to usart_v2m-mps2.o(i.USARTRX_IRQHandler) for USARTRX_IRQHandler
    usart_v2m-mps2.o(i.UART0RX_Handler) refers to usart_v2m-mps2.o(.constdata) for USART0_Resources
    usart_v2m-mps2.o(i.UART0TX_Handler) refers to usart_v2m-mps2.o(i.USARTTX_IRQHandler) for USARTTX_IRQHandler
    usart_v2m-mps2.o(i.UART0TX_Handler) refers to usart_v2m-mps2.o(.constdata) for USART0_Resources
    usart_v2m-mps2.o(i.USART0_Control) refers to usart_v2m-mps2.o(i.USART_Control) for USART_Control
    usart_v2m-mps2.o(i.USART0_Control) refers to usart_v2m-mps2.o(.constdata) for USART0_Resources
    usart_v2m-mps2.o(i.USART0_GetCapabilities) refers to usart_v2m-mps2.o(i.USART_GetCapabilities) for USART_GetCapabilities
    usart_v2m-mps2.o(i.USART0_GetCapabilities) refers to usart_v2m-mps2.o(.constdata) for USART0_Resources
    usart_v2m-mps2.o(i.USART0_GetModemStatus) refers to usart_v2m-mps2.o(i.USART_GetModemStatus) for USART_GetModemStatus
    usart_v2m-mps2.o(i.USART0_GetModemStatus) refers to usart_v2m-mps2.o(.constdata) for USART0_Resources
    usart_v2m-mps2.o(i.USART0_GetRxCount) refers to usart_v2m-mps2.o(i.USART_GetRxCount) for USART_GetRxCount
    usart_v2m-mps2.o(i.USART0_GetRxCount) refers to usart_v2m-mps2.o(.constdata) for USART0_Resources
    usart_v2m-mps2.o(i.USART0_GetStatus) refers to usart_v2m-mps2.o(i.USART_GetStatus) for USART_GetStatus
    usart_v2m-mps2.o(i.USART0_GetStatus) refers to usart_v2m-mps2.o(.constdata) for USART0_Resources
    usart_v2m-mps2.o(i.USART0_GetTxCount) refers to usart_v2m-mps2.o(i.USART_GetTxCount) for USART_GetTxCount
    usart_v2m-mps2.o(i.USART0_GetTxCount) refers to usart_v2m-mps2.o(.constdata) for USART0_Resources
    usart_v2m-mps2.o(i.USART0_Initialize) refers to usart_v2m-mps2.o(i.USART_Initialize) for USART_Initialize
    usart_v2m-mps2.o(i.USART0_Initialize) refers to usart_v2m-mps2.o(.constdata) for USART0_Resources
    usart_v2m-mps2.o(i.USART0_PowerControl) refers to usart_v2m-mps2.o(i.USART_PowerControl) for USART_PowerControl
    usart_v2m-mps2.o(i.USART0_PowerControl) refers to usart_v2m-mps2.o(.constdata) for USART0_Resources
    usart_v2m-mps2.o(i.USART0_Receive) refers to usart_v2m-mps2.o(i.USART_Receive) for USART_Receive
    usart_v2m-mps2.o(i.USART0_Receive) refers to usart_v2m-mps2.o(.constdata) for USART0_Resources
    usart_v2m-mps2.o(i.USART0_Send) refers to usart_v2m-mps2.o(i.USART_Send) for USART_Send
    usart_v2m-mps2.o(i.USART0_Send) refers to usart_v2m-mps2.o(.constdata) for USART0_Resources
    usart_v2m-mps2.o(i.USART0_SetModemControl) refers to usart_v2m-mps2.o(i.USART_SetModemControl) for USART_SetModemControl
    usart_v2m-mps2.o(i.USART0_SetModemControl) refers to usart_v2m-mps2.o(.constdata) for USART0_Resources
    usart_v2m-mps2.o(i.USART0_Transfer) refers to usart_v2m-mps2.o(i.USART_Transfer) for USART_Transfer
    usart_v2m-mps2.o(i.USART0_Transfer) refers to usart_v2m-mps2.o(.constdata) for USART0_Resources
    usart_v2m-mps2.o(i.USART0_Uninitialize) refers to usart_v2m-mps2.o(i.USART_Uninitialize) for USART_Uninitialize
    usart_v2m-mps2.o(i.USART0_Uninitialize) refers to usart_v2m-mps2.o(.constdata) for USART0_Resources
    usart_v2m-mps2.o(i.USART_Control) refers to system_cmsdk_cm4.o(.data) for SystemCoreClock
    usart_v2m-mps2.o(i.USART_Initialize) refers to rt_memclr_w.o(.text) for __aeabi_memclr4
    usart_v2m-mps2.o(i.USART_PowerControl) refers to usart_v2m-mps2.o(i.__NVIC_DisableIRQ) for __NVIC_DisableIRQ
[...]
    .text                                    0x0000880c   Section        0  heapauxi.o(.text)
    .text                                    0x00008812   Section        0  _printf_intcommon.o(.text)
    .text                                    0x000088c4   Section        0  _printf_char_file.o(.text)
    .text                                    0x000088e8   Section      100  rt_memcpy_w.o(.text)
    .text                                    0x0000894c   Section       68  rt_memclr.o(.text)
    .text                                    0x00008990   Section        0  _printf_char_common.o(.text)
    _printf_input_char                       0x00008991   Thumb Code    10  _printf_char_common.o(.text)
    .text                                    0x000089c0   Section        0  ferror.o(.text)
    .text                                    0x000089c8   Section        0  initio.o(.text)
    .text                                    0x00008b00   Section       74  sys_stackheap_outer.o(.text)
    .text                                    0x00008b4a   Section        0  h1_free.o(.text)
    .text                                    0x00008b98   Section        0  flsbuf.o(.text)
    .text                                    0x00008d6e   Section        0  setvbuf.o(.text)
    .text                                    0x00008db4   Section        0  fopen.o(.text)
    _freopen_locked                          0x00008db5   Thumb Code     0  fopen.o(.text)
    .text                                    0x00008ea0   Section        0  fclose.o(.text)
    .text                                    0x00008eec   Section        0  exit.o(.text)
    .text                                    0x00008efe   Section        0  defsig_rtred_outer.o(.text)
    .text                                    0x00008f0c   Section        8  libspace.o(.text)
    .text                                    0x00008f14   Section        8  rt_heap_descriptor_intlibspace.o(.text)
    .text                                    0x00008f1c   Section        0  hguard.o(.text)
    .text                                    0x00008f20   Section        0  init_alloc.o(.text)
    .text                                    0x00008faa   Section        0  h1_alloc.o(.text)
    .text                                    0x00009008   Section        0  fseek.o(.text)
    .text                                    0x00009100   Section        0  stdio.o(.text)
    .text                                    0x000091f0   Section        0  defsig_exit.o(.text)
    .text                                    0x000091fc   Section        0  defsig_rtred_inner.o(.text)
    .text                                    0x00009230   Section        0  sys_exit.o(.text)
    .text                                    0x0000923c   Section        0  h1_init.o(.text)
    .text                                    0x0000924a   Section        0  h1_extend.o(.text)
    .text                                    0x0000927e   Section        0  ftell.o(.text)
    .text                                    0x000092c0   Section        0  defsig_general.o(.text)
    .text                                    0x000092f2   Section        0  defsig_rtmem_outer.o(.text)
    .text                                    0x00009300   Section        0  sys_wrch.o(.text)
    .text                                    0x0000930e   Section        2  use_no_semi.o(.text)
    .text                                    0x00009310   Section        8  rt_errno_addr_intlibspace.o(.text)
    .text                                    0x00009310   Section        0  indicate_semi.o(.text)
    .text                                    0x00009318   Section        0  defsig_rtmem_inner.o(.text)
    i.SystemInit                             0x00009368   Section        0  system_cmsdk_cm4.o(i.SystemInit)
    i.UART0RX_Handler                        0x00009388   Section        0  usart_v2m-mps2.o(i.UART0RX_Handler)
    i.UART0TX_Handler                        0x00009398   Section        0  usart_v2m-mps2.o(i.UART0TX_Handler)
    i.USART0_Control                         0x000093a8   Section        0  usart_v2m-mps2.o(i.USART0_Control)
    USART0_Control                           0x000093a9   Thumb Code    18  usart_v2m-mps2.o(i.USART0_Control)
    i.USART0_GetCapabilities                 0x000093c0   Section        0  usart_v2m-mps2.o(i.USART0_GetCapabilities)
    USART0_GetCapabilities                   0x000093c1   Thumb Code    12  usart_v2m-mps2.o(i.USART0_GetCapabilities)
    i.USART0_GetModemStatus                  0x000093d0   Section        0  usart_v2m-mps2.o(i.USART0_GetModemStatus)
    USART0_GetModemStatus                    0x000093d1   Thumb Code    12  usart_v2m-mps2.o(i.USART0_GetModemStatus)
    i.USART0_GetRxCount                      0x000093e0   Section        0  usart_v2m-mps2.o(i.USART0_GetRxCount)
    USART0_GetRxCount                        0x000093e1   Thumb Code    10  usart_v2m-mps2.o(i.USART0_GetRxCount)
    i.USART0_GetStatus                       0x000093f0   Section        0  usart_v2m-mps2.o(i.USART0_GetStatus)
    USART0_GetStatus                         0x000093f1   Thumb Code    12  usart_v2m-mps2.o(i.USART0_GetStatus)
    i.USART0_GetTxCount                      0x00009400   Section        0  usart_v2m-mps2.o(i.USART0_GetTxCount)
    USART0_GetTxCount                        0x00009401   Thumb Code    10  usart_v2m-mps2.o(i.USART0_GetTxCount)
    i.USART0_Initialize                      0x00009410   Section        0  usart_v2m-mps2.o(i.USART0_Initialize)
    USART0_Initialize                        0x00009411   Thumb Code    14  usart_v2m-mps2.o(i.USART0_Initialize)
    i.USART0_PowerControl                    0x00009424   Section        0  usart_v2m-mps2.o(i.USART0_PowerControl)
    USART0_PowerControl                      0x00009425   Thumb Code    14  usart_v2m-mps2.o(i.USART0_PowerControl)
    i.USART0_Receive                         0x00009438   Section        0  usart_v2m-mps2.o(i.USART0_Receive)
    USART0_Receive                           0x00009439   Thumb Code    18  usart_v2m-mps2.o(i.USART0_Receive)
    i.USART0_Send                            0x00009450   Section        0  usart_v2m-mps2.o(i.USART0_Send)
    USART0_Send                              0x00009451   Thumb Code    18  usart_v2m-mps2.o(i.USART0_Send)
    i.USART0_SetModemControl                 0x00009468   Section        0  usart_v2m-mps2.o(i.USART0_SetModemControl)
    USART0_SetModemControl                   0x00009469   Thumb Code    14  usart_v2m-mps2.o(i.USART0_SetModemControl)
    i.USART0_Transfer                        0x0000947c   Section        0  usart_v2m-mps2.o(i.USART0_Transfer)
    USART0_Transfer                          0x0000947d   Thumb Code    22  usart_v2m-mps2.o(i.USART0_Transfer)
    i.USART0_Uninitialize                    0x00009498   Section        0  usart_v2m-mps2.o(i.USART0_Uninitialize)
    USART0_Uninitialize                      0x00009499   Thumb Code    10  usart_v2m-mps2.o(i.USART0_Uninitialize)
    i.USARTRX_IRQHandler                     0x000094a8   Section        0  usart_v2m-mps2.o(i.USARTRX_IRQHandler)
    USARTRX_IRQHandler                       0x000094a9   Thumb Code    92  usart_v2m-mps2.o(i.USARTRX_IRQHandler)
    i.USARTTX_IRQHandler                     0x00009504   Section        0  usart_v2m-mps2.o(i.USARTTX_IRQHandler)
    USARTTX_IRQHandler                       0x00009505   Thumb Code    94  usart_v2m-mps2.o(i.USARTTX_IRQHandler)
    i.USART_Control                          0x00009564   Section        0  usart_v2m-mps2.o(i.USART_Control)
    USART_Control                            0x00009565   Thumb Code   312  usart_v2m-mps2.o(i.USART_Control)
    i.USART_GetCapabilities                  0x000096a0   Section        0  usart_v2m-mps2.o(i.USART_GetCapabilities)
    USART_GetCapabilities                    0x000096a1   Thumb Code     6  usart_v2m-mps2.o(i.USART_GetCapabilities)
    i.USART_GetModemStatus                   0x000096a6   Section        0  usart_v2m-mps2.o(i.USART_GetModemStatus)
    USART_GetModemStatus                     0x000096a7   Thumb Code    70  usart_v2m-mps2.o(i.USART_GetModemStatus)
    i.USART_GetRxCount                       0x000096ec   Section        0  usart_v2m-mps2.o(i.USART_GetRxCount)
    USART_GetRxCount                         0x000096ed   Thumb Code     8  usart_v2m-mps2.o(i.USART_GetRxCount)
    i.USART_GetStatus                        0x000096f4   Section        0  usart_v2m-mps2.o(i.USART_GetStatus)
    USART_GetStatus                          0x000096f5   Thumb Code   138  usart_v2m-mps2.o(i.USART_GetStatus)
    i.USART_GetTxCount                       0x0000977e   Section        0  usart_v2m-mps2.o(i.USART_GetTxCount)
    USART_GetTxCount                         0x0000977f   Thumb Code     8  usart_v2m-mps2.o(i.USART_GetTxCount)
    i.USART_Initialize                       0x00009786   Section        0  usart_v2m-mps2.o(i.USART_Initialize)
    USART_Initialize                         0x00009787   Thumb Code    86  usart_v2m-mps2.o(i.USART_Initialize)
    i.USART_PowerControl                     0x000097dc   Section        0  usart_v2m-mps2.o(i.USART_PowerControl)
    USART_PowerControl                       0x000097dd   Thumb Code   162  usart_v2m-mps2.o(i.USART_PowerControl)
    i.USART_Receive                          0x0000987e   Section        0  usart_v2m-mps2.o(i.USART_Receive)
    USART_Receive                            0x0000987f   Thumb Code    94  usart_v2m-mps2.o(i.USART_Receive)
    i.USART_Send                             0x000098dc   Section        0  usart_v2m-mps2.o(i.USART_Send)
    USART_Send                               0x000098dd   Thumb Code   102  usart_v2m-mps2.o(i.USART_Send)
    i.USART_SetModemControl                  0x00009942   Section        0  usart_v2m-mps2.o(i.USART_SetModemControl)
    USART_SetModemControl                    0x00009943   Thumb Code     8  usart_v2m-mps2.o(i.USART_SetModemControl)
    i.USART_Transfer                         0x0000994a   Section        0  usart_v2m-mps2.o(i.USART_Transfer)
    USART_Transfer                           0x0000994b   Thumb Code    10  usart_v2m-mps2.o(i.USART_Transfer)
    i.USART_Uninitialize                     0x00009954   Section        0  usart_v2m-mps2.o(i.USART_Uninitialize)
    USART_Uninitialize                       0x00009955   Thumb Code    54  usart_v2m-mps2.o(i.USART_Uninitialize)
    i.USARTx_GetVersion                      0x0000998c   Section        0  usart_v2m-mps2.o(i.USARTx_GetVersion)
    USARTx_GetVersion                        0x0000998d   Thumb Code    10  usart_v2m-mps2.o(i.USARTx_GetVersion)
    i.__NVIC_ClearPendingIRQ                 0x0000999c   Section        0  usart_v2m-mps2.o(i.__NVIC_ClearPendingIRQ)
    __NVIC_ClearPendingIRQ                   0x0000999d   Thumb Code    22  usart_v2m-mps2.o(i.__NVIC_ClearPendingIRQ)
    i.__NVIC_DisableIRQ                      0x000099b8   Section        0  usart_v2m-mps2.o(i.__NVIC_DisableIRQ)
    __NVIC_DisableIRQ                        0x000099b9   Thumb Code    54  usart_v2m-mps2.o(i.__NVIC_DisableIRQ)
    i.__NVIC_EnableIRQ                       0x000099f4   Section        0  usart_v2m-mps2.o(i.__NVIC_EnableIRQ)
    __NVIC_EnableIRQ                         0x000099f5   Thumb Code    26  usart_v2m-mps2.o(i.__NVIC_EnableIRQ)
    i._is_digit                              0x00009a0e   Section        0  __printf_wp.o(i._is_digit)
    i._sys_close                             0x00009a1c   Section        0  retarget_io.o(i._sys_close)
    i._sys_flen                              0x00009a42   Section        0  retarget_io.o(i._sys_flen)
    i._sys_istty                             0x00009a66   Section        0  retarget_io.o(i._sys_istty)
    i._sys_open                              0x00009a8c   Section        0  retarget_io.o(i._sys_open)
    i._sys_seek                              0x00009af4   Section        0  retarget_io.o(i._sys_seek)
    i._sys_write                             0x00009b20   Section        0  retarget_io.o(i._sys_write)
    i.fputc                                  0x00009b66   Section        0  fputc.o(i.fputc)
    i.main                                   0x00009b80   Section        0  task2.o(i.main)
    i.showMPU                                0x00009bb8   Section        0  task2.o(i.showMPU)
    i.vTaskStart                             0x00009c44   Section        0  task2.o(i.vTaskStart)
    x$fpl$fpinit                             0x00009cb0   Section       10  fpinit.o(x$fpl$fpinit)
    $v0                                      0x00009cb0   Number         0  fpinit.o(x$fpl$fpinit)
    .constdata                               0x00009cbc   Section       88  usart_v2m-mps2.o(.constdata)
    usart_driver_version                     0x00009cbc   Data           4  usart_v2m-mps2.o(.constdata)
    USART0_Resources                         0x00009cc0   Data          28  usart_v2m-mps2.o(.constdata)
    .constdata                               0x00009d14   Section       23  retarget_io.o(.constdata)
    .constdata                               0x00009d2b   Section       40  _printf_hex_int.o(.constdata)
    uc_hextab                                0x00009d2b   Data          20  _printf_hex_int.o(.constdata)
    lc_hextab                                0x00009d3f   Data          20  _printf_hex_int.o(.constdata)
    .constdata                               0x00009d53   Section       17  __printf_flags_wp.o(.constdata)
    maptable                                 0x00009d53   Data          17  __printf_flags_wp.o(.constdata)
    privileged_data                          0x20000000   Section      260  tasks.o(privileged_data)
    uxDeletedTasksWaitingCleanUp             0x20000004   Data           4  tasks.o(privileged_data)
    uxCurrentNumberOfTasks                   0x20000008   Data           4  tasks.o(privileged_data)
    xTickCount                               0x2000000c   Data           4  tasks.o(privileged_data)
    uxTopReadyPriority                       0x20000010   Data           4  tasks.o(privileged_data)
    xSchedulerRunning                        0x20000014   Data           4  tasks.o(privileged_data)
    uxPendedTicks                            0x20000018   Data           4  tasks.o(privileged_data)
    xYieldPending                            0x2000001c   Data           4  tasks.o(privileged_data)
    xNumOfOverflows                          0x20000020   Data           4  tasks.o(privileged_data)
    uxTaskNumber                             0x20000024   Data           4  tasks.o(privileged_data)
    xNextTaskUnblockTime                     0x20000028   Data           4  tasks.o(privileged_data)
    xIdleTaskHandle                          0x2000002c   Data           4  tasks.o(privileged_data)
    uxSchedulerSuspended                     0x20000030   Data           4  tasks.o(privileged_data)
    pxDelayedTaskList                        0x20000034   Data           4  tasks.o(privileged_data)
    pxOverflowDelayedTaskList                0x20000038   Data           4  tasks.o(privileged_data)
    pxReadyTasksLists                        0x2000003c   Data         100  tasks.o(privileged_data)
    xDelayedTaskList1                        0x200000a0   Data          20  tasks.o(privileged_data)
    xDelayedTaskList2                        0x200000b4   Data          20  tasks.o(privileged_data)
    xPendingReadyList                        0x200000c8   Data          20  tasks.o(privileged_data)
    xTasksWaitingTermination                 0x200000dc   Data          20  tasks.o(privileged_data)
    xSuspendedTaskList                       0x200000f0   Data          20  tasks.o(privileged_data)
    privileged_data                          0x20000104   Section       60  timers.o(privileged_data)
    xTimerQueue                              0x20000104   Data           4  timers.o(privileged_data)
    xTimerTaskHandle                         0x20000108   Data           4  timers.o(privileged_data)
    xLastTime                                0x2000010c   Data           4  timers.o(privileged_data)
    pxCurrentTimerList                       0x20000110   Data           4  timers.o(privileged_data)
    pxOverflowTimerList                      0x20000114   Data           4  timers.o(privileged_data)
    xActiveTimerList1                        0x20000118   Data          20  timers.o(privileged_data)
    xActiveTimerList2                        0x2000012c   Data          20  timers.o(privileged_data)
    privileged_data                          0x20000140   Section       40  queue.o(privileged_data)
    .data                                    0x20000200   Section       16  task2.o(.data)
    .data                                    0x20000210   Section       24  usart_v2m-mps2.o(.data)
    USART0_Info                              0x20000210   Data           8  usart_v2m-mps2.o(.data)
    USART0_pin_rx                            0x20000218   Data           8  usart_v2m-mps2.o(.data)
    USART0_pin_tx                            0x20000220   Data           8  usart_v2m-mps2.o(.data)
    .data                                    0x20000228   Section        4  system_cmsdk_cm4.o(.data)
    .data                                    0x2000022c   Section        4  task2a.o(.data)
    .data                                    0x20000230   Section        4  task2a.o(.data)
    .data                                    0x20000234   Section        4  task2a.o(.data)
    .data                                    0x20000238   Section        4  task2a.o(.data)
    .data                                    0x2000023c   Section        4  task2a.o(.data)
    .data                                    0x20000240   Section        4  task2a.o(.data)
    .data                                    0x20000244   Section        4  task2a.o(.data)
    .data                                    0x20000248   Section        4  tasks.o(.data)
    .data                                    0x2000024c   Section       24  heap_4.o(.data)
    pxEnd                                    0x2000024c   Data           4  heap_4.o(.data)
    xFreeBytesRemaining                      0x20000250   Data           4  heap_4.o(.data)
    xMinimumEverFreeBytesRemaining           0x20000254   Data           4  heap_4.o(.data)
    xBlockAllocatedBit                       0x20000258   Data           4  heap_4.o(.data)
    xStart                                   0x2000025c   Data           8  heap_4.o(.data)
    .data                                    0x20000264   Section       20  port.o(.data)
    ucMaxSysCallPriority                     0x20000264   Data           1  port.o(.data)
    uxCriticalNesting                        0x20000268   Data           4  port.o(.data)
    ulMaxPRIGROUPValue                       0x2000026c   Data           4  port.o(.data)
    .data                                    0x20000278   Section        4  stdio_streams.o(.data)
    .data                                    0x2000027c   Section        4  stdio_streams.o(.data)
    .data                                    0x20000280   Section        4  stdio_streams.o(.data)
    .bss                                     0x20000284   Section       24  usart_v2m-mps2.o(.bss)
    USART0_TransferInfo                      0x20000284   Data          24  usart_v2m-mps2.o(.bss)
    .bss                                     0x2000029c   Section     4096  heap_4.o(.bss)
    ucHeap                                   0x2000029c   Data        4096  heap_4.o(.bss)
    .bss                                     0x2000129c   Section       84  stdio_streams.o(.bss)
    .bss                                     0x200012f0   Section       84  stdio_streams.o(.bss)
    .bss                                     0x20001344   Section       84  stdio_streams.o(.bss)
    .bss                                     0x20001398   Section       96  libspace.o(.bss)
    HEAP                                     0x200013f8   Section     3072  startup_cmsdk_cm4.o(HEAP)
    Heap_Mem                                 0x200013f8   Data        3072  startup_cmsdk_cm4.o(HEAP)
    STACK                                    0x20001ff8   Section     1024  startup_cmsdk_cm4.o(STACK)
    Stack_Mem                                0x20001ff8   Data        1024  startup_cmsdk_cm4.o(STACK)
    __initial_sp                             0x200023f8   Data           0  startup_cmsdk_cm4.o(STACK)

    Global Symbols

    Symbol Name                              Value     Ov Type        Size  Object(Section)

    BuildAttributes$$THM_ISAv4$E$P$D$K$B$S$7EM$VFPi3$EXTD16$VFPS$VFMA$PE$A:L22UL41UL21$X:L11$S22US41US21$IEEE1$IW$USESV6$~STKCKD$USESV7$~SHL$OTIME$ROPI$EBA8$UX$STANDARDLIB$REQ8$PRES8$EABIv2 0x00000000   Number         0  anon$$obj.o ABSOLUTE
    __ARM_use_no_argv                        0x00000000   Number         0  task2.o ABSOLUTE
    __Vectors                                0x00000000   Data           4  startup_cmsdk_cm4.o(RESET)
    _printf_flags                            0x00000000   Number         0  printf_stubs.o ABSOLUTE
    _printf_return_value                     0x00000000   Number         0  printf_stubs.o ABSOLUTE
    _printf_sizespec                         0x00000000   Number         0  printf_stubs.o ABSOLUTE
    _printf_widthprec                        0x00000000   Number         0  printf_stubs.o ABSOLUTE
    __ARM_exceptions_init                     - Undefined Weak Reference
    __alloca_initialize                       - Undefined Weak Reference
    __arm_preinit_                            - Undefined Weak Reference
    __cpp_initialize__aeabi_                  - Undefined Weak Reference
    __cxa_finalize                            - Undefined Weak Reference
    __rt_locale                               - Undefined Weak Reference
    __sigvec_lookup                           - Undefined Weak Reference
    __user_heap_extent                        - Undefined Weak Reference
    _atexit_init                              - Undefined Weak Reference
    _call_atexit_fns                          - Undefined Weak Reference
    _clock_init                               - Undefined Weak Reference
    _fp_trap_init                             - Undefined Weak Reference
    _fp_trap_shutdown                         - Undefined Weak Reference
    _get_lc_collate                           - Undefined Weak Reference
    _get_lc_ctype                             - Undefined Weak Reference
    _get_lc_monetary                          - Undefined Weak Reference
    _get_lc_numeric                           - Undefined Weak Reference
    _get_lc_time                              - Undefined Weak Reference
    _getenv_init                              - Undefined Weak Reference
    _handle_redirection                       - Undefined Weak Reference
    _mutex_acquire                            - Undefined Weak Reference
    _mutex_free                               - Undefined Weak Reference
    _mutex_release                            - Undefined Weak Reference
    _printf_truncate_signed                   - Undefined Weak Reference
    _printf_truncate_unsigned                 - Undefined Weak Reference
    _rand_init                                - Undefined Weak Reference
    _signal_finish                            - Undefined Weak Reference
    _signal_init                              - Undefined Weak Reference
    __Vectors_End                            0x000000c0   Data           0  startup_cmsdk_cm4.o(RESET)
    __Vectors_Size                           0x000000c0   Number         0  startup_cmsdk_cm4.o ABSOLUTE
    __main                                   0x000000c1   Thumb Code     8  __main.o(!!!main)
    __scatterload                            0x000000c9   Thumb Code     0  __scatter.o(!!!scatter)
    __scatterload_rt2                        0x000000c9   Thumb Code    44  __scatter.o(!!!scatter)
    __scatterload_rt2_thumb_only             0x000000c9   Thumb Code     0  __scatter.o(!!!scatter)
    __scatterload_null                       0x000000d7   Thumb Code     0  __scatter.o(!!!scatter)
    __decompress                             0x000000fd   Thumb Code    90  __dczerorl2.o(!!dczerorl2)
    __decompress1                            0x000000fd   Thumb Code     0  __dczerorl2.o(!!dczerorl2)
    __scatterload_copy                       0x00000159   Thumb Code    26  __scatter_copy.o(!!handler_copy)
    __scatterload_zeroinit                   0x00000175   Thumb Code    28  __scatter_zi.o(!!handler_zi)
    xTaskCreateRestricted                    0x0000031b   Thumb Code    86  tasks.o(privileged_functions)
    xTaskCreate                              0x00000371   Thumb Code    94  tasks.o(privileged_functions)
    vTaskDelete                              0x000003cf   Thumb Code   158  tasks.o(privileged_functions)
    xTaskIncrementTick                       0x0000046d   Thumb Code   200  tasks.o(privileged_functions)
    xTaskResumeAll                           0x00000535   Thumb Code   204  tasks.o(privileged_functions)
    vTaskSuspendAll                          0x0000066f   Thumb Code    10  tasks.o(privileged_functions)
    vTaskDelayUntil                          0x00000679   Thumb Code   136  tasks.o(privileged_functions)
    vTaskDelay                               0x00000701   Thumb Code    66  tasks.o(privileged_functions)
    eTaskGetState                            0x00000743   Thumb Code    96  tasks.o(privileged_functions)
    uxTaskPriorityGet                        0x000007a3   Thumb Code    24  tasks.o(privileged_functions)
    uxTaskPriorityGetFromISR                 0x000007bb   Thumb Code    40  tasks.o(privileged_functions)
    vTaskPrioritySet                         0x000007e3   Thumb Code   188  tasks.o(privileged_functions)
    vTaskSwitchContext                       0x0000089f   Thumb Code    84  tasks.o(privileged_functions)
    vTaskSuspend                             0x000008f3   Thumb Code   178  tasks.o(privileged_functions)
    vTaskResume                              0x000009df   Thumb Code   118  tasks.o(privileged_functions)
    xTaskResumeFromISR                       0x00000a55   Thumb Code   132  tasks.o(privileged_functions)
    vTaskStartScheduler                      0x00000ad9   Thumb Code   106  tasks.o(privileged_functions)
    vTaskEndScheduler                        0x00000b43   Thumb Code    24  tasks.o(privileged_functions)
    xTaskGetTickCount                        0x00000b5b   Thumb Code     6  tasks.o(privileged_functions)
    xTaskGetTickCountFromISR                 0x00000b61   Thumb Code    12  tasks.o(privileged_functions)
    uxTaskGetNumberOfTasks                   0x00000b6d   Thumb Code     6  tasks.o(privileged_functions)
    pcTaskGetName                            0x00000b73   Thumb Code    28  tasks.o(privileged_functions)
    xTaskGetHandle                           0x00000be7   Thumb Code   124  tasks.o(privileged_functions)
    vTaskGetInfo                             0x00000c63   Thumb Code   108  tasks.o(privileged_functions)
    uxTaskGetSystemState                     0x00000d23   Thumb Code   182  tasks.o(privileged_functions)
    xTaskGetIdleTaskHandle                   0x00000dd9   Thumb Code    26  tasks.o(privileged_functions)
    xTaskAbortDelay                          0x00000df3   Thumb Code   132  tasks.o(privileged_functions)
    vTaskSetApplicationTaskTag               0x00000e77   Thumb Code    28  tasks.o(privileged_functions)
    xTaskGetApplicationTaskTag               0x00000e93   Thumb Code    26  tasks.o(privileged_functions)
    xTaskCallApplicationTaskHook             0x00000ead   Thumb Code    18  tasks.o(privileged_functions)
    vTaskPlaceOnEventList                    0x00000ebf   Thumb Code    44  tasks.o(privileged_functions)
    vTaskPlaceOnUnorderedEventList           0x00000eeb   Thumb Code    72  tasks.o(privileged_functions)
    vTaskPlaceOnEventListRestricted          0x00000f33   Thumb Code    52  tasks.o(privileged_functions)
    xTaskRemoveFromEventList                 0x00000f67   Thumb Code   112  tasks.o(privileged_functions)
    vTaskRemoveFromUnorderedEventList        0x00000fd7   Thumb Code   112  tasks.o(privileged_functions)
    vTaskSetTimeOutState                     0x00001047   Thumb Code    44  tasks.o(privileged_functions)
    vTaskInternalSetTimeOutState             0x00001073   Thumb Code    12  tasks.o(privileged_functions)
    xTaskCheckForTimeOut                     0x0000107f   Thumb Code   130  tasks.o(privileged_functions)
    vTaskMissedYield                         0x00001101   Thumb Code     8  tasks.o(privileged_functions)
    uxTaskGetTaskNumber                      0x00001109   Thumb Code     8  tasks.o(privileged_functions)
    vTaskSetTaskNumber                       0x00001111   Thumb Code     8  tasks.o(privileged_functions)
    vTaskAllocateMPURegions                  0x00001119   Thumb Code    16  tasks.o(privileged_functions)
    uxTaskGetStackHighWaterMark              0x00001129   Thumb Code    12  tasks.o(privileged_functions)
    xTaskGetCurrentTaskHandle                0x00001135   Thumb Code     6  tasks.o(privileged_functions)
    xTaskGetSchedulerState                   0x0000113b   Thumb Code    22  tasks.o(privileged_functions)
    xTaskPriorityInherit                     0x00001151   Thumb Code   154  tasks.o(privileged_functions)
    xTaskPriorityDisinherit                  0x000011eb   Thumb Code   150  tasks.o(privileged_functions)
    vTaskPriorityDisinheritAfterTimeout      0x00001281   Thumb Code   168  tasks.o(privileged_functions)
    uxTaskResetEventItemValue                0x00001329   Thumb Code    20  tasks.o(privileged_functions)
    pvTaskIncrementMutexHeldCount            0x0000133d   Thumb Code    18  tasks.o(privileged_functions)
    ulTaskNotifyTake                         0x0000134f   Thumb Code    96  tasks.o(privileged_functions)
    xTaskNotifyWait                          0x000013af   Thumb Code   128  tasks.o(privileged_functions)
    xTaskGenericNotify                       0x0000142f   Thumb Code   194  tasks.o(privileged_functions)
    xTaskGenericNotifyFromISR                0x000014f1   Thumb Code   244  tasks.o(privileged_functions)
    vTaskNotifyGiveFromISR                   0x000015e5   Thumb Code   178  tasks.o(privileged_functions)
    xTimerGenericCommand                     0x000016e5   Thumb Code    88  timers.o(privileged_functions)
    xTimerCreateTimerTask                    0x00001853   Thumb Code    56  timers.o(privileged_functions)
    xTimerCreate                             0x0000188b   Thumb Code    78  timers.o(privileged_functions)
    xTimerGetTimerDaemonTaskHandle           0x000018d9   Thumb Code    26  timers.o(privileged_functions)
    xTimerGetPeriod                          0x000018f3   Thumb Code    22  timers.o(privileged_functions)
    xTimerGetExpiryTime                      0x00001909   Thumb Code    22  timers.o(privileged_functions)
    pcTimerGetName                           0x0000191f   Thumb Code    22  timers.o(privileged_functions)
    xTimerIsTimerActive                      0x00001935   Thumb Code    44  timers.o(privileged_functions)
    pvTimerGetTimerID                        0x00001961   Thumb Code    36  timers.o(privileged_functions)
    vTimerSetTimerID                         0x00001985   Thumb Code    38  timers.o(privileged_functions)
    uxTimerGetTimerNumber                    0x000019ab   Thumb Code     4  timers.o(privileged_functions)
    vTimerSetTimerNumber                     0x000019af   Thumb Code     4  timers.o(privileged_functions)
    pvPortMalloc                             0x00001b0d   Thumb Code   210  heap_4.o(privileged_functions)
    vPortFree                                0x00001bdf   Thumb Code    88  heap_4.o(privileged_functions)
    xPortGetFreeHeapSize                     0x00001c37   Thumb Code     6  heap_4.o(privileged_functions)
    xPortGetMinimumEverFreeHeapSize          0x00001c3d   Thumb Code     6  heap_4.o(privileged_functions)
    vPortInitialiseBlocks                    0x00001c43   Thumb Code     2  heap_4.o(privileged_functions)
    SVC_Handler                              0x00001c49   Thumb Code    18  port.o(privileged_functions)
    __asm___6_port_c_39a90d8d__prvRestoreContextOfFirstTask 0x00001c5b   Thumb Code    54  port.o(privileged_functions)
    __asm___6_port_c_39a90d8d__prvStartFirstTask 0x00001c9d   Thumb Code    36  port.o(privileged_functions)
    PendSV_Handler                           0x00001cc5   Thumb Code   104  port.o(privileged_functions)
    pxPortInitialiseStack                    0x00001d35   Thumb Code    50  port.o(privileged_functions)
    prvSVCHandler                            0x00001d67   Thumb Code    64  port.o(privileged_functions)
    xPortStartScheduler                      0x00001da7   Thumb Code   172  port.o(privileged_functions)
    vPortEndScheduler                        0x00001e53   Thumb Code    28  port.o(privileged_functions)
    SysTick_Handler                          0x00001e6f   Thumb Code    42  port.o(privileged_functions)
    vPortStoreTaskMPUSettings                0x00001e99   Thumb Code   202  port.o(privileged_functions)
    xQueueGenericReset                       0x00002051   Thumb Code   132  queue.o(privileged_functions)
    xQueueGenericCreate                      0x000020d5   Thumb Code    86  queue.o(privileged_functions)
    xQueueGenericSend                        0x00002279   Thumb Code   368  queue.o(privileged_functions)
    xQueueCreateMutex                        0x000023e9   Thumb Code    36  queue.o(privileged_functions)
    xQueueGetMutexHolder                     0x0000240d   Thumb Code    26  queue.o(privileged_functions)
    xQueueGetMutexHolderFromISR              0x00002427   Thumb Code    30  queue.o(privileged_functions)
    xQueueGiveMutexRecursive                 0x00002445   Thumb Code    62  queue.o(privileged_functions)
    xQueueSemaphoreTake                      0x00002483   Thumb Code   378  queue.o(privileged_functions)
    xQueueTakeMutexRecursive                 0x000025fd   Thumb Code    64  queue.o(privileged_functions)
    xQueueCreateCountingSemaphore            0x0000263d   Thumb Code    58  queue.o(privileged_functions)
    xQueueGenericSendFromISR                 0x00002677   Thumb Code   202  queue.o(privileged_functions)
    xQueueGiveFromISR                        0x00002741   Thumb Code   172  queue.o(privileged_functions)
    xQueueReceive                            0x00002813   Thumb Code   306  queue.o(privileged_functions)
    xQueuePeek                               0x00002945   Thumb Code   304  queue.o(privileged_functions)
    xQueueReceiveFromISR                     0x00002a75   Thumb Code   152  queue.o(privileged_functions)
    xQueuePeekFromISR                        0x00002b0d   Thumb Code   114  queue.o(privileged_functions)
    uxQueueMessagesWaiting                   0x00002b7f   Thumb Code    36  queue.o(privileged_functions)
    uxQueueSpacesAvailable                   0x00002ba3   Thumb Code    40  queue.o(privileged_functions)
    uxQueueMessagesWaitingFromISR            0x00002bcb   Thumb Code    22  queue.o(privileged_functions)
    vQueueUnregisterQueue                    0x00002be1   Thumb Code    36  queue.o(privileged_functions)
    vQueueDelete                             0x00002c05   Thumb Code    36  queue.o(privileged_functions)
    uxQueueGetQueueNumber                    0x00002c29   Thumb Code     4  queue.o(privileged_functions)
    vQueueSetQueueNumber                     0x00002c2d   Thumb Code     4  queue.o(privileged_functions)
    ucQueueGetQueueType                      0x00002c31   Thumb Code     6  queue.o(privileged_functions)
    xQueueIsQueueEmptyFromISR                0x00002c37   Thumb Code    30  queue.o(privileged_functions)
    xQueueIsQueueFullFromISR                 0x00002c55   Thumb Code    34  queue.o(privileged_functions)
    vQueueAddToRegistry                      0x00002c77   Thumb Code    32  queue.o(privileged_functions)
    pcQueueGetName                           0x00002c97   Thumb Code    34  queue.o(privileged_functions)
    vQueueWaitForMessageRestricted           0x00002cb9   Thumb Code    68  queue.o(privileged_functions)
    xQueueCreateSet                          0x00002cfd   Thumb Code     8  queue.o(privileged_functions)
    xQueueAddToSet                           0x00002d05   Thumb Code    34  queue.o(privileged_functions)
    xQueueRemoveFromSet                      0x00002d27   Thumb Code    34  queue.o(privileged_functions)
    xQueueSelectFromSet                      0x00002d49   Thumb Code    18  queue.o(privileged_functions)
    xQueueSelectFromSetFromISR               0x00002d5b   Thumb Code    18  queue.o(privileged_functions)
    Region$$Table$$Base                      0x00002d90   Number         0  anon$$obj.o(Region$$Table)
    Region$$Table$$Limit                     0x00002dc0   Number         0  anon$$obj.o(Region$$Table)
    _printf_d                                0x00008001   Thumb Code     0  _printf_d.o(.ARM.Collect$$_printf_percent$$00000009)
    _printf_percent                          0x00008001   Thumb Code     0  _printf_percent.o(.ARM.Collect$$_printf_percent$$00000000)
    _printf_u                                0x00008007   Thumb Code     0  _printf_u.o(.ARM.Collect$$_printf_percent$$0000000A)
    _printf_x                                0x0000800d   Thumb Code     0  _printf_x.o(.ARM.Collect$$_printf_percent$$0000000C)
    _printf_percent_end                      0x00008013   Thumb Code     0  _printf_percent_end.o(.ARM.Collect$$_printf_percent$$00000017)
    __rt_lib_init                            0x00008017   Thumb Code     0  libinit.o(.ARM.Collect$$libinit$$00000000)
    __rt_lib_init_fp_1                       0x00008019   Thumb Code     0  libinit2.o(.ARM.Collect$$libinit$$00000001)
    __rt_lib_init_heap_2                     0x0000801d   Thumb Code     0  libinit2.o(.ARM.Collect$$libinit$$00000005)
    __rt_lib_init_preinit_1                  0x0000801d   Thumb Code     0  libinit2.o(.ARM.Collect$$libinit$$00000004)
    __rt_lib_init_atexit_1                   0x00008025   Thumb Code     0  libinit2.o(.ARM.Collect$$libinit$$0000001B)
    __rt_lib_init_clock_1                    0x00008025   Thumb Code     0  libinit2.o(.ARM.Collect$$libinit$$00000021)
    __rt_lib_init_fp_trap_1                  0x00008025   Thumb Code     0  libinit2.o(.ARM.Collect$$libinit$$0000001F)
    __rt_lib_init_getenv_1                   0x00008025   Thumb Code     0  libinit2.o(.ARM.Collect$$libinit$$00000023)
    __rt_lib_init_heap_1                     0x00008025   Thumb Code     0  libinit2.o(.ARM.Collect$$libinit$$0000000A)
    __rt_lib_init_lc_collate_1               0x00008025   Thumb Code     0  libinit2.o(.ARM.Collect$$libinit$$00000011)
    __rt_lib_init_lc_ctype_1                 0x00008025   Thumb Code     0  libinit2.o(.ARM.Collect$$libinit$$00000013)
    __rt_lib_init_lc_monetary_1              0x00008025   Thumb Code     0  libinit2.o(.ARM.Collect$$libinit$$00000015)
    __rt_lib_init_lc_numeric_1               0x00008025   Thumb Code     0  libinit2.o(.ARM.Collect$$libinit$$00000017)
    __rt_lib_init_lc_time_1                  0x00008025   Thumb Code     0  libinit2.o(.ARM.Collect$$libinit$$00000019)
    __rt_lib_init_rand_1                     0x00008025   Thumb Code     0  libinit2.o(.ARM.Collect$$libinit$$0000000E)
    __rt_lib_init_signal_1                   0x00008025   Thumb Code     0  libinit2.o(.ARM.Collect$$libinit$$0000001D)
    __rt_lib_init_stdio_2                    0x00008025   Thumb Code     0  libinit2.o(.ARM.Collect$$libinit$$00000024)
    __rt_lib_init_user_alloc_1               0x00008025   Thumb Code     0  libinit2.o(.ARM.Collect$$libinit$$0000000C)
    __rt_lib_init_alloca_1                   0x00008029   Thumb Code     0  libinit2.o(.ARM.Collect$$libinit$$0000002E)
    __rt_lib_init_argv_1                     0x00008029   Thumb Code     0  libinit2.o(.ARM.Collect$$libinit$$0000002C)
    __rt_lib_init_cpp_1                      0x00008029   Thumb Code     0  libinit2.o(.ARM.Collect$$libinit$$00000032)
    __rt_lib_init_exceptions_1               0x00008029   Thumb Code     0  libinit2.o(.ARM.Collect$$libinit$$00000030)
    __rt_lib_init_return                     0x00008029   Thumb Code     0  libinit2.o(.ARM.Collect$$libinit$$00000033)
    __rt_lib_init_stdio_1                    0x00008029   Thumb Code     0  libinit2.o(.ARM.Collect$$libinit$$00000025)
    __rt_lib_shutdown                        0x0000802b   Thumb Code     0  libshutdown.o(.ARM.Collect$$libshutdown$$00000000)
    __rt_lib_shutdown_cpp_1                  0x0000802d   Thumb Code     0  libshutdown2.o(.ARM.Collect$$libshutdown$$00000002)
    __rt_lib_shutdown_stdio_2                0x0000802d   Thumb Code     0  libshutdown2.o(.ARM.Collect$$libshutdown$$00000003)
    __rt_lib_shutdown_fp_trap_1              0x00008031   Thumb Code     0  libshutdown2.o(.ARM.Collect$$libshutdown$$00000007)
    __rt_lib_shutdown_heap_1                 0x00008031   Thumb Code     0  libshutdown2.o(.ARM.Collect$$libshutdown$$0000000F)
    __rt_lib_shutdown_return                 0x00008031   Thumb Code     0  libshutdown2.o(.ARM.Collect$$libshutdown$$00000010)
    __rt_lib_shutdown_signal_1               0x00008031   Thumb Code     0  libshutdown2.o(.ARM.Collect$$libshutdown$$0000000A)
    __rt_lib_shutdown_stdio_1                0x00008031   Thumb Code     0  libshutdown2.o(.ARM.Collect$$libshutdown$$00000004)
    __rt_lib_shutdown_user_alloc_1           0x00008031   Thumb Code     0  libshutdown2.o(.ARM.Collect$$libshutdown$$0000000C)
    __rt_entry                               0x00008033   Thumb Code     0  __rtentry.o(.ARM.Collect$$rtentry$$00000000)
    __rt_entry_presh_1                       0x00008033   Thumb Code     0  __rtentry2.o(.ARM.Collect$$rtentry$$00000002)
    __rt_entry_sh                            0x00008033   Thumb Code     0  __rtentry4.o(.ARM.Collect$$rtentry$$00000004)
    __rt_entry_li                            0x00008039   Thumb Code     0  __rtentry2.o(.ARM.Collect$$rtentry$$0000000A)
    __rt_entry_postsh_1                      0x00008039   Thumb Code     0  __rtentry2.o(.ARM.Collect$$rtentry$$00000009)
    __rt_entry_main                          0x0000803d   Thumb Code     0  __rtentry2.o(.ARM.Collect$$rtentry$$0000000D)
    __rt_entry_postli_1                      0x0000803d   Thumb Code     0  __rtentry2.o(.ARM.Collect$$rtentry$$0000000C)
    __rt_exit                                0x00008045   Thumb Code     0  rtexit.o(.ARM.Collect$$rtexit$$00000000)
    __rt_exit_ls                             0x00008047   Thumb Code     0  rtexit2.o(.ARM.Collect$$rtexit$$00000003)
    __rt_exit_prels_1                        0x00008047   Thumb Code     0  rtexit2.o(.ARM.Collect$$rtexit$$00000002)
    __rt_exit_exit                           0x0000804b   Thumb Code     0  rtexit2.o(.ARM.Collect$$rtexit$$00000004)
    vPortSwitchToUserMode                    0x00008051   Thumb Code    14  port.o(.emb_text)
    __asm___6_port_c_39a90d8d__vPortEnableVFP 0x0000805f   Thumb Code    18  port.o(.emb_text)
    xPortRaisePrivilege                      0x00008075   Thumb Code    18  port.o(.emb_text)
    __asm___6_port_c_39a90d8d__prvPortGetIPSR 0x00008087   Thumb Code     6  port.o(.emb_text)
    Reset_Handler                            0x0000808d   Thumb Code     8  startup_cmsdk_cm4.o(.text)
    _maybe_terminate_alloc                   0x0000808d   Thumb Code     0  maybetermalloc1.o(.emb_text)
    NMI_Handler                              0x00008095   Thumb Code     2  startup_cmsdk_cm4.o(.text)
    HardFault_Handler                        0x00008097   Thumb Code     2  startup_cmsdk_cm4.o(.text)
    BusFault_Handler                         0x0000809b   Thumb Code     2  startup_cmsdk_cm4.o(.text)
    UsageFault_Handler                       0x0000809d   Thumb Code     2  startup_cmsdk_cm4.o(.text)
    DebugMon_Handler                         0x000080a1   Thumb Code     2  startup_cmsdk_cm4.o(.text)
    DUALTIMER_Handler                        0x000080a7   Thumb Code     0  startup_cmsdk_cm4.o(.text)
    ETHERNET_Handler                         0x000080a7   Thumb Code     0  startup_cmsdk_cm4.o(.text)
    GPIO0ALL_Handler                         0x000080a7   Thumb Code     0  startup_cmsdk_cm4.o(.text)
    GPIO0_0_Handler                          0x000080a7   Thumb Code     0  startup_cmsdk_cm4.o(.text)
    GPIO0_1_Handler                          0x000080a7   Thumb Code     0  startup_cmsdk_cm4.o(.text)
    GPIO0_2_Handler                          0x000080a7   Thumb Code     0  startup_cmsdk_cm4.o(.text)
    GPIO0_3_Handler                          0x000080a7   Thumb Code     0  startup_cmsdk_cm4.o(.text)
    GPIO0_4_Handler                          0x000080a7   Thumb Code     0  startup_cmsdk_cm4.o(.text)
    GPIO0_5_Handler                          0x000080a7   Thumb Code     0  startup_cmsdk_cm4.o(.text)
    GPIO0_6_Handler                          0x000080a7   Thumb Code     0  startup_cmsdk_cm4.o(.text)
    GPIO0_7_Handler                          0x000080a7   Thumb Code     0  startup_cmsdk_cm4.o(.text)
    GPIO1ALL_Handler                         0x000080a7   Thumb Code     0  startup_cmsdk_cm4.o(.text)
    GPIO2_Handler                            0x000080a7   Thumb Code     0  startup_cmsdk_cm4.o(.text)
    GPIO3_Handler                            0x000080a7   Thumb Code     0  startup_cmsdk_cm4.o(.text)
    I2S_Handler                              0x000080a7   Thumb Code     0  startup_cmsdk_cm4.o(.text)
    SPI_0_1_Handler                          0x000080a7   Thumb Code     0  startup_cmsdk_cm4.o(.text)
    SPI_2_Handler                            0x000080a7   Thumb Code     0  startup_cmsdk_cm4.o(.text)
    SPI_3_4_Handler                          0x000080a7   Thumb Code     0  startup_cmsdk_cm4.o(.text)
    TIMER0_Handler                           0x000080a7   Thumb Code     0  startup_cmsdk_cm4.o(.text)
    TIMER1_Handler                           0x000080a7   Thumb Code     0  startup_cmsdk_cm4.o(.text)
    TOUCHSCREEN_Handler                      0x000080a7   Thumb Code     0  startup_cmsdk_cm4.o(.text)
    UART1RX_Handler                          0x000080a7   Thumb Code     0  startup_cmsdk_cm4.o(.text)
    UART1TX_Handler                          0x000080a7   Thumb Code     0  startup_cmsdk_cm4.o(.text)
    UART2RX_Handler                          0x000080a7   Thumb Code     0  startup_cmsdk_cm4.o(.text)
    UART2TX_Handler                          0x000080a7   Thumb Code     0  startup_cmsdk_cm4.o(.text)
    UART3RX_Handler                          0x000080a7   Thumb Code     0  startup_cmsdk_cm4.o(.text)
    UART3TX_Handler                          0x000080a7   Thumb Code     0  startup_cmsdk_cm4.o(.text)
    UART4RX_Handler                          0x000080a7   Thumb Code     0  startup_cmsdk_cm4.o(.text)
    UART4TX_Handler                          0x000080a7   Thumb Code     0  startup_cmsdk_cm4.o(.text)
    UART_0_1_2_OVF_Handler                   0x000080a7   Thumb Code     0  startup_cmsdk_cm4.o(.text)
    __user_initial_stackheap                 0x000080a9   Thumb Code    10  startup_cmsdk_cm4.o(.text)
    stdout_init                              0x000080cd   Thumb Code    52  stdout_usart.o(.text)
    stdout_putchar                           0x00008101   Thumb Code    30  stdout_usart.o(.text)
    MemManage_Handler                        0x00008125   Thumb Code     8  task2a.o(.text)
    prvSetupHardware                         0x0000812d   Thumb Code    10  task2a.o(.text)
    Judge                                    0x00008137   Thumb Code    24  task2a.o(.text)
    AttackTest                               0x0000814f   Thumb Code    22  task2a.o(.text)
    StartFreeRTOS                            0x00008165   Thumb Code    12  task2a.o(.text)
    xTaskNotifyStateClear                    0x000081cb   Thumb Code    46  tasks.o(.text)
    vListInitialise                          0x00008219   Thumb Code    22  list.o(.text)
    vListInitialiseItem                      0x0000822f   Thumb Code     6  list.o(.text)
    vListInsertEnd                           0x00008235   Thumb Code    24  list.o(.text)
    vListInsert                              0x0000824d   Thumb Code    48  list.o(.text)
    uxListRemove                             0x0000827d   Thumb Code    38  list.o(.text)
    vPortEnterCritical                       0x00008339   Thumb Code    46  port.o(.text)
    vPortExitCritical                        0x00008367   Thumb Code    60  port.o(.text)
    vPortValidateInterruptPriority           0x000083a3   Thumb Code    74  port.o(.text)
    __2printf                                0x000083f5   Thumb Code    20  noretval__2printf.o(.text)
    _printf_pre_padding                      0x0000840d   Thumb Code    44  _printf_pad.o(.text)
    _printf_post_padding                     0x00008439   Thumb Code    34  _printf_pad.o(.text)
    _printf_int_dec                          0x0000845d   Thumb Code   104  _printf_dec.o(.text)
    _printf_int_hex                          0x000084d5   Thumb Code    84  _printf_hex_int.o(.text)
    _printf_longlong_hex                     0x000084d5   Thumb Code     0  _printf_hex_int.o(.text)
    __printf                                 0x0000852d   Thumb Code   308  __printf_flags_wp.o(.text)
    strlen                                   0x00008665   Thumb Code    62  strlen.o(.text)
    __aeabi_memcpy                           0x000086a3   Thumb Code     0  rt_memcpy_v6.o(.text)
    __rt_memcpy                              0x000086a3   Thumb Code   138  rt_memcpy_v6.o(.text)
    _memcpy_lastbytes                        0x00008709   Thumb Code     0  rt_memcpy_v6.o(.text)
    __aeabi_memset                           0x0000872d   Thumb Code    16  aeabi_memset.o(.text)
    __aeabi_memclr4                          0x0000873d   Thumb Code     0  rt_memclr_w.o(.text)
    __aeabi_memclr8                          0x0000873d   Thumb Code     0  rt_memclr_w.o(.text)
    __rt_memclr_w                            0x0000873d   Thumb Code    78  rt_memclr_w.o(.text)
    _memset_w                                0x00008741   Thumb Code     0  rt_memclr_w.o(.text)
    strcmp                                   0x0000878d   Thumb Code   128  strcmpv7m.o(.text)
    __use_two_region_memory                  0x0000880d   Thumb Code     2  heapauxi.o(.text)
    __rt_heap_escrow                         0x0000880f   Thumb Code     2  heapauxi.o(.text)
    __rt_heap_expand                         0x00008811   Thumb Code     2  heapauxi.o(.text)
    _printf_int_common                       0x00008813   Thumb Code   178  _printf_intcommon.o(.text)
    _printf_char_file                        0x000088c5   Thumb Code    32  _printf_char_file.o(.text)
    __aeabi_memcpy4                          0x000088e9   Thumb Code     0  rt_memcpy_w.o(.text)
    __aeabi_memcpy8                          0x000088e9   Thumb Code     0  rt_memcpy_w.o(.text)
    __rt_memcpy_w                            0x000088e9   Thumb Code   100  rt_memcpy_w.o(.text)
    _memcpy_lastbytes_aligned                0x00008931   Thumb Code     0  rt_memcpy_w.o(.text)
    __aeabi_memclr                           0x0000894d   Thumb Code     0  rt_memclr.o(.text)
    __rt_memclr                              0x0000894d   Thumb Code    68  rt_memclr.o(.text)
    _memset                                  0x00008951   Thumb Code     0  rt_memclr.o(.text)
    _printf_char_common                      0x0000899b   Thumb Code    32  _printf_char_common.o(.text)
    ferror                                   0x000089c1   Thumb Code     8  ferror.o(.text)
    _initio                                  0x000089c9   Thumb Code   210  initio.o(.text)
    _terminateio                             0x00008a9b   Thumb Code    56  initio.o(.text)
    __user_setup_stackheap                   0x00008b01   Thumb Code    74  sys_stackheap_outer.o(.text)
    free                                     0x00008b4b   Thumb Code    78  h1_free.o(.text)
    __flsbuf                                 0x00008b99   Thumb Code   470  flsbuf.o(.text)
    __flsbuf_byte                            0x00008b99   Thumb Code     0  flsbuf.o(.text)
    __flsbuf_wide                            0x00008b99   Thumb Code     0  flsbuf.o(.text)
    setvbuf                                  0x00008d6f   Thumb Code    70  setvbuf.o(.text)
    freopen                                  0x00008db5   Thumb Code   158  fopen.o(.text)
    fopen                                    0x00008e53   Thumb Code    74  fopen.o(.text)
    _fclose_internal                         0x00008ea1   Thumb Code    76  fclose.o(.text)
    fclose                                   0x00008ea1   Thumb Code     0  fclose.o(.text)
    exit                                     0x00008eed   Thumb Code    18  exit.o(.text)
    __rt_SIGRTRED                            0x00008eff   Thumb Code    14  defsig_rtred_outer.o(.text)
    __user_libspace                          0x00008f0d   Thumb Code     8  libspace.o(.text)
    __user_perproc_libspace                  0x00008f0d   Thumb Code     0  libspace.o(.text)
    __user_perthread_libspace                0x00008f0d   Thumb Code     0  libspace.o(.text)
    __rt_heap_descriptor                     0x00008f15   Thumb Code     8  rt_heap_descriptor_intlibspace.o(.text)
    __use_no_heap                            0x00008f1d   Thumb Code     2  hguard.o(.text)
    __heap$guard                             0x00008f1f   Thumb Code     2  hguard.o(.text)
    _terminate_user_alloc                    0x00008f21   Thumb Code     2  init_alloc.o(.text)
    _init_user_alloc                         0x00008f23   Thumb Code     2  init_alloc.o(.text)
    __Heap_Full                              0x00008f25   Thumb Code    34  init_alloc.o(.text)
    __Heap_Broken                            0x00008f47   Thumb Code     6  init_alloc.o(.text)
    _init_alloc                              0x00008f4d   Thumb Code    94  init_alloc.o(.text)
    malloc                                   0x00008fab   Thumb Code    94  h1_alloc.o(.text)
    _fseek                                   0x00009009   Thumb Code   242  fseek.o(.text)
    fseek                                    0x00009009   Thumb Code     0  fseek.o(.text)
    _seterr                                  0x00009101   Thumb Code    20  stdio.o(.text)
    _writebuf                                0x00009115   Thumb Code    84  stdio.o(.text)
    _fflush                                  0x00009169   Thumb Code    70  stdio.o(.text)
    _deferredlazyseek                        0x000091af   Thumb Code    60  stdio.o(.text)
    __sig_exit                               0x000091f1   Thumb Code    10  defsig_exit.o(.text)
    __rt_SIGRTRED_inner                      0x000091fd   Thumb Code    14  defsig_rtred_inner.o(.text)
    _sys_exit                                0x00009231   Thumb Code     8  sys_exit.o(.text)
    __Heap_Initialize                        0x0000923d   Thumb Code    10  h1_init.o(.text)
    __Heap_DescSize                          0x00009247   Thumb Code     4  h1_init.o(.text)
    __Heap_ProvideMemory                     0x0000924b   Thumb Code    52  h1_extend.o(.text)
    _ftell_internal                          0x0000927f   Thumb Code    66  ftell.o(.text)
    ftell                                    0x0000927f   Thumb Code     0  ftell.o(.text)
    __default_signal_display                 0x000092c1   Thumb Code    50  defsig_general.o(.text)
    __rt_SIGRTMEM                            0x000092f3   Thumb Code    14  defsig_rtmem_outer.o(.text)
    _ttywrch                                 0x00009301   Thumb Code    14  sys_wrch.o(.text)
    __I$use$semihosting                      0x0000930f   Thumb Code     0  use_no_semi.o(.text)
    __use_no_semihosting_swi                 0x0000930f   Thumb Code     2  use_no_semi.o(.text)
    __aeabi_errno_addr                       0x00009311   Thumb Code     8  rt_errno_addr_intlibspace.o(.text)
    __errno$intlibspace                      0x00009311   Thumb Code     0  rt_errno_addr_intlibspace.o(.text)
    __rt_errno_addr$intlibspace              0x00009311   Thumb Code     0  rt_errno_addr_intlibspace.o(.text)
    __semihosting_library_function           0x00009311   Thumb Code     0  indicate_semi.o(.text)
    __rt_SIGRTMEM_inner                      0x00009319   Thumb Code    22  defsig_rtmem_inner.o(.text)
    SystemInit                               0x00009369   Thumb Code    20  system_cmsdk_cm4.o(i.SystemInit)
    UART0RX_Handler                          0x00009389   Thumb Code    10  usart_v2m-mps2.o(i.UART0RX_Handler)
    UART0TX_Handler                          0x00009399   Thumb Code    10  usart_v2m-mps2.o(i.UART0TX_Handler)
    _is_digit                                0x00009a0f   Thumb Code    14  __printf_wp.o(i._is_digit)
    _sys_close                               0x00009a1d   Thumb Code    38  retarget_io.o(i._sys_close)
    _sys_flen                                0x00009a43   Thumb Code    36  retarget_io.o(i._sys_flen)
    _sys_istty                               0x00009a67   Thumb Code    36  retarget_io.o(i._sys_istty)
    _sys_open                                0x00009a8d   Thumb Code    80  retarget_io.o(i._sys_open)
    _sys_seek                                0x00009af5   Thumb Code    44  retarget_io.o(i._sys_seek)
    _sys_write                               0x00009b21   Thumb Code    70  retarget_io.o(i._sys_write)
    fputc                                    0x00009b67   Thumb Code    26  fputc.o(i.fputc)
    main                                     0x00009b81   Thumb Code    40  task2.o(i.main)
    showMPU                                  0x00009bb9   Thumb Code    58  task2.o(i.showMPU)
    vTaskStart                               0x00009c45   Thumb Code    52  task2.o(i.vTaskStart)
    _fp_init                                 0x00009cb1   Thumb Code    10  fpinit.o(x$fpl$fpinit)
    __fplib_config_fpu_vfp                   0x00009cb9   Thumb Code     0  fpinit.o(x$fpl$fpinit)
    __fplib_config_pureend_doubles           0x00009cb9   Thumb Code     0  fpinit.o(x$fpl$fpinit)
    Driver_USART0                            0x00009cdc   Data          56  usart_v2m-mps2.o(.constdata)
    __stdin_name                             0x00009d14   Data           7  retarget_io.o(.constdata)
    __stdout_name                            0x00009d1b   Data           8  retarget_io.o(.constdata)
    __stderr_name                            0x00009d23   Data           8  retarget_io.o(.constdata)
    pxCurrentTCB                             0x20000000   Data           4  tasks.o(privileged_data)
    xQueueRegistry                           0x20000140   Data          40  queue.o(privileged_data)
    MPU_REG_CTRL                             0x20000200   Data           4  task2.o(.data)
    MPU_REG_RNR                              0x20000204   Data           4  task2.o(.data)
    MPU_REG_RBAR                             0x20000208   Data           4  task2.o(.data)
    MPU_REG_RASR                             0x2000020c   Data           4  task2.o(.data)
    SystemCoreClock                          0x20000228   Data           4  system_cmsdk_cm4.o(.data)
    __FLASH_segment_start__                  0x2000022c   Data           4  task2a.o(.data)
    __FLASH_segment_end__                    0x20000230   Data           4  task2a.o(.data)
    __SRAM_segment_start__                   0x20000234   Data           4  task2a.o(.data)
    __SRAM_segment_end__                     0x20000238   Data           4  task2a.o(.data)
    __privileged_functions_end__             0x2000023c   Data           4  task2a.o(.data)
    __privileged_data_start__                0x20000240   Data           4  task2a.o(.data)
    __privileged_data_end__                  0x20000244   Data           4  task2a.o(.data)
    val                                      0x20000248   Data           4  tasks.o(.data)
    val_a                                    0x20000270   Data           4  port.o(.data)
    val_b                                    0x20000274   Data           4  port.o(.data)
    __aeabi_stdin                            0x20000278   Data           4  stdio_streams.o(.data)
    __aeabi_stdout                           0x2000027c   Data           4  stdio_streams.o(.data)
    __aeabi_stderr                           0x20000280   Data           4  stdio_streams.o(.data)
    __stdin                                  0x2000129c   Data          84  stdio_streams.o(.bss)
    __stdout                                 0x200012f0   Data          84  stdio_streams.o(.bss)
    __stderr                                 0x20001344   Data          84  stdio_streams.o(.bss)
    __libspace_start                         0x20001398   Data          96  libspace.o(.bss)
    __temporary_stack_top$libspace           0x200013f8   Data           0  libspace.o(.bss)



==============================================================================

Memory Map of the image

  Image Entry point : 0x000000c1

  Load Region LR_IROM1 (Base: 0x00000000, Size: 0x00009f50, Max: 0xffffffff, ABSOLUTE, COMPRESSED[0x00009dec])

    Execution Region ER_IROM1 (Exec base: 0x00000000, Load base: 0x00000000, Size: 0x00002dc0, Max: 0x00006000, ABSOLUTE)

    Exec Addr    Load Addr    Size         Type   Attr      Idx    E Section Name        Object

    0x00000000   0x00000000   0x000000c0   Data   RO          455    RESET               startup_cmsdk_cm4.o
    0x000000c0   0x000000c0   0x00000008   Code   RO          964  * !!!main             c_w.l(__main.o)
    0x000000c8   0x000000c8   0x00000034   Code   RO         1308    !!!scatter          c_w.l(__scatter.o)
    0x000000fc   0x000000fc   0x0000005a   Code   RO         1306    !!dczerorl2         c_w.l(__dczerorl2.o)
    0x00000156   0x00000156   0x00000002   PAD
    0x00000158   0x00000158   0x0000001a   Code   RO         1310    !!handler_copy      c_w.l(__scatter_copy.o)
    0x00000172   0x00000172   0x00000002   PAD
    0x00000174   0x00000174   0x0000001c   Code   RO         1312    !!handler_zi        c_w.l(__scatter_zi.o)
    0x00000190   0x00000190   0x00001520   Code   RO          642    privileged_functions  task2b_23.lib(tasks.o)
    0x000016b0   0x000016b0   0x0000045c   Code   RO          737    privileged_functions  task2b_23.lib(timers.o)
    0x00001b0c   0x00001b0c   0x0000013c   Code   RO          777    privileged_functions  task2b_23.lib(heap_4.o)
    0x00001c48   0x00001c48   0x000000ec   Code   RO          808    privileged_functions  task2b_23.lib(port.o)
    0x00001d34   0x00001d34   0x0000031c   Code   RO          811    privileged_functions  task2b_23.lib(port.o)
    0x00002050   0x00002050   0x00000d40   Code   RO          866    privileged_functions  task2b_23.lib(queue.o)
    0x00002d90   0x00002d90   0x00000030   Data   RO         1304    Region$$Table       anon$$obj.o


    Execution Region ER_IROM2 (Exec base: 0x00008000, Load base: 0x00008000, Size: 0x00001d64, Max: 0xffffffff, ABSOLUTE, FIXED)

    Exec Addr    Load Addr    Size         Type   Attr      Idx    E Section Name        Object

    0x00008000   0x00008000   0x00000000   Code   RO          951    .ARM.Collect$$_printf_percent$$00000000  c_w.l(_printf_percent.o)
    0x00008000   0x00008000   0x00000006   Code   RO          949    .ARM.Collect$$_printf_percent$$00000009  c_w.l(_printf_d.o)
    0x00008006   0x00008006   0x00000006   Code   RO          950    .ARM.Collect$$_printf_percent$$0000000A  c_w.l(_printf_u.o)
    0x0000800c   0x0000800c   0x00000006   Code   RO          948    .ARM.Collect$$_printf_percent$$0000000C  c_w.l(_printf_x.o)
    0x00008012   0x00008012   0x00000004   Code   RO          971    .ARM.Collect$$_printf_percent$$00000017  c_w.l(_printf_percent_end.o)
    0x00008016   0x00008016   0x00000002   Code   RO         1099    .ARM.Collect$$libinit$$00000000  c_w.l(libinit.o)
    0x00008018   0x00008018   0x00000004   Code   RO         1100    .ARM.Collect$$libinit$$00000001  c_w.l(libinit2.o)
    0x0000801c   0x0000801c   0x00000000   Code   RO         1103    .ARM.Collect$$libinit$$00000004  c_w.l(libinit2.o)
    0x0000801c   0x0000801c   0x00000008   Code   RO         1104    .ARM.Collect$$libinit$$00000005  c_w.l(libinit2.o)
    0x00008024   0x00008024   0x00000000   Code   RO         1106    .ARM.Collect$$libinit$$0000000A  c_w.l(libinit2.o)
    0x00008024   0x00008024   0x00000000   Code   RO         1108    .ARM.Collect$$libinit$$0000000C  c_w.l(libinit2.o)
    0x00008024   0x00008024   0x00000000   Code   RO         1110    .ARM.Collect$$libinit$$0000000E  c_w.l(libinit2.o)
    0x00008024   0x00008024   0x00000000   Code   RO         1113    .ARM.Collect$$libinit$$00000011  c_w.l(libinit2.o)
    0x00008024   0x00008024   0x00000000   Code   RO         1115    .ARM.Collect$$libinit$$00000013  c_w.l(libinit2.o)
    0x00008024   0x00008024   0x00000000   Code   RO         1117    .ARM.Collect$$libinit$$00000015  c_w.l(libinit2.o)
    0x00008024   0x00008024   0x00000000   Code   RO         1119    .ARM.Collect$$libinit$$00000017  c_w.l(libinit2.o)
    0x00008024   0x00008024   0x00000000   Code   RO         1121    .ARM.Collect$$libinit$$00000019  c_w.l(libinit2.o)
    0x00008024   0x00008024   0x00000000   Code   RO         1123    .ARM.Collect$$libinit$$0000001B  c_w.l(libinit2.o)
    0x00008024   0x00008024   0x00000000   Code   RO         1125    .ARM.Collect$$libinit$$0000001D  c_w.l(libinit2.o)
    0x00008024   0x00008024   0x00000000   Code   RO         1127    .ARM.Collect$$libinit$$0000001F  c_w.l(libinit2.o)
    0x00008024   0x00008024   0x00000000   Code   RO         1129    .ARM.Collect$$libinit$$00000021  c_w.l(libinit2.o)
    0x00008024   0x00008024   0x00000000   Code   RO         1131    .ARM.Collect$$libinit$$00000023  c_w.l(libinit2.o)
    0x00008024   0x00008024   0x00000004   Code   RO         1132    .ARM.Collect$$libinit$$00000024  c_w.l(libinit2.o)
    0x00008028   0x00008028   0x00000000   Code   RO         1133    .ARM.Collect$$libinit$$00000025  c_w.l(libinit2.o)
    0x00008028   0x00008028   0x00000000   Code   RO         1137    .ARM.Collect$$libinit$$0000002C  c_w.l(libinit2.o)
    0x00008028   0x00008028   0x00000000   Code   RO         1139    .ARM.Collect$$libinit$$0000002E  c_w.l(libinit2.o)
    0x00008028   0x00008028   0x00000000   Code   RO         1141    .ARM.Collect$$libinit$$00000030  c_w.l(libinit2.o)
    0x00008028   0x00008028   0x00000000   Code   RO         1143    .ARM.Collect$$libinit$$00000032  c_w.l(libinit2.o)
    0x00008028   0x00008028   0x00000002   Code   RO         1144    .ARM.Collect$$libinit$$00000033  c_w.l(libinit2.o)
    0x0000802a   0x0000802a   0x00000002   Code   RO         1285    .ARM.Collect$$libshutdown$$00000000  c_w.l(libshutdown.o)
    0x0000802c   0x0000802c   0x00000000   Code   RO         1146    .ARM.Collect$$libshutdown$$00000002  c_w.l(libshutdown2.o)
    0x0000802c   0x0000802c   0x00000004   Code   RO         1147    .ARM.Collect$$libshutdown$$00000003  c_w.l(libshutdown2.o)
    0x00008030   0x00008030   0x00000000   Code   RO         1148    .ARM.Collect$$libshutdown$$00000004  c_w.l(libshutdown2.o)
    0x00008030   0x00008030   0x00000000   Code   RO         1151    .ARM.Collect$$libshutdown$$00000007  c_w.l(libshutdown2.o)
    0x00008030   0x00008030   0x00000000   Code   RO         1154    .ARM.Collect$$libshutdown$$0000000A  c_w.l(libshutdown2.o)
    0x00008030   0x00008030   0x00000000   Code   RO         1156    .ARM.Collect$$libshutdown$$0000000C  c_w.l(libshutdown2.o)
    0x00008030   0x00008030   0x00000000   Code   RO         1159    .ARM.Collect$$libshutdown$$0000000F  c_w.l(libshutdown2.o)
    0x00008030   0x00008030   0x00000002   Code   RO         1160    .ARM.Collect$$libshutdown$$00000010  c_w.l(libshutdown2.o)
    0x00008032   0x00008032   0x00000000   Code   RO          966    .ARM.Collect$$rtentry$$00000000  c_w.l(__rtentry.o)
    0x00008032   0x00008032   0x00000000   Code   RO          983    .ARM.Collect$$rtentry$$00000002  c_w.l(__rtentry2.o)
    0x00008032   0x00008032   0x00000006   Code   RO          995    .ARM.Collect$$rtentry$$00000004  c_w.l(__rtentry4.o)
    0x00008038   0x00008038   0x00000000   Code   RO          985    .ARM.Collect$$rtentry$$00000009  c_w.l(__rtentry2.o)
    0x00008038   0x00008038   0x00000004   Code   RO          986    .ARM.Collect$$rtentry$$0000000A  c_w.l(__rtentry2.o)
    0x0000803c   0x0000803c   0x00000000   Code   RO          988    .ARM.Collect$$rtentry$$0000000C  c_w.l(__rtentry2.o)
    0x0000803c   0x0000803c   0x00000008   Code   RO          989    .ARM.Collect$$rtentry$$0000000D  c_w.l(__rtentry2.o)
    0x00008044   0x00008044   0x00000002   Code   RO         1166    .ARM.Collect$$rtexit$$00000000  c_w.l(rtexit.o)
    0x00008046   0x00008046   0x00000000   Code   RO         1220    .ARM.Collect$$rtexit$$00000002  c_w.l(rtexit2.o)
    0x00008046   0x00008046   0x00000004   Code   RO         1221    .ARM.Collect$$rtexit$$00000003  c_w.l(rtexit2.o)
    0x0000804a   0x0000804a   0x00000006   Code   RO         1222    .ARM.Collect$$rtexit$$00000004  c_w.l(rtexit2.o)
    0x00008050   0x00008050   0x0000003c   Code   RO          809    .emb_text           task2b_23.lib(port.o)
    0x0000808c   0x0000808c   0x00000000   Code   RO         1226    .emb_text           c_w.l(maybetermalloc1.o)
    0x0000808c   0x0000808c   0x00000040   Code   RO          456    .text               startup_cmsdk_cm4.o
    0x000080cc   0x000080cc   0x00000058   Code   RO          496    .text               task2b_23.lib(stdout_usart.o)
    0x00008124   0x00008124   0x0000006c   Code   RO          527    .text               task2b_23.lib(task2a.o)
    0x00008190   0x00008190   0x00000088   Code   RO          641    .text               task2b_23.lib(tasks.o)
    0x00008218   0x00008218   0x0000008a   Code   RO          706    .text               task2b_23.lib(list.o)
    0x000082a2   0x000082a2   0x00000002   PAD
    0x000082a4   0x000082a4   0x00000094   Code   RO          776    .text               task2b_23.lib(heap_4.o)
    0x00008338   0x00008338   0x000000bc   Code   RO          810    .text               task2b_23.lib(port.o)
    0x000083f4   0x000083f4   0x00000018   Code   RO          899    .text               c_w.l(noretval__2printf.o)
    0x0000840c   0x0000840c   0x0000004e   Code   RO          903    .text               c_w.l(_printf_pad.o)
    0x0000845a   0x0000845a   0x00000002   PAD
    0x0000845c   0x0000845c   0x00000078   Code   RO          905    .text               c_w.l(_printf_dec.o)
    0x000084d4   0x000084d4   0x00000058   Code   RO          910    .text               c_w.l(_printf_hex_int.o)
    0x0000852c   0x0000852c   0x00000138   Code   RO          940    .text               c_w.l(__printf_flags_wp.o)
    0x00008664   0x00008664   0x0000003e   Code   RO          952    .text               c_w.l(strlen.o)
    0x000086a2   0x000086a2   0x0000008a   Code   RO          954    .text               c_w.l(rt_memcpy_v6.o)
    0x0000872c   0x0000872c   0x00000010   Code   RO          956    .text               c_w.l(aeabi_memset.o)
    0x0000873c   0x0000873c   0x0000004e   Code   RO          958    .text               c_w.l(rt_memclr_w.o)
    0x0000878a   0x0000878a   0x00000002   PAD
    0x0000878c   0x0000878c   0x00000080   Code   RO          960    .text               c_w.l(strcmpv7m.o)
    0x0000880c   0x0000880c   0x00000006   Code   RO          962    .text               c_w.l(heapauxi.o)
    0x00008812   0x00008812   0x000000b2   Code   RO          967    .text               c_w.l(_printf_intcommon.o)
    0x000088c4   0x000088c4   0x00000024   Code   RO          969    .text               c_w.l(_printf_char_file.o)
    0x000088e8   0x000088e8   0x00000064   Code   RO          978    .text               c_w.l(rt_memcpy_w.o)
    0x0000894c   0x0000894c   0x00000044   Code   RO          980    .text               c_w.l(rt_memclr.o)
    0x00008990   0x00008990   0x00000030   Code   RO          997    .text               c_w.l(_printf_char_common.o)
    0x000089c0   0x000089c0   0x00000008   Code   RO          999    .text               c_w.l(ferror.o)
    0x000089c8   0x000089c8   0x00000138   Code   RO         1005    .text               c_w.l(initio.o)
    0x00008b00   0x00008b00   0x0000004a   Code   RO         1015    .text               c_w.l(sys_stackheap_outer.o)
    0x00008b4a   0x00008b4a   0x0000004e   Code   RO         1019    .text               c_w.l(h1_free.o)
    0x00008b98   0x00008b98   0x000001d6   Code   RO         1075    .text               c_w.l(flsbuf.o)
    0x00008d6e   0x00008d6e   0x00000046   Code   RO         1077    .text               c_w.l(setvbuf.o)
    0x00008db4   0x00008db4   0x000000ec   Code   RO         1080    .text               c_w.l(fopen.o)
    0x00008ea0   0x00008ea0   0x0000004c   Code   RO         1082    .text               c_w.l(fclose.o)
    0x00008eec   0x00008eec   0x00000012   Code   RO         1088    .text               c_w.l(exit.o)
    0x00008efe   0x00008efe   0x0000000e   Code   RO         1090    .text               c_w.l(defsig_rtred_outer.o)
    0x00008f0c   0x00008f0c   0x00000008   Code   RO         1163    .text               c_w.l(libspace.o)
    0x00008f14   0x00008f14   0x00000008   Code   RO         1173    .text               c_w.l(rt_heap_descriptor_intlibspace.o)
    0x00008f1c   0x00008f1c   0x00000004   Code   RO         1175    .text               c_w.l(hguard.o)
    0x00008f20   0x00008f20   0x0000008a   Code   RO         1177    .text               c_w.l(init_alloc.o)
    0x00008faa   0x00008faa   0x0000005e   Code   RO         1183    .text               c_w.l(h1_alloc.o)
    0x00009008   0x00009008   0x000000f8   Code   RO         1199    .text               c_w.l(fseek.o)
    0x00009100   0x00009100   0x000000f0   Code   RO         1201    .text               c_w.l(stdio.o)
    0x000091f0   0x000091f0   0x0000000a   Code   RO         1207    .text               c_w.l(defsig_exit.o)
    0x000091fa   0x000091fa   0x00000002   PAD
    0x000091fc   0x000091fc   0x00000034   Code   RO         1209    .text               c_w.l(defsig_rtred_inner.o)
    0x00009230   0x00009230   0x0000000c   Code   RO         1217    .text               c_w.l(sys_exit.o)
    0x0000923c   0x0000923c   0x0000000e   Code   RO         1228    .text               c_w.l(h1_init.o)
    0x0000924a   0x0000924a   0x00000034   Code   RO         1230    .text               c_w.l(h1_extend.o)
    0x0000927e   0x0000927e   0x00000042   Code   RO         1240    .text               c_w.l(ftell.o)
    0x000092c0   0x000092c0   0x00000032   Code   RO         1248    .text               c_w.l(defsig_general.o)
    0x000092f2   0x000092f2   0x0000000e   Code   RO         1250    .text               c_w.l(defsig_rtmem_outer.o)
    0x00009300   0x00009300   0x0000000e   Code   RO         1263    .text               c_w.l(sys_wrch.o)
    0x0000930e   0x0000930e   0x00000002   Code   RO         1267    .text               c_w.l(use_no_semi.o)
    0x00009310   0x00009310   0x00000000   Code   RO         1269    .text               c_w.l(indicate_semi.o)
    0x00009310   0x00009310   0x00000008   Code   RO         1273    .text               c_w.l(rt_errno_addr_intlibspace.o)
    0x00009318   0x00009318   0x00000050   Code   RO         1279    .text               c_w.l(defsig_rtmem_inner.o)
    0x00009368   0x00009368   0x00000020   Code   RO          464    i.SystemInit        system_cmsdk_cm4.o
    0x00009388   0x00009388   0x00000010   Code   RO          169    i.UART0RX_Handler   usart_v2m-mps2.o
    0x00009398   0x00009398   0x00000010   Code   RO          170    i.UART0TX_Handler   usart_v2m-mps2.o
    0x000093a8   0x000093a8   0x00000018   Code   RO          171    i.USART0_Control    usart_v2m-mps2.o
    0x000093c0   0x000093c0   0x00000010   Code   RO          172    i.USART0_GetCapabilities  usart_v2m-mps2.o
    0x000093d0   0x000093d0   0x00000010   Code   RO          173    i.USART0_GetModemStatus  usart_v2m-mps2.o
    0x000093e0   0x000093e0   0x00000010   Code   RO          174    i.USART0_GetRxCount  usart_v2m-mps2.o
    0x000093f0   0x000093f0   0x00000010   Code   RO          175    i.USART0_GetStatus  usart_v2m-mps2.o
    0x00009400   0x00009400   0x00000010   Code   RO          176    i.USART0_GetTxCount  usart_v2m-mps2.o
    0x00009410   0x00009410   0x00000014   Code   RO          177    i.USART0_Initialize  usart_v2m-mps2.o
    0x00009424   0x00009424   0x00000014   Code   RO          178    i.USART0_PowerControl  usart_v2m-mps2.o
    0x00009438   0x00009438   0x00000018   Code   RO          179    i.USART0_Receive    usart_v2m-mps2.o
    0x00009450   0x00009450   0x00000018   Code   RO          180    i.USART0_Send       usart_v2m-mps2.o
    0x00009468   0x00009468   0x00000014   Code   RO          181    i.USART0_SetModemControl  usart_v2m-mps2.o
    0x0000947c   0x0000947c   0x0000001c   Code   RO          182    i.USART0_Transfer   usart_v2m-mps2.o
    0x00009498   0x00009498   0x00000010   Code   RO          183    i.USART0_Uninitialize  usart_v2m-mps2.o
    0x000094a8   0x000094a8   0x0000005c   Code   RO          184    i.USARTRX_IRQHandler  usart_v2m-mps2.o
    0x00009504   0x00009504   0x0000005e   Code   RO          185    i.USARTTX_IRQHandler  usart_v2m-mps2.o
    0x00009562   0x00009562   0x00000002   PAD
    0x00009564   0x00009564   0x0000013c   Code   RO          186    i.USART_Control     usart_v2m-mps2.o
    0x000096a0   0x000096a0   0x00000006   Code   RO          187    i.USART_GetCapabilities  usart_v2m-mps2.o
    0x000096a6   0x000096a6   0x00000046   Code   RO          188    i.USART_GetModemStatus  usart_v2m-mps2.o
    0x000096ec   0x000096ec   0x00000008   Code   RO          189    i.USART_GetRxCount  usart_v2m-mps2.o
    0x000096f4   0x000096f4   0x0000008a   Code   RO          190    i.USART_GetStatus   usart_v2m-mps2.o
    0x0000977e   0x0000977e   0x00000008   Code   RO          191    i.USART_GetTxCount  usart_v2m-mps2.o
    0x00009786   0x00009786   0x00000056   Code   RO          192    i.USART_Initialize  usart_v2m-mps2.o
    0x000097dc   0x000097dc   0x000000a2   Code   RO          193    i.USART_PowerControl  usart_v2m-mps2.o
    0x0000987e   0x0000987e   0x0000005e   Code   RO          194    i.USART_Receive     usart_v2m-mps2.o
    0x000098dc   0x000098dc   0x00000066   Code   RO          195    i.USART_Send        usart_v2m-mps2.o
    0x00009942   0x00009942   0x00000008   Code   RO          196    i.USART_SetModemControl  usart_v2m-mps2.o
    0x0000994a   0x0000994a   0x0000000a   Code   RO          197    i.USART_Transfer    usart_v2m-mps2.o
    0x00009954   0x00009954   0x00000036   Code   RO          198    i.USART_Uninitialize  usart_v2m-mps2.o
    0x0000998a   0x0000998a   0x00000002   PAD
    0x0000998c   0x0000998c   0x00000010   Code   RO          199    i.USARTx_GetVersion  usart_v2m-mps2.o
    0x0000999c   0x0000999c   0x0000001c   Code   RO          200    i.__NVIC_ClearPendingIRQ  usart_v2m-mps2.o
    0x000099b8   0x000099b8   0x0000003c   Code   RO          201    i.__NVIC_DisableIRQ  usart_v2m-mps2.o
    0x000099f4   0x000099f4   0x0000001a   Code   RO          202    i.__NVIC_EnableIRQ  usart_v2m-mps2.o
    0x00009a0e   0x00009a0e   0x0000000e   Code   RO          938    i._is_digit         c_w.l(__printf_wp.o)
    0x00009a1c   0x00009a1c   0x00000026   Code   RO          389    i._sys_close        retarget_io.o
    0x00009a42   0x00009a42   0x00000024   Code   RO          390    i._sys_flen         retarget_io.o
    0x00009a66   0x00009a66   0x00000024   Code   RO          391    i._sys_istty        retarget_io.o
    0x00009a8a   0x00009a8a   0x00000002   PAD
    0x00009a8c   0x00009a8c   0x00000068   Code   RO          392    i._sys_open         retarget_io.o
    0x00009af4   0x00009af4   0x0000002c   Code   RO          394    i._sys_seek         retarget_io.o
    0x00009b20   0x00009b20   0x00000046   Code   RO          395    i._sys_write        retarget_io.o
    0x00009b66   0x00009b66   0x0000001a   Code   RO         1002    i.fputc             c_w.l(fputc.o)
    0x00009b80   0x00009b80   0x00000038   Code   RO            1    i.main              task2.o
    0x00009bb8   0x00009bb8   0x0000008c   Code   RO            2    i.showMPU           task2.o
    0x00009c44   0x00009c44   0x0000006c   Code   RO            3    i.vTaskStart        task2.o
    0x00009cb0   0x00009cb0   0x0000000a   Code   RO         1215    x$fpl$fpinit        fz_wm.l(fpinit.o)
    0x00009cba   0x00009cba   0x00000002   PAD
    0x00009cbc   0x00009cbc   0x00000058   Data   RO          204    .constdata          usart_v2m-mps2.o
    0x00009d14   0x00009d14   0x00000017   Data   RO          396    .constdata          retarget_io.o
    0x00009d2b   0x00009d2b   0x00000028   Data   RO          911    .constdata          c_w.l(_printf_hex_int.o)
    0x00009d53   0x00009d53   0x00000011   Data   RO          941    .constdata          c_w.l(__printf_flags_wp.o)


    Execution Region RW_IRAM1 (Exec base: 0x20000000, Load base: 0x00009d64, Size: 0x00000168, Max: 0xffffffff, ABSOLUTE, COMPRESSED[0x00000004])

    Exec Addr    Load Addr    Size         Type   Attr      Idx    E Section Name        Object

    0x20000000   COMPRESSED   0x00000104   Data   RW          644    privileged_data     task2b_23.lib(tasks.o)
    0x20000104   COMPRESSED   0x0000003c   Data   RW          738    privileged_data     task2b_23.lib(timers.o)
    0x20000140   COMPRESSED   0x00000028   Data   RW          867    privileged_data     task2b_23.lib(queue.o)


    Execution Region RW_IRAM2 (Exec base: 0x20000200, Load base: 0x00009d68, Size: 0x000021f8, Max: 0xffffffff, ABSOLUTE)

    Exec Addr    Load Addr    Size         Type   Attr      Idx    E Section Name        Object

    0x20000200   0x00009d68   0x00000010   Data   RW            4    .data               task2.o
    0x20000210   0x00009d78   0x00000018   Data   RW          205    .data               usart_v2m-mps2.o
    0x20000228   0x00009d90   0x00000004   Data   RW          465    .data               system_cmsdk_cm4.o
    0x2000022c   0x00009d94   0x00000004   Data   RW          528    .data               task2b_23.lib(task2a.o)
    0x20000230   0x00009d98   0x00000004   Data   RW          529    .data               task2b_23.lib(task2a.o)
    0x20000234   0x00009d9c   0x00000004   Data   RW          530    .data               task2b_23.lib(task2a.o)
    0x20000238   0x00009da0   0x00000004   Data   RW          531    .data               task2b_23.lib(task2a.o)
    0x2000023c   0x00009da4   0x00000004   Data   RW          533    .data               task2b_23.lib(task2a.o)
    0x20000240   0x00009da8   0x00000004   Data   RW          534    .data               task2b_23.lib(task2a.o)
    0x20000244   0x00009dac   0x00000004   Data   RW          535    .data               task2b_23.lib(task2a.o)
    0x20000248   0x00009db0   0x00000004   Data   RW          643    .data               task2b_23.lib(tasks.o)
    0x2000024c   0x00009db4   0x00000018   Data   RW          779    .data               task2b_23.lib(heap_4.o)
    0x20000264   0x00009dcc   0x00000014   Data   RW          812    .data               task2b_23.lib(port.o)
    0x20000278   0x00009de0   0x00000004   Data   RW          975    .data               c_w.l(stdio_streams.o)
    0x2000027c   0x00009de4   0x00000004   Data   RW          976    .data               c_w.l(stdio_streams.o)
    0x20000280   0x00009de8   0x00000004   Data   RW          977    .data               c_w.l(stdio_streams.o)
    0x20000284        -       0x00000018   Zero   RW          203    .bss                usart_v2m-mps2.o
    0x2000029c        -       0x00001000   Zero   RW          778    .bss                task2b_23.lib(heap_4.o)
    0x2000129c        -       0x00000054   Zero   RW          972    .bss                c_w.l(stdio_streams.o)
    0x200012f0        -       0x00000054   Zero   RW          973    .bss                c_w.l(stdio_streams.o)
    0x20001344        -       0x00000054   Zero   RW          974    .bss                c_w.l(stdio_streams.o)
    0x20001398        -       0x00000060   Zero   RW         1164    .bss                c_w.l(libspace.o)
    0x200013f8        -       0x00000c00   Zero   RW          454    HEAP                startup_cmsdk_cm4.o
    0x20001ff8        -       0x00000400   Zero   RW          453    STACK               startup_cmsdk_cm4.o


==============================================================================

Image component sizes


      Code (inc. data)   RO Data    RW Data    ZI Data      Debug   Object Name

         0          0          0          0          0      13496   buttons_v2m-mps2.o
       328         24         23          0          0       5362   retarget_io.o
        64         26        192          0       4096        904   startup_cmsdk_cm4.o
        32         12          0          4          0        731   system_cmsdk_cm4.o
       304        154          0         16          0       3679   task2.o
      1666        112         88         24         24      59555   usart_v2m-mps2.o

    ----------------------------------------------------------------------
      2400        328        351         44       4120      83727   Object Totals
         0          0         48          0          0          0   (incl. Generated)
         6          0          0          0          0          0   (incl. Padding)

    ----------------------------------------------------------------------

      Code (inc. data)   RO Data    RW Data    ZI Data      Debug   Library Member Name

        90          0          0          0          0          0   __dczerorl2.o
         8          0          0          0          0         68   __main.o
       312          4         17          0          0         92   __printf_flags_wp.o
        14          0          0          0          0         68   __printf_wp.o
         0          0          0          0          0          0   __rtentry.o
        12          0          0          0          0          0   __rtentry2.o
         6          0          0          0          0          0   __rtentry4.o
        52          8          0          0          0          0   __scatter.o
        26          0          0          0          0          0   __scatter_copy.o
        28          0          0          0          0          0   __scatter_zi.o
        48          6          0          0          0         96   _printf_char_common.o
        36          4          0          0          0         80   _printf_char_file.o
         6          0          0          0          0          0   _printf_d.o
       120         16          0          0          0         92   _printf_dec.o
        88          4         40          0          0         88   _printf_hex_int.o
       178          0          0          0          0         88   _printf_intcommon.o
        78          0          0          0          0        108   _printf_pad.o
         0          0          0          0          0          0   _printf_percent.o
         4          0          0          0          0          0   _printf_percent_end.o
         6          0          0          0          0          0   _printf_u.o
         6          0          0          0          0          0   _printf_x.o
        16          0          0          0          0         68   aeabi_memset.o
        10          0          0          0          0         68   defsig_exit.o
        50          0          0          0          0         88   defsig_general.o
        80         58          0          0          0         76   defsig_rtmem_inner.o
        14          0          0          0          0         80   defsig_rtmem_outer.o
        52         38          0          0          0         76   defsig_rtred_inner.o
        14          0          0          0          0         80   defsig_rtred_outer.o
        18          0          0          0          0         80   exit.o
        76          0          0          0          0         88   fclose.o
         8          0          0          0          0         68   ferror.o
       470          0          0          0          0         88   flsbuf.o
       236          4          0          0          0        128   fopen.o
        26          0          0          0          0         68   fputc.o
       248          6          0          0          0         84   fseek.o
        66          0          0          0          0         76   ftell.o
        94          0          0          0          0         80   h1_alloc.o
        52          0          0          0          0         68   h1_extend.o
        78          0          0          0          0         80   h1_free.o
        14          0          0          0          0         84   h1_init.o
         6          0          0          0          0        152   heapauxi.o
         4          0          0          0          0        136   hguard.o
         0          0          0          0          0          0   indicate_semi.o
       138          0          0          0          0        168   init_alloc.o
       312         46          0          0          0        112   initio.o
         2          0          0          0          0          0   libinit.o
        18          0          0          0          0          0   libinit2.o
         2          0          0          0          0          0   libshutdown.o
         6          0          0          0          0          0   libshutdown2.o
         8          4          0          0         96         68   libspace.o
         0          0          0          0          0          0   maybetermalloc1.o
        24          4          0          0          0         84   noretval__2printf.o
         8          4          0          0          0         68   rt_errno_addr_intlibspace.o
         8          4          0          0          0         68   rt_heap_descriptor_intlibspace.o
        68          0          0          0          0         68   rt_memclr.o
        78          0          0          0          0         80   rt_memclr_w.o
       138          0          0          0          0         68   rt_memcpy_v6.o
       100          0          0          0          0         80   rt_memcpy_w.o
         2          0          0          0          0          0   rtexit.o
        10          0          0          0          0          0   rtexit2.o
        70          0          0          0          0         80   setvbuf.o
       240          6          0          0          0        156   stdio.o
         0          0          0         12        252          0   stdio_streams.o
       128          0          0          0          0         68   strcmpv7m.o
        62          0          0          0          0         76   strlen.o
        12          4          0          0          0         68   sys_exit.o
        74          0          0          0          0         80   sys_stackheap_outer.o
        14          0          0          0          0         76   sys_wrch.o
         2          0          0          0          0         68   use_no_semi.o
        10          0          0          0          0        116   fpinit.o
       464         14          0         24       4096       4360   heap_4.o
       138          0          0          0          0       2002   list.o
      1280        114          0         20          0      16545   port.o
      3392         16          0         40          0      22217   queue.o
        88          6          0          0          0       3909   stdout_usart.o
       108         32          0         28          0      16484   task2a.o
      5544         80          0        264          0      42854   tasks.o
      1116         44          0         60          0      18870   timers.o

    ----------------------------------------------------------------------
     16428        526         57        448       4444     131489   Library Totals
        14          0          0          0          0          0   (incl. Padding)

    ----------------------------------------------------------------------

      Code (inc. data)   RO Data    RW Data    ZI Data      Debug   Library Name

      4274        220         57         12        348       4132   c_w.l
        10          0          0          0          0        116   fz_wm.l
     12130        306          0        436       4096     127241   task2b_23.lib

    ----------------------------------------------------------------------
     16428        526         57        448       4444     131489   Library Totals

    ----------------------------------------------------------------------

==============================================================================


      Code (inc. data)   RO Data    RW Data    ZI Data      Debug   

     18828        854        408        492       8564     206444   Grand Totals
     18828        854        408        136       8564     206444   ELF Image Totals (compressed)
     18828        854        408        136          0          0   ROM Totals

==============================================================================

    Total RO  Size (Code + RO Data)                19236 (  18.79kB)
    Total RW  Size (RW Data + ZI Data)              9056 (   8.84kB)
    Total ROM Size (Code + RO Data + RW Data)      19372 (  18.92kB)

==============================================================================

