<html>
<body>
<pre>
<h1>µVision Build Log</h1>
<h2>Tool Versions:</h2>
IDE-Version: ¦ÌVision V5.24.2.0
Copyright (C) 2017 ARM Ltd and ARM Germany GmbH. All rights reserved.
License Information: 1 1, 1, LIC=----
 
Tool Versions:
Toolchain:       MDK-ARM Plus  Version: 5.24.1
Toolchain Path:  C:\Keil_v5\ARM\ARMCC\Bin
C Compiler:      Armcc.exe V5.06 update 5 (build 528)
Assembler:       Armasm.exe V5.06 update 5 (build 528)
Linker/Locator:  ArmLink.exe V5.06 update 5 (build 528)
Library Manager: ArmAr.exe V5.06 update 5 (build 528)
Hex Converter:   FromElf.exe V5.06 update 5 (build 528)
CPU DLL:         SARMCM3.DLL V5.24.1
Dialog DLL:      DCM.DLL V1.16.0.0
Target DLL:      UL2CM3.DLL V1.160.3.0
Dialog DLL:      TCM.DLL V1.32.0.0
 
<h2>Project:</h2>
C:\Users\86131\Desktop\NADP3\KEIL\task3a\task3a.uvprojx
Project File Date:  06/30/2022

<h2>Output:</h2>
*** Using Compiler 'V5.06 update 5 (build 528)', folder: 'C:\Keil_v5\ARM\ARMCC\Bin'
Rebuild target 'Target 1'
assembling startup_CMSDK_CM4.s...
compiling task3.c...
Src\task3.c(50): warning:  #223-D: function "xPortRaisePrivilege" declared implicitly
  	xPortRaisePrivilege();
Src\task3.c(51): warning:  #223-D: function "vTaskRemove" declared implicitly
  	vTaskRemove();
Src\task3.c: 2 warnings, 0 errors
compiling retarget_io.c...
compiling system_CMSDK_CM4.c...
compiling USART_V2M-MPS2.c...
linking...
Program Size: Code=30344 RO-data=420 RW-data=16880 ZI-data=5376  
".\Objects\task3a.axf" - 0 Error(s), 2 Warning(s).

<h2>Software Packages used:</h2>

Package Vendor: ARM
                http://www.keil.com/pack/ARM.CMSIS.5.0.1.pack
                ARM.CMSIS.5.0.1
                CMSIS (Cortex Microcontroller Software Interface Standard)
   * Component: CORE Version: 5.0.1
   * Component: USART Version: 2.3.0

Package Vendor: Keil
                http://www.keil.com/pack/Keil.ARM_Compiler.1.3.1.pack
                Keil.ARM_Compiler.1.3.1
                Keil ARM Compiler extensions for ARM Compiler 5 and ARM Compiler 6
   * Component: STDOUT Variant: User Version: 1.2.0

Package Vendor: Keil
                http://www.keil.com/pack/Keil.V2M-MPS2_CMx_BSP.1.7.1.pack
                Keil.V2M-MPS2_CMx_BSP.1.7.1
                ARM V2M-MPS2 Board Support PACK for Cortex-M System Design Kit Devices
   * Component: Startup Version: 1.0.0
   * Component: USART Version: 1.0.3
   * Component: Common Version: 2.0.0

<h2>Collection of Component include folders:</h2>
  .\RTE\Device\CMSDK_CM4_FP
  .\RTE\_Target_1
  C:\Keil_v5\ARM\PACK\ARM\CMSIS\5.0.1\CMSIS\Driver\Include
  C:\Keil_v5\ARM\PACK\ARM\CMSIS\5.0.1\CMSIS\Include
  C:\Keil_v5\ARM\PACK\Keil\V2M-MPS2_CMx_BSP\1.7.1\Boards\ARM\V2M-MPS2\Common
  C:\Keil_v5\ARM\PACK\Keil\V2M-MPS2_CMx_BSP\1.7.1\Device\CMSDK_CM4\Include

<h2>Collection of Component Files used:</h2>

   * Component: Keil::Device:Startup:1.0.0
      Source file:   Device\CMSDK_CM4\Source\system_CMSDK_CM4.c
      Include file:  CMSIS\Config\RTE_Device.h
      Source file:   Device\CMSDK_CM4\Source\ARM\startup_CMSDK_CM4.s

   * Component: Keil::CMSIS Driver:USART:1.0.3
      Source file:   CMSIS\Driver\USART_V2M-MPS2.c

   * Component: Keil.V2M-MPS2::Board Support:Common:2.0.0
      Include file:  Boards\ARM\V2M-MPS2\Common\Device.h
      Include file:  Boards\ARM\V2M-MPS2\Common\SMM_MPS2.h

   * Component: Keil.ARM Compiler::Compiler:I/O:STDOUT:User:1.2.0
      Source file:   Template\stdout_display.c
      Source file:   Template\stdout_USART.c
      Source file:   Source\retarget_io.c
      Source file:   Template\stdout_user.c

   * Component: ARM::CMSIS:CORE:5.0.1

   * Component: ::CMSIS Driver:USART:2.3.0 (API)
      Include file:  CMSIS\Driver\Include\Driver_USART.h
Build Time Elapsed:  00:00:00
</pre>
</body>
</html>
