Component: Arm Compiler for Embedded 6.18 Tool: armlink [5e4cc100]

==============================================================================

Section Cross References

    task2.o(.ARM.exidx.text.mpu_disable) refers to task2.o(.text.mpu_disable) for [Anonymous Symbol]
    task2.o(.ARM.exidx.text.mpu_enable) refers to task2.o(.text.mpu_enable) for [Anonymous Symbol]
    task2.o(.ARM.exidx.text.mpu_region_config) refers to task2.o(.text.mpu_region_config) for [Anonymous Symbol]
    task2.o(.ARM.exidx.text.mpu_region_disable) refers to task2.o(.text.mpu_region_disable) for [Anonymous Symbol]
    task2.o(.text.vTaskStart) refers to task2.o(.rodata.str1.1) for .L.str
    task2.o(.text.vTaskStart) refers to printf.o(.text) for printf
    task2.o(.text.vTaskStart) refers to task2a.o(.text) for AttackTest
    task2.o(.ARM.exidx.text.vTaskStart) refers to task2.o(.text.vTaskStart) for [Anonymous Symbol]
    task2.o(.text.main) refers to task2a.o(.text) for prvSetupHardware
    task2.o(.text.main) refers to task2.o(.text.vTaskStart) for vTaskStart
    task2.o(.text.main) refers to task2.o(.rodata.str1.1) for .L.str.1
    task2.o(.text.main) refers to tasks.o(privileged_functions) for xTaskCreate
    task2.o(.ARM.exidx.text.main) refers to task2.o(.text.main) for [Anonymous Symbol]
    usart_v2m-mps2.o(.text.UART0RX_Handler) refers to usart_v2m-mps2.o(.rodata.USART0_Resources) for USART0_Resources
    usart_v2m-mps2.o(.text.UART0RX_Handler) refers to usart_v2m-mps2.o(.text.USARTRX_IRQHandler) for USARTRX_IRQHandler
    usart_v2m-mps2.o(.ARM.exidx.text.UART0RX_Handler) refers to usart_v2m-mps2.o(.text.UART0RX_Handler) for [Anonymous Symbol]
    usart_v2m-mps2.o(.ARM.exidx.text.USARTRX_IRQHandler) refers to usart_v2m-mps2.o(.text.USARTRX_IRQHandler) for [Anonymous Symbol]
    usart_v2m-mps2.o(.text.UART0TX_Handler) refers to usart_v2m-mps2.o(.rodata.USART0_Resources) for USART0_Resources
    usart_v2m-mps2.o(.text.UART0TX_Handler) refers to usart_v2m-mps2.o(.text.USARTTX_IRQHandler) for USARTTX_IRQHandler
    usart_v2m-mps2.o(.ARM.exidx.text.UART0TX_Handler) refers to usart_v2m-mps2.o(.text.UART0TX_Handler) for [Anonymous Symbol]
    usart_v2m-mps2.o(.ARM.exidx.text.USARTTX_IRQHandler) refers to usart_v2m-mps2.o(.text.USARTTX_IRQHandler) for [Anonymous Symbol]
    usart_v2m-mps2.o(.text.USARTx_GetVersion) refers to usart_v2m-mps2.o(.rodata.usart_driver_version) for usart_driver_version
    usart_v2m-mps2.o(.ARM.exidx.text.USARTx_GetVersion) refers to usart_v2m-mps2.o(.text.USARTx_GetVersion) for [Anonymous Symbol]
    usart_v2m-mps2.o(.text.USART0_GetCapabilities) refers to usart_v2m-mps2.o(.rodata.USART0_Resources) for USART0_Resources
    usart_v2m-mps2.o(.text.USART0_GetCapabilities) refers to usart_v2m-mps2.o(.text.USART_GetCapabilities) for USART_GetCapabilities
    usart_v2m-mps2.o(.ARM.exidx.text.USART0_GetCapabilities) refers to usart_v2m-mps2.o(.text.USART0_GetCapabilities) for [Anonymous Symbol]
    usart_v2m-mps2.o(.text.USART0_Initialize) refers to usart_v2m-mps2.o(.rodata.USART0_Resources) for USART0_Resources
    usart_v2m-mps2.o(.text.USART0_Initialize) refers to usart_v2m-mps2.o(.text.USART_Initialize) for USART_Initialize
    usart_v2m-mps2.o(.ARM.exidx.text.USART0_Initialize) refers to usart_v2m-mps2.o(.text.USART0_Initialize) for [Anonymous Symbol]
    usart_v2m-mps2.o(.text.USART0_Uninitialize) refers to usart_v2m-mps2.o(.rodata.USART0_Resources) for USART0_Resources
    usart_v2m-mps2.o(.text.USART0_Uninitialize) refers to usart_v2m-mps2.o(.text.USART_Uninitialize) for USART_Uninitialize
    usart_v2m-mps2.o(.ARM.exidx.text.USART0_Uninitialize) refers to usart_v2m-mps2.o(.text.USART0_Uninitialize) for [Anonymous Symbol]
    usart_v2m-mps2.o(.text.USART0_PowerControl) refers to usart_v2m-mps2.o(.rodata.USART0_Resources) for USART0_Resources
    usart_v2m-mps2.o(.text.USART0_PowerControl) refers to usart_v2m-mps2.o(.text.USART_PowerControl) for USART_PowerControl
    usart_v2m-mps2.o(.ARM.exidx.text.USART0_PowerControl) refers to usart_v2m-mps2.o(.text.USART0_PowerControl) for [Anonymous Symbol]
    usart_v2m-mps2.o(.text.USART0_Send) refers to usart_v2m-mps2.o(.rodata.USART0_Resources) for USART0_Resources
    usart_v2m-mps2.o(.text.USART0_Send) refers to usart_v2m-mps2.o(.text.USART_Send) for USART_Send
    usart_v2m-mps2.o(.ARM.exidx.text.USART0_Send) refers to usart_v2m-mps2.o(.text.USART0_Send) for [Anonymous Symbol]
    usart_v2m-mps2.o(.text.USART0_Receive) refers to usart_v2m-mps2.o(.rodata.USART0_Resources) for USART0_Resources
    usart_v2m-mps2.o(.text.USART0_Receive) refers to usart_v2m-mps2.o(.text.USART_Receive) for USART_Receive
    usart_v2m-mps2.o(.ARM.exidx.text.USART0_Receive) refers to usart_v2m-mps2.o(.text.USART0_Receive) for [Anonymous Symbol]
    usart_v2m-mps2.o(.text.USART0_Transfer) refers to usart_v2m-mps2.o(.rodata.USART0_Resources) for USART0_Resources
[...]
    xTimerTaskHandle                         0x20000174   Data           4  timers.o(privileged_data)
    xLastTime                                0x20000178   Data           4  timers.o(privileged_data)
    pxCurrentTimerList                       0x2000017c   Data           4  timers.o(privileged_data)
    pxOverflowTimerList                      0x20000180   Data           4  timers.o(privileged_data)
    xActiveTimerList1                        0x20000184   Data          20  timers.o(privileged_data)
    xActiveTimerList2                        0x20000198   Data          20  timers.o(privileged_data)
    privileged_data                          0x200001ac   Section       40  queue.o(privileged_data)
    ucHeap                                   0x200001d4   Data        4096  heap_4.o(.bss)
    .bss                                     0x200001d4   Section     4096  heap_4.o(.bss)
    .bss                                     0x200011d4   Section       84  stdio_streams.o(.bss)
    .bss                                     0x20001228   Section       84  stdio_streams.o(.bss)
    .bss                                     0x2000127c   Section       84  stdio_streams.o(.bss)
    .bss                                     0x200012d0   Section       96  libspace.o(.bss)
    USART0_Info                              0x20001330   Data           8  usart_v2m-mps2.o(.bss.USART0_Info)
    [Anonymous Symbol]                       0x20001330   Section        0  usart_v2m-mps2.o(.bss.USART0_Info)
    USART0_TransferInfo                      0x20001338   Data          24  usart_v2m-mps2.o(.bss.USART0_TransferInfo)
    [Anonymous Symbol]                       0x20001338   Section        0  usart_v2m-mps2.o(.bss.USART0_TransferInfo)

    Global Symbols

    Symbol Name                              Value     Ov Type        Size  Object(Section)

    BuildAttributes$$THM_ISAv4$E$P$D$K$B$S$7EM$VFPi3$EXTD16$VFPS$VFMA$PE$A:L22UL41UL21$X:L11$S22US41US21$IEEE1$IW$USESV6$~STKCKD$USESV7$~SHL$OTIME$ROPI$IEEEJ$EBA8$UX$STANDARDLIB$REQ8$PRES8$EABIv2 0x00000000   Number         0  anon$$obj.o ABSOLUTE
    __Vectors                                0x00000000   Data        1024  startup_cmsdk_cm4.o(RESET)
    _printf_flags                            0x00000000   Number         0  printf_stubs.o ABSOLUTE
    _printf_return_value                     0x00000000   Number         0  printf_stubs.o ABSOLUTE
    _printf_sizespec                         0x00000000   Number         0  printf_stubs.o ABSOLUTE
    _printf_widthprec                        0x00000000   Number         0  printf_stubs.o ABSOLUTE
    Image$$ZI$$Limit                          - Undefined Weak Reference
    __ARM_exceptions_init                     - Undefined Weak Reference
    __alloca_initialize                       - Undefined Weak Reference
    __arm_preinit_                            - Undefined Weak Reference
    __arm_relocate_pie_                       - Undefined Weak Reference
    __cpp_initialize__aeabi_                  - Undefined Weak Reference
    __cxa_finalize                            - Undefined Weak Reference
    __sigvec_lookup                           - Undefined Weak Reference
    __user_heap_extent                        - Undefined Weak Reference
    _atexit_init                              - Undefined Weak Reference
    _call_atexit_fns                          - Undefined Weak Reference
    _clock_init                               - Undefined Weak Reference
    _fp_trap_init                             - Undefined Weak Reference
    _fp_trap_shutdown                         - Undefined Weak Reference
    _get_lc_collate                           - Undefined Weak Reference
    _get_lc_monetary                          - Undefined Weak Reference
    _get_lc_time                              - Undefined Weak Reference
    _getenv_init                              - Undefined Weak Reference
    _handle_redirection                       - Undefined Weak Reference
    _mutex_acquire                            - Undefined Weak Reference
    _mutex_free                               - Undefined Weak Reference
    _mutex_release                            - Undefined Weak Reference
    _printf_mbtowc                            - Undefined Weak Reference
    _printf_wc                                - Undefined Weak Reference
    _rand_init                                - Undefined Weak Reference
    _signal_finish                            - Undefined Weak Reference
    _signal_init                              - Undefined Weak Reference
    __main                                   0x00000401   Thumb Code     8  __main.o(!!!main)
    __scatterload                            0x00000409   Thumb Code     0  __scatter.o(!!!scatter)
    __scatterload_rt2                        0x00000409   Thumb Code    44  __scatter.o(!!!scatter)
    __scatterload_rt2_thumb_only             0x00000409   Thumb Code     0  __scatter.o(!!!scatter)
    __scatterload_null                       0x00000417   Thumb Code     0  __scatter.o(!!!scatter)
    __decompress                             0x0000043d   Thumb Code    58  __dczerorl.o(!!dczerorl)
    __decompress0                            0x0000043d   Thumb Code     0  __dczerorl.o(!!dczerorl)
    __scatterload_zeroinit                   0x00000479   Thumb Code    28  __scatter_zi.o(!!handler_zi)
    _printf_n                                0x00000495   Thumb Code     0  _printf_n.o(.ARM.Collect$$_printf_percent$$00000001)
    _printf_percent                          0x00000495   Thumb Code     0  _printf_percent.o(.ARM.Collect$$_printf_percent$$00000000)
    _printf_p                                0x0000049b   Thumb Code     0  _printf_p.o(.ARM.Collect$$_printf_percent$$00000002)
    _printf_f                                0x000004a1   Thumb Code     0  _printf_f.o(.ARM.Collect$$_printf_percent$$00000003)
    _printf_e                                0x000004a7   Thumb Code     0  _printf_e.o(.ARM.Collect$$_printf_percent$$00000004)
    _printf_g                                0x000004ad   Thumb Code     0  _printf_g.o(.ARM.Collect$$_printf_percent$$00000005)
    _printf_a                                0x000004b3   Thumb Code     0  _printf_a.o(.ARM.Collect$$_printf_percent$$00000006)
    _printf_ll                               0x000004b9   Thumb Code     0  _printf_ll.o(.ARM.Collect$$_printf_percent$$00000007)
    _printf_i                                0x000004c3   Thumb Code     0  _printf_i.o(.ARM.Collect$$_printf_percent$$00000008)
    _printf_d                                0x000004c9   Thumb Code     0  _printf_d.o(.ARM.Collect$$_printf_percent$$00000009)
    _printf_u                                0x000004cf   Thumb Code     0  _printf_u.o(.ARM.Collect$$_printf_percent$$0000000A)
    _printf_o                                0x000004d5   Thumb Code     0  _printf_o.o(.ARM.Collect$$_printf_percent$$0000000B)
    _printf_x                                0x000004db   Thumb Code     0  _printf_x.o(.ARM.Collect$$_printf_percent$$0000000C)
    _printf_lli                              0x000004e1   Thumb Code     0  _printf_lli.o(.ARM.Collect$$_printf_percent$$0000000D)
    _printf_lld                              0x000004e7   Thumb Code     0  _printf_lld.o(.ARM.Collect$$_printf_percent$$0000000E)
    _printf_llu                              0x000004ed   Thumb Code     0  _printf_llu.o(.ARM.Collect$$_printf_percent$$0000000F)
    _printf_llo                              0x000004f3   Thumb Code     0  _printf_llo.o(.ARM.Collect$$_printf_percent$$00000010)
    _printf_llx                              0x000004f9   Thumb Code     0  _printf_llx.o(.ARM.Collect$$_printf_percent$$00000011)
    _printf_l                                0x000004ff   Thumb Code     0  _printf_l.o(.ARM.Collect$$_printf_percent$$00000012)
    _printf_c                                0x00000509   Thumb Code     0  _printf_c.o(.ARM.Collect$$_printf_percent$$00000013)
    _printf_s                                0x0000050f   Thumb Code     0  _printf_s.o(.ARM.Collect$$_printf_percent$$00000014)
    _printf_lc                               0x00000515   Thumb Code     0  _printf_lc.o(.ARM.Collect$$_printf_percent$$00000015)
    _printf_ls                               0x0000051b   Thumb Code     0  _printf_ls.o(.ARM.Collect$$_printf_percent$$00000016)
    _printf_percent_end                      0x00000521   Thumb Code     0  _printf_percent_end.o(.ARM.Collect$$_printf_percent$$00000017)
    __rt_lib_init                            0x00000525   Thumb Code     0  libinit.o(.ARM.Collect$$libinit$$00000000)
    __rt_lib_init_fp_1                       0x00000527   Thumb Code     0  libinit2.o(.ARM.Collect$$libinit$$00000001)
    __rt_lib_init_heap_2                     0x0000052b   Thumb Code     0  libinit5.o(.ARM.Collect$$libinit$$0000000A)
    __rt_lib_init_preinit_1                  0x0000052b   Thumb Code     0  libinit2.o(.ARM.Collect$$libinit$$00000006)
    __rt_lib_init_relocate_pie_1             0x0000052b   Thumb Code     0  libinit2.o(.ARM.Collect$$libinit$$00000004)
    __rt_lib_init_heap_1                     0x00000533   Thumb Code     0  libinit2.o(.ARM.Collect$$libinit$$0000000C)
    __rt_lib_init_lc_common                  0x00000533   Thumb Code     0  libinit2.o(.ARM.Collect$$libinit$$00000011)
    __rt_lib_init_rand_1                     0x00000533   Thumb Code     0  libinit2.o(.ARM.Collect$$libinit$$00000010)
    __rt_lib_init_user_alloc_1               0x00000533   Thumb Code     0  libinit2.o(.ARM.Collect$$libinit$$0000000E)
    __rt_lib_init_lc_collate_1               0x00000539   Thumb Code     0  libinit2.o(.ARM.Collect$$libinit$$00000013)
    __rt_lib_init_lc_ctype_2                 0x00000539   Thumb Code     0  libinit2.o(.ARM.Collect$$libinit$$00000014)
    __rt_lib_init_lc_ctype_1                 0x00000545   Thumb Code     0  libinit2.o(.ARM.Collect$$libinit$$00000015)
    __rt_lib_init_lc_monetary_1              0x00000545   Thumb Code     0  libinit2.o(.ARM.Collect$$libinit$$00000017)
    __rt_lib_init_lc_numeric_2               0x00000545   Thumb Code     0  libinit2.o(.ARM.Collect$$libinit$$00000018)
    __rt_lib_init_atexit_1                   0x0000054f   Thumb Code     0  libinit2.o(.ARM.Collect$$libinit$$0000001D)
    __rt_lib_init_clock_1                    0x0000054f   Thumb Code     0  libinit2.o(.ARM.Collect$$libinit$$00000023)
    __rt_lib_init_fp_trap_1                  0x0000054f   Thumb Code     0  libinit2.o(.ARM.Collect$$libinit$$00000021)
    __rt_lib_init_getenv_1                   0x0000054f   Thumb Code     0  libinit2.o(.ARM.Collect$$libinit$$00000025)
    __rt_lib_init_lc_numeric_1               0x0000054f   Thumb Code     0  libinit2.o(.ARM.Collect$$libinit$$00000019)
    __rt_lib_init_lc_time_1                  0x0000054f   Thumb Code     0  libinit2.o(.ARM.Collect$$libinit$$0000001B)
    __rt_lib_init_signal_1                   0x0000054f   Thumb Code     0  libinit2.o(.ARM.Collect$$libinit$$0000001F)
    __rt_lib_init_stdio_2                    0x0000054f   Thumb Code     0  libinit2.o(.ARM.Collect$$libinit$$00000026)
    __rt_lib_init_alloca_1                   0x00000553   Thumb Code     0  libinit2.o(.ARM.Collect$$libinit$$00000030)
    __rt_lib_init_argv_1                     0x00000553   Thumb Code     0  libinit2.o(.ARM.Collect$$libinit$$0000002E)
    __rt_lib_init_cpp_1                      0x00000553   Thumb Code     0  libinit2.o(.ARM.Collect$$libinit$$00000034)
    __rt_lib_init_exceptions_1               0x00000553   Thumb Code     0  libinit2.o(.ARM.Collect$$libinit$$00000032)
    __rt_lib_init_return                     0x00000553   Thumb Code     0  libinit2.o(.ARM.Collect$$libinit$$00000035)
    __rt_lib_init_stdio_1                    0x00000553   Thumb Code     0  libinit2.o(.ARM.Collect$$libinit$$00000027)
    __rt_lib_shutdown                        0x0000055d   Thumb Code     0  libshutdown.o(.ARM.Collect$$libshutdown$$00000000)
    __rt_lib_shutdown_cpp_1                  0x0000055f   Thumb Code     0  libshutdown2.o(.ARM.Collect$$libshutdown$$00000002)
    __rt_lib_shutdown_stdio_2                0x0000055f   Thumb Code     0  libshutdown2.o(.ARM.Collect$$libshutdown$$00000003)
    __rt_lib_shutdown_fp_trap_1              0x00000563   Thumb Code     0  libshutdown2.o(.ARM.Collect$$libshutdown$$00000007)
    __rt_lib_shutdown_heap_1                 0x00000563   Thumb Code     0  libshutdown2.o(.ARM.Collect$$libshutdown$$0000000F)
    __rt_lib_shutdown_return                 0x00000563   Thumb Code     0  libshutdown2.o(.ARM.Collect$$libshutdown$$00000010)
    __rt_lib_shutdown_signal_1               0x00000563   Thumb Code     0  libshutdown2.o(.ARM.Collect$$libshutdown$$0000000A)
    __rt_lib_shutdown_stdio_1                0x00000563   Thumb Code     0  libshutdown2.o(.ARM.Collect$$libshutdown$$00000004)
    __rt_lib_shutdown_user_alloc_1           0x00000563   Thumb Code     0  libshutdown2.o(.ARM.Collect$$libshutdown$$0000000C)
    __rt_entry                               0x00000565   Thumb Code     0  __rtentry.o(.ARM.Collect$$rtentry$$00000000)
    __rt_entry_presh_1                       0x00000565   Thumb Code     0  __rtentry2.o(.ARM.Collect$$rtentry$$00000002)
    __rt_entry_sh                            0x00000565   Thumb Code     0  __rtentry7.o(.ARM.Collect$$rtentry$$00000007)
    __rt_entry_li                            0x00000569   Thumb Code     0  __rtentry2.o(.ARM.Collect$$rtentry$$0000000A)
    __rt_entry_postsh_1                      0x00000569   Thumb Code     0  __rtentry2.o(.ARM.Collect$$rtentry$$00000009)
    __rt_entry_main                          0x0000056d   Thumb Code     0  __rtentry2.o(.ARM.Collect$$rtentry$$0000000D)
    __rt_entry_postli_1                      0x0000056d   Thumb Code     0  __rtentry2.o(.ARM.Collect$$rtentry$$0000000C)
    __rt_exit                                0x00000579   Thumb Code     0  rtexit.o(.ARM.Collect$$rtexit$$00000000)
    __rt_exit_ls                             0x0000057b   Thumb Code     0  rtexit2.o(.ARM.Collect$$rtexit$$00000003)
    __rt_exit_prels_1                        0x0000057b   Thumb Code     0  rtexit2.o(.ARM.Collect$$rtexit$$00000002)
    __rt_exit_exit                           0x0000057f   Thumb Code     0  rtexit2.o(.ARM.Collect$$rtexit$$00000004)
    vPortSwitchToUserMode                    0x00000585   Thumb Code    14  port.o(.emb_text)
    __asm___6_port_c_39a90d8d__vPortEnableVFP 0x00000593   Thumb Code    18  port.o(.emb_text)
    xPortRaisePrivilege                      0x000005a9   Thumb Code    18  port.o(.emb_text)
    __asm___6_port_c_39a90d8d__prvPortGetIPSR 0x000005bb   Thumb Code     6  port.o(.emb_text)
    stdout_init                              0x000005c1   Thumb Code    52  stdout_usart.o(.text)
    stdout_putchar                           0x000005f5   Thumb Code    30  stdout_usart.o(.text)
    MemManage_Handler                        0x00000619   Thumb Code     8  task2a.o(.text)
    prvSetupHardware                         0x00000621   Thumb Code    10  task2a.o(.text)
    AttackTest                               0x0000062b   Thumb Code    34  task2a.o(.text)
    StartFreeRTOS                            0x0000064d   Thumb Code    12  task2a.o(.text)
    xTaskNotifyStateClear                    0x000006b3   Thumb Code    46  tasks.o(.text)
    vListInitialise                          0x00000701   Thumb Code    22  list.o(.text)
    vListInitialiseItem                      0x00000717   Thumb Code     6  list.o(.text)
    vListInsertEnd                           0x0000071d   Thumb Code    24  list.o(.text)
    vListInsert                              0x00000735   Thumb Code    48  list.o(.text)
    uxListRemove                             0x00000765   Thumb Code    38  list.o(.text)
    vPortEnterCritical                       0x00000821   Thumb Code    46  port.o(.text)
    vPortExitCritical                        0x0000084f   Thumb Code    60  port.o(.text)
    vPortValidateInterruptPriority           0x0000088b   Thumb Code    74  port.o(.text)
    printf                                   0x000008dd   Thumb Code    20  printf.o(.text)
    __2printf                                0x000008f5   Thumb Code    20  __2printf.o(.text)
    _printf_int_dec                          0x0000090d   Thumb Code   104  _printf_dec.o(.text)
    __printf                                 0x00000985   Thumb Code   388  __printf_flags_ss_wp.o(.text)
    strlen                                   0x00000b0d   Thumb Code    62  strlen.o(.text)
    __aeabi_memcpy                           0x00000b4b   Thumb Code     0  rt_memcpy_v6.o(.text)
    __rt_memcpy                              0x00000b4b   Thumb Code   138  rt_memcpy_v6.o(.text)
    _memcpy_lastbytes                        0x00000bb1   Thumb Code     0  rt_memcpy_v6.o(.text)
    __aeabi_memset                           0x00000bd5   Thumb Code    16  aeabi_memset.o(.text)
    strcmp                                   0x00000be9   Thumb Code   124  strcmpv7em.o(.text)
    _printf_pre_padding                      0x00000c65   Thumb Code    44  _printf_pad.o(.text)
    _printf_post_padding                     0x00000c91   Thumb Code    34  _printf_pad.o(.text)
    _printf_truncate_signed                  0x00000cb3   Thumb Code    18  _printf_truncate.o(.text)
    _printf_truncate_unsigned                0x00000cc5   Thumb Code    18  _printf_truncate.o(.text)
    _printf_str                              0x00000cd7   Thumb Code    82  _printf_str.o(.text)
    _printf_int_common                       0x00000d29   Thumb Code   178  _printf_intcommon.o(.text)
    _printf_charcount                        0x00000ddb   Thumb Code    40  _printf_charcount.o(.text)
    _printf_char_file                        0x00000e05   Thumb Code    32  _printf_char_file.o(.text)
    _printf_wctomb                           0x00000e29   Thumb Code   182  _printf_wctomb.o(.text)
    _printf_longlong_dec                     0x00000ee5   Thumb Code   108  _printf_longlong_dec.o(.text)
    _printf_longlong_oct                     0x00000f61   Thumb Code    68  _printf_oct_int_ll.o(.text)
    _printf_int_oct                          0x00000fa5   Thumb Code    24  _printf_oct_int_ll.o(.text)
    _printf_ll_oct                           0x00000fbd   Thumb Code    12  _printf_oct_int_ll.o(.text)
    _printf_longlong_hex                     0x00000fd1   Thumb Code    86  _printf_hex_int_ll_ptr.o(.text)
    _printf_int_hex                          0x00001027   Thumb Code    28  _printf_hex_int_ll_ptr.o(.text)
    _printf_ll_hex                           0x00001043   Thumb Code    12  _printf_hex_int_ll_ptr.o(.text)
    _printf_hex_ptr                          0x0000104f   Thumb Code    18  _printf_hex_int_ll_ptr.o(.text)
    __aeabi_memcpy4                          0x00001065   Thumb Code     0  rt_memcpy_w.o(.text)
    __aeabi_memcpy8                          0x00001065   Thumb Code     0  rt_memcpy_w.o(.text)
    __rt_memcpy_w                            0x00001065   Thumb Code   100  rt_memcpy_w.o(.text)
    _memcpy_lastbytes_aligned                0x000010ad   Thumb Code     0  rt_memcpy_w.o(.text)
    __aeabi_memclr                           0x000010c9   Thumb Code     0  rt_memclr.o(.text)
    __rt_memclr                              0x000010c9   Thumb Code     0  rt_memclr.o(.text)
    _memset                                  0x000010cd   Thumb Code    64  rt_memclr.o(.text)
    _ll_udiv10                               0x0000110d   Thumb Code   138  lludiv10.o(.text)
    _printf_fp_dec_real                      0x00001347   Thumb Code   620  _printf_fp_dec.o(.text)
    _printf_fp_hex_real                      0x000015b5   Thumb Code   756  _printf_fp_hex.o(.text)
    _printf_char_common                      0x000018bb   Thumb Code    32  _printf_char_common.o(.text)
    _printf_cs_common                        0x000018e1   Thumb Code    20  _printf_char.o(.text)
    _printf_char                             0x000018f5   Thumb Code    16  _printf_char.o(.text)
    _printf_string                           0x00001905   Thumb Code     8  _printf_char.o(.text)
    _printf_lcs_common                       0x0000190d   Thumb Code    20  _printf_wchar.o(.text)
    _printf_wchar                            0x00001921   Thumb Code    16  _printf_wchar.o(.text)
    _printf_wstring                          0x00001931   Thumb Code     8  _printf_wchar.o(.text)
    ferror                                   0x00001939   Thumb Code     8  ferror.o(.text)
    _initio                                  0x00001941   Thumb Code   210  initio.o(.text)
    _terminateio                             0x00001a13   Thumb Code    56  initio.o(.text)
    _c16rtomb                                0x00001a79   Thumb Code    72  _c16rtomb.o(.text)
    _wcrtomb                                 0x00001a79   Thumb Code     0  _c16rtomb.o(.text)
    __aeabi_memclr4                          0x00001ac1   Thumb Code     0  rt_memclr_w.o(.text)
    __aeabi_memclr8                          0x00001ac1   Thumb Code     0  rt_memclr_w.o(.text)
    __rt_memclr_w                            0x00001ac1   Thumb Code     0  rt_memclr_w.o(.text)
    _memset_w                                0x00001ac5   Thumb Code    74  rt_memclr_w.o(.text)
    __rt_ctype_table                         0x00001b11   Thumb Code    16  rt_ctype_table.o(.text)
    __rt_locale                              0x00001b21   Thumb Code     8  rt_locale_intlibspace.o(.text)
    free                                     0x00001b29   Thumb Code    78  h1_free.o(.text)
    _printf_fp_infnan                        0x00001b79   Thumb Code   112  _printf_fp_infnan.o(.text)
    _btod_etento                             0x00001bf9   Thumb Code   224  bigflt0.o(.text)
    __flsbuf                                 0x00001cdd   Thumb Code   482  flsbuf.o(.text)
    __flsbuf_byte                            0x00001cdd   Thumb Code     0  flsbuf.o(.text)
    __flsbuf_wide                            0x00001cdd   Thumb Code     0  flsbuf.o(.text)
    setvbuf                                  0x00001ebf   Thumb Code    70  setvbuf.o(.text)
    freopen                                  0x00001f05   Thumb Code   160  fopen.o(.text)
    fopen                                    0x00001fa5   Thumb Code    74  fopen.o(.text)
    _fclose_internal                         0x00001ff5   Thumb Code    76  fclose.o(.text)
    fclose                                   0x00001ff5   Thumb Code     0  fclose.o(.text)
    exit                                     0x00002041   Thumb Code    18  exit.o(.text)
    __rt_SIGRTRED                            0x00002053   Thumb Code    14  defsig_rtred_outer.o(.text)
    __rt_heap_descriptor                     0x00002061   Thumb Code     8  rt_heap_descriptor_intlibspace.o(.text)
    __use_no_heap                            0x00002069   Thumb Code     2  hguard.o(.text)
    __heap$guard                             0x0000206b   Thumb Code     2  hguard.o(.text)
    _terminate_user_alloc                    0x0000206d   Thumb Code     2  init_alloc.o(.text)
    _init_user_alloc                         0x0000206f   Thumb Code     2  init_alloc.o(.text)
    __Heap_Full                              0x00002071   Thumb Code    34  init_alloc.o(.text)
    __Heap_Broken                            0x00002093   Thumb Code     6  init_alloc.o(.text)
    _init_alloc                              0x00002099   Thumb Code    94  init_alloc.o(.text)
    malloc                                   0x000020f7   Thumb Code    94  h1_alloc.o(.text)
    _fseek                                   0x00002155   Thumb Code   242  fseek.o(.text)
    fseek                                    0x00002155   Thumb Code     0  fseek.o(.text)
    _seterr                                  0x0000224d   Thumb Code    20  stdio.o(.text)
    _writebuf                                0x00002261   Thumb Code    84  stdio.o(.text)
    _fflush                                  0x000022b5   Thumb Code    70  stdio.o(.text)
    _deferredlazyseek                        0x000022fb   Thumb Code    60  stdio.o(.text)
    __sig_exit                               0x0000233d   Thumb Code    10  defsig_exit.o(.text)
    __rt_SIGRTRED_inner                      0x00002349   Thumb Code    14  defsig_rtred_inner.o(.text)
    _sys_exit                                0x0000237d   Thumb Code     8  sys_exit.o(.text)
    __I$use$semihosting                      0x00002389   Thumb Code     0  use_no_semi.o(.text)
    __use_no_semihosting_swi                 0x00002389   Thumb Code     2  use_no_semi.o(.text)
    __Heap_Initialize                        0x0000238b   Thumb Code    10  h1_init.o(.text)
    __semihosting_library_function           0x0000238b   Thumb Code     0  indicate_semi.o(.text)
    _maybe_terminate_alloc                   0x0000238b   Thumb Code     0  maybetermalloc1.o(.text)
    __Heap_DescSize                          0x00002395   Thumb Code     4  h1_init.o(.text)
    __Heap_ProvideMemory                     0x00002399   Thumb Code    52  h1_extend.o(.text)
    _ftell_internal                          0x000023cd   Thumb Code    66  ftell.o(.text)
    ftell                                    0x000023cd   Thumb Code     0  ftell.o(.text)
    __default_signal_display                 0x0000240f   Thumb Code    50  defsig_general.o(.text)
    __rt_SIGRTMEM                            0x00002441   Thumb Code    14  defsig_rtmem_outer.o(.text)
    _ttywrch                                 0x0000244f   Thumb Code    14  sys_wrch.o(.text)
    __aeabi_errno_addr                       0x0000245d   Thumb Code     8  rt_errno_addr_intlibspace.o(.text)
    __errno$intlibspace                      0x0000245d   Thumb Code     0  rt_errno_addr_intlibspace.o(.text)
    __rt_errno_addr$intlibspace              0x0000245d   Thumb Code     0  rt_errno_addr_intlibspace.o(.text)
    __rt_SIGRTMEM_inner                      0x00002465   Thumb Code    22  defsig_rtmem_inner.o(.text)
    BusFault_Handler                         0x000024b5   Thumb Code     4  startup_cmsdk_cm4.o(.text.Default_Handler)
    DUALTIMER_Handler                        0x000024b5   Thumb Code     4  startup_cmsdk_cm4.o(.text.Default_Handler)
    DebugMon_Handler                         0x000024b5   Thumb Code     4  startup_cmsdk_cm4.o(.text.Default_Handler)
    Default_Handler                          0x000024b5   Thumb Code     4  startup_cmsdk_cm4.o(.text.Default_Handler)
    ETHERNET_Handler                         0x000024b5   Thumb Code     4  startup_cmsdk_cm4.o(.text.Default_Handler)
    GPIO0ALL_Handler                         0x000024b5   Thumb Code     4  startup_cmsdk_cm4.o(.text.Default_Handler)
    GPIO0_0_Handler                          0x000024b5   Thumb Code     4  startup_cmsdk_cm4.o(.text.Default_Handler)
    GPIO0_1_Handler                          0x000024b5   Thumb Code     4  startup_cmsdk_cm4.o(.text.Default_Handler)
    GPIO0_2_Handler                          0x000024b5   Thumb Code     4  startup_cmsdk_cm4.o(.text.Default_Handler)
    GPIO0_3_Handler                          0x000024b5   Thumb Code     4  startup_cmsdk_cm4.o(.text.Default_Handler)
    GPIO0_4_Handler                          0x000024b5   Thumb Code     4  startup_cmsdk_cm4.o(.text.Default_Handler)
    GPIO0_5_Handler                          0x000024b5   Thumb Code     4  startup_cmsdk_cm4.o(.text.Default_Handler)
    GPIO0_6_Handler                          0x000024b5   Thumb Code     4  startup_cmsdk_cm4.o(.text.Default_Handler)
    GPIO0_7_Handler                          0x000024b5   Thumb Code     4  startup_cmsdk_cm4.o(.text.Default_Handler)
    GPIO1ALL_Handler                         0x000024b5   Thumb Code     4  startup_cmsdk_cm4.o(.text.Default_Handler)
    GPIO2_Handler                            0x000024b5   Thumb Code     4  startup_cmsdk_cm4.o(.text.Default_Handler)
    GPIO3_Handler                            0x000024b5   Thumb Code     4  startup_cmsdk_cm4.o(.text.Default_Handler)
    I2S_Handler                              0x000024b5   Thumb Code     4  startup_cmsdk_cm4.o(.text.Default_Handler)
    NMI_Handler                              0x000024b5   Thumb Code     4  startup_cmsdk_cm4.o(.text.Default_Handler)
    SPI_0_1_Handler                          0x000024b5   Thumb Code     4  startup_cmsdk_cm4.o(.text.Default_Handler)
    SPI_2_Handler                            0x000024b5   Thumb Code     4  startup_cmsdk_cm4.o(.text.Default_Handler)
    SPI_3_4_Handler                          0x000024b5   Thumb Code     4  startup_cmsdk_cm4.o(.text.Default_Handler)
    TIMER0_Handler                           0x000024b5   Thumb Code     4  startup_cmsdk_cm4.o(.text.Default_Handler)
    TIMER1_Handler                           0x000024b5   Thumb Code     4  startup_cmsdk_cm4.o(.text.Default_Handler)
    TOUCHSCREEN_Handler                      0x000024b5   Thumb Code     4  startup_cmsdk_cm4.o(.text.Default_Handler)
    UART1RX_Handler                          0x000024b5   Thumb Code     4  startup_cmsdk_cm4.o(.text.Default_Handler)
    UART1TX_Handler                          0x000024b5   Thumb Code     4  startup_cmsdk_cm4.o(.text.Default_Handler)
    UART2RX_Handler                          0x000024b5   Thumb Code     4  startup_cmsdk_cm4.o(.text.Default_Handler)
    UART2TX_Handler                          0x000024b5   Thumb Code     4  startup_cmsdk_cm4.o(.text.Default_Handler)
    UART3RX_Handler                          0x000024b5   Thumb Code     4  startup_cmsdk_cm4.o(.text.Default_Handler)
    UART3TX_Handler                          0x000024b5   Thumb Code     4  startup_cmsdk_cm4.o(.text.Default_Handler)
    UART4RX_Handler                          0x000024b5   Thumb Code     4  startup_cmsdk_cm4.o(.text.Default_Handler)
    UART4TX_Handler                          0x000024b5   Thumb Code     4  startup_cmsdk_cm4.o(.text.Default_Handler)
    UART_0_1_2_OVF_Handler                   0x000024b5   Thumb Code     4  startup_cmsdk_cm4.o(.text.Default_Handler)
    UsageFault_Handler                       0x000024b5   Thumb Code     4  startup_cmsdk_cm4.o(.text.Default_Handler)
    HardFault_Handler                        0x000024b9   Thumb Code     4  startup_cmsdk_cm4.o(.text.HardFault_Handler)
    ITM_SendChar                             0x000024bd   Thumb Code    66  retarget_io.o(.text.ITM_SendChar)
    Reset_Handler                            0x00002501   Thumb Code     8  startup_cmsdk_cm4.o(.text.Reset_Handler)
    SystemInit                               0x00002509   Thumb Code    54  system_cmsdk_cm4.o(.text.SystemInit)
    UART0RX_Handler                          0x00002541   Thumb Code    16  usart_v2m-mps2.o(.text.UART0RX_Handler)
    UART0TX_Handler                          0x00002551   Thumb Code    16  usart_v2m-mps2.o(.text.UART0TX_Handler)
    _sys_close                               0x00002d3d   Thumb Code    74  retarget_io.o(.text._sys_close)
    _sys_flen                                0x00002d89   Thumb Code    72  retarget_io.o(.text._sys_flen)
    _sys_istty                               0x00002dd1   Thumb Code    72  retarget_io.o(.text._sys_istty)
    _sys_open                                0x00002e19   Thumb Code   132  retarget_io.o(.text._sys_open)
    _sys_seek                                0x00002e9d   Thumb Code    82  retarget_io.o(.text._sys_seek)
    _sys_write                               0x00002ef1   Thumb Code   152  retarget_io.o(.text._sys_write)
    main                                     0x00002f89   Thumb Code    66  task2.o(.text.main)
    vTaskStart                               0x00002fdd   Thumb Code    26  task2.o(.text.vTaskStart)
    _btod_d2e                                0x00002ff7   Thumb Code    62  btod.o(CL$$btod_d2e)
    _d2e_denorm_low                          0x00003035   Thumb Code    70  btod.o(CL$$btod_d2e_denorm_low)
    _d2e_norm_op1                            0x0000307b   Thumb Code    96  btod.o(CL$$btod_d2e_norm_op1)
    __btod_div_common                        0x000030dd   Thumb Code   696  btod.o(CL$$btod_div_common)
    _e2e                                     0x00003415   Thumb Code   220  btod.o(CL$$btod_e2e)
    _btod_ediv                               0x000034f1   Thumb Code    42  btod.o(CL$$btod_ediv)
    _btod_emul                               0x0000351b   Thumb Code    42  btod.o(CL$$btod_emul)
    __btod_mult_common                       0x00003545   Thumb Code   580  btod.o(CL$$btod_mult_common)
    __ARM_fpclassify                         0x00003789   Thumb Code    48  fpclassify.o(i.__ARM_fpclassify)
    _is_digit                                0x000037b9   Thumb Code    14  __printf_wp.o(i._is_digit)
    fputc                                    0x000037c7   Thumb Code    28  fputc.o(i.fputc)
    _get_lc_numeric                          0x000037e5   Thumb Code    44  lc_numeric_c.o(locale$$code)
    _get_lc_ctype                            0x00003811   Thumb Code    44  lc_ctype_c.o(locale$$code)
    xTaskCreateRestricted                    0x000039c7   Thumb Code    86  tasks.o(privileged_functions)
    xTaskCreate                              0x00003a1d   Thumb Code    94  tasks.o(privileged_functions)
    vTaskDelete                              0x00003a7b   Thumb Code   158  tasks.o(privileged_functions)
    xTaskIncrementTick                       0x00003b19   Thumb Code   200  tasks.o(privileged_functions)
    xTaskResumeAll                           0x00003be1   Thumb Code   204  tasks.o(privileged_functions)
    vTaskSuspendAll                          0x00003d1b   Thumb Code    10  tasks.o(privileged_functions)
    vTaskDelayUntil                          0x00003d25   Thumb Code   136  tasks.o(privileged_functions)
    vTaskDelay                               0x00003dad   Thumb Code    66  tasks.o(privileged_functions)
    eTaskGetState                            0x00003def   Thumb Code    96  tasks.o(privileged_functions)
    uxTaskPriorityGet                        0x00003e4f   Thumb Code    24  tasks.o(privileged_functions)
    uxTaskPriorityGetFromISR                 0x00003e67   Thumb Code    40  tasks.o(privileged_functions)
    vTaskPrioritySet                         0x00003e8f   Thumb Code   188  tasks.o(privileged_functions)
    vTaskSwitchContext                       0x00003f4b   Thumb Code    84  tasks.o(privileged_functions)
    vTaskSuspend                             0x00003f9f   Thumb Code   178  tasks.o(privileged_functions)
    vTaskResume                              0x0000408b   Thumb Code   118  tasks.o(privileged_functions)
    xTaskResumeFromISR                       0x00004101   Thumb Code   132  tasks.o(privileged_functions)
    vTaskStartScheduler                      0x00004185   Thumb Code   106  tasks.o(privileged_functions)
    vTaskEndScheduler                        0x000041ef   Thumb Code    24  tasks.o(privileged_functions)
    xTaskGetTickCount                        0x00004207   Thumb Code     6  tasks.o(privileged_functions)
    xTaskGetTickCountFromISR                 0x0000420d   Thumb Code    12  tasks.o(privileged_functions)
    uxTaskGetNumberOfTasks                   0x00004219   Thumb Code     6  tasks.o(privileged_functions)
    pcTaskGetName                            0x0000421f   Thumb Code    28  tasks.o(privileged_functions)
    xTaskGetHandle                           0x00004293   Thumb Code   124  tasks.o(privileged_functions)
    vTaskGetInfo                             0x0000430f   Thumb Code   108  tasks.o(privileged_functions)
    uxTaskGetSystemState                     0x000043cf   Thumb Code   182  tasks.o(privileged_functions)
    xTaskGetIdleTaskHandle                   0x00004485   Thumb Code    26  tasks.o(privileged_functions)
    xTaskAbortDelay                          0x0000449f   Thumb Code   132  tasks.o(privileged_functions)
    vTaskSetApplicationTaskTag               0x00004523   Thumb Code    28  tasks.o(privileged_functions)
    xTaskGetApplicationTaskTag               0x0000453f   Thumb Code    26  tasks.o(privileged_functions)
    xTaskCallApplicationTaskHook             0x00004559   Thumb Code    18  tasks.o(privileged_functions)
    vTaskPlaceOnEventList                    0x0000456b   Thumb Code    44  tasks.o(privileged_functions)
    vTaskPlaceOnUnorderedEventList           0x00004597   Thumb Code    72  tasks.o(privileged_functions)
    vTaskPlaceOnEventListRestricted          0x000045df   Thumb Code    52  tasks.o(privileged_functions)
    xTaskRemoveFromEventList                 0x00004613   Thumb Code   112  tasks.o(privileged_functions)
    vTaskRemoveFromUnorderedEventList        0x00004683   Thumb Code   112  tasks.o(privileged_functions)
    vTaskSetTimeOutState                     0x000046f3   Thumb Code    44  tasks.o(privileged_functions)
    vTaskInternalSetTimeOutState             0x0000471f   Thumb Code    12  tasks.o(privileged_functions)
    xTaskCheckForTimeOut                     0x0000472b   Thumb Code   130  tasks.o(privileged_functions)
    vTaskMissedYield                         0x000047ad   Thumb Code     8  tasks.o(privileged_functions)
    uxTaskGetTaskNumber                      0x000047b5   Thumb Code     8  tasks.o(privileged_functions)
    vTaskSetTaskNumber                       0x000047bd   Thumb Code     8  tasks.o(privileged_functions)
    vTaskAllocateMPURegions                  0x000047c5   Thumb Code    16  tasks.o(privileged_functions)
    uxTaskGetStackHighWaterMark              0x000047d5   Thumb Code    12  tasks.o(privileged_functions)
    xTaskGetCurrentTaskHandle                0x000047e1   Thumb Code     6  tasks.o(privileged_functions)
    xTaskGetSchedulerState                   0x000047e7   Thumb Code    22  tasks.o(privileged_functions)
    xTaskPriorityInherit                     0x000047fd   Thumb Code   154  tasks.o(privileged_functions)
    xTaskPriorityDisinherit                  0x00004897   Thumb Code   150  tasks.o(privileged_functions)
    vTaskPriorityDisinheritAfterTimeout      0x0000492d   Thumb Code   168  tasks.o(privileged_functions)
    uxTaskResetEventItemValue                0x000049d5   Thumb Code    20  tasks.o(privileged_functions)
    pvTaskIncrementMutexHeldCount            0x000049e9   Thumb Code    18  tasks.o(privileged_functions)
    ulTaskNotifyTake                         0x000049fb   Thumb Code    96  tasks.o(privileged_functions)
    xTaskNotifyWait                          0x00004a5b   Thumb Code   128  tasks.o(privileged_functions)
    xTaskGenericNotify                       0x00004adb   Thumb Code   194  tasks.o(privileged_functions)
    xTaskGenericNotifyFromISR                0x00004b9d   Thumb Code   244  tasks.o(privileged_functions)
    vTaskNotifyGiveFromISR                   0x00004c91   Thumb Code   178  tasks.o(privileged_functions)
    xTimerGenericCommand                     0x00004d91   Thumb Code    88  timers.o(privileged_functions)
    xTimerCreateTimerTask                    0x00004eff   Thumb Code    56  timers.o(privileged_functions)
    xTimerCreate                             0x00004f37   Thumb Code    78  timers.o(privileged_functions)
    xTimerGetTimerDaemonTaskHandle           0x00004f85   Thumb Code    26  timers.o(privileged_functions)
    xTimerGetPeriod                          0x00004f9f   Thumb Code    22  timers.o(privileged_functions)
    xTimerGetExpiryTime                      0x00004fb5   Thumb Code    22  timers.o(privileged_functions)
    pcTimerGetName                           0x00004fcb   Thumb Code    22  timers.o(privileged_functions)
    xTimerIsTimerActive                      0x00004fe1   Thumb Code    44  timers.o(privileged_functions)
    pvTimerGetTimerID                        0x0000500d   Thumb Code    36  timers.o(privileged_functions)
    vTimerSetTimerID                         0x00005031   Thumb Code    38  timers.o(privileged_functions)
    uxTimerGetTimerNumber                    0x00005057   Thumb Code     4  timers.o(privileged_functions)
    vTimerSetTimerNumber                     0x0000505b   Thumb Code     4  timers.o(privileged_functions)
    pvPortMalloc                             0x000051b9   Thumb Code   210  heap_4.o(privileged_functions)
    vPortFree                                0x0000528b   Thumb Code    88  heap_4.o(privileged_functions)
    xPortGetFreeHeapSize                     0x000052e3   Thumb Code     6  heap_4.o(privileged_functions)
    xPortGetMinimumEverFreeHeapSize          0x000052e9   Thumb Code     6  heap_4.o(privileged_functions)
    vPortInitialiseBlocks                    0x000052ef   Thumb Code     2  heap_4.o(privileged_functions)
    SVC_Handler                              0x000052f5   Thumb Code    18  port.o(privileged_functions)
    __asm___6_port_c_39a90d8d__prvRestoreContextOfFirstTask 0x00005307   Thumb Code    54  port.o(privileged_functions)
    __asm___6_port_c_39a90d8d__prvStartFirstTask 0x00005349   Thumb Code    36  port.o(privileged_functions)
    PendSV_Handler                           0x00005371   Thumb Code   104  port.o(privileged_functions)
    pxPortInitialiseStack                    0x000053e1   Thumb Code    50  port.o(privileged_functions)
    prvSVCHandler                            0x00005413   Thumb Code    64  port.o(privileged_functions)
    xPortStartScheduler                      0x00005453   Thumb Code   172  port.o(privileged_functions)
    vPortEndScheduler                        0x000054ff   Thumb Code    28  port.o(privileged_functions)
    SysTick_Handler                          0x0000551b   Thumb Code    42  port.o(privileged_functions)
    vPortStoreTaskMPUSettings                0x00005545   Thumb Code   202  port.o(privileged_functions)
    xQueueGenericReset                       0x000056fd   Thumb Code   132  queue.o(privileged_functions)
    xQueueGenericCreate                      0x00005781   Thumb Code    86  queue.o(privileged_functions)
    xQueueGenericSend                        0x00005925   Thumb Code   368  queue.o(privileged_functions)
    xQueueCreateMutex                        0x00005a95   Thumb Code    36  queue.o(privileged_functions)
    xQueueGetMutexHolder                     0x00005ab9   Thumb Code    26  queue.o(privileged_functions)
    xQueueGetMutexHolderFromISR              0x00005ad3   Thumb Code    30  queue.o(privileged_functions)
    xQueueGiveMutexRecursive                 0x00005af1   Thumb Code    62  queue.o(privileged_functions)
    xQueueSemaphoreTake                      0x00005b2f   Thumb Code   378  queue.o(privileged_functions)
    xQueueTakeMutexRecursive                 0x00005ca9   Thumb Code    64  queue.o(privileged_functions)
    xQueueCreateCountingSemaphore            0x00005ce9   Thumb Code    58  queue.o(privileged_functions)
    xQueueGenericSendFromISR                 0x00005d23   Thumb Code   202  queue.o(privileged_functions)
    xQueueGiveFromISR                        0x00005ded   Thumb Code   172  queue.o(privileged_functions)
    xQueueReceive                            0x00005ebf   Thumb Code   306  queue.o(privileged_functions)
    xQueuePeek                               0x00005ff1   Thumb Code   304  queue.o(privileged_functions)
    xQueueReceiveFromISR                     0x00006121   Thumb Code   152  queue.o(privileged_functions)
    xQueuePeekFromISR                        0x000061b9   Thumb Code   114  queue.o(privileged_functions)
    uxQueueMessagesWaiting                   0x0000622b   Thumb Code    36  queue.o(privileged_functions)
    uxQueueSpacesAvailable                   0x0000624f   Thumb Code    40  queue.o(privileged_functions)
    uxQueueMessagesWaitingFromISR            0x00006277   Thumb Code    22  queue.o(privileged_functions)
    vQueueUnregisterQueue                    0x0000628d   Thumb Code    36  queue.o(privileged_functions)
    vQueueDelete                             0x000062b1   Thumb Code    36  queue.o(privileged_functions)
    uxQueueGetQueueNumber                    0x000062d5   Thumb Code     4  queue.o(privileged_functions)
    vQueueSetQueueNumber                     0x000062d9   Thumb Code     4  queue.o(privileged_functions)
    ucQueueGetQueueType                      0x000062dd   Thumb Code     6  queue.o(privileged_functions)
    xQueueIsQueueEmptyFromISR                0x000062e3   Thumb Code    30  queue.o(privileged_functions)
    xQueueIsQueueFullFromISR                 0x00006301   Thumb Code    34  queue.o(privileged_functions)
    vQueueAddToRegistry                      0x00006323   Thumb Code    32  queue.o(privileged_functions)
    pcQueueGetName                           0x00006343   Thumb Code    34  queue.o(privileged_functions)
    vQueueWaitForMessageRestricted           0x00006365   Thumb Code    68  queue.o(privileged_functions)
    xQueueCreateSet                          0x000063a9   Thumb Code     8  queue.o(privileged_functions)
    xQueueAddToSet                           0x000063b1   Thumb Code    34  queue.o(privileged_functions)
    xQueueRemoveFromSet                      0x000063d3   Thumb Code    34  queue.o(privileged_functions)
    xQueueSelectFromSet                      0x000063f5   Thumb Code    18  queue.o(privileged_functions)
    xQueueSelectFromSetFromISR               0x00006407   Thumb Code    18  queue.o(privileged_functions)
    _fp_init                                 0x0000643d   Thumb Code    26  fpinit.o(x$fpl$fpinit)
    __fplib_config_fpu_vfp                   0x00006455   Thumb Code     0  fpinit.o(x$fpl$fpinit)
    __fplib_config_pureend_doubles           0x00006455   Thumb Code     0  fpinit.o(x$fpl$fpinit)
    _printf_fp_dec                           0x00006457   Thumb Code     4  printf1.o(x$fpl$printf1)
    _printf_fp_hex                           0x0000645b   Thumb Code     4  printf2.o(x$fpl$printf2)
    __I$use$fp                               0x0000645e   Number         0  usenofp.o(x$fpl$usenofp)
    Driver_USART0                            0x0000655c   Data          56  usart_v2m-mps2.o(.rodata.Driver_USART0)
    __stderr_name                            0x000065b0   Data           8  retarget_io.o(.rodata.__stderr_name)
    __stdin_name                             0x000065b8   Data           7  retarget_io.o(.rodata.__stdin_name)
    __stdout_name                            0x000065bf   Data           8  retarget_io.o(.rodata.__stdout_name)
    Region$$Table$$Base                      0x000065fc   Number         0  anon$$obj.o(Region$$Table)
    Region$$Table$$Limit                     0x0000661c   Number         0  anon$$obj.o(Region$$Table)
    __ctype                                  0x00006645   Data           0  lc_ctype_c.o(locale$$data)
    __FLASH_segment_start__                  0x20000000   Data           4  task2a.o(.data)
    __FLASH_segment_end__                    0x20000004   Data           4  task2a.o(.data)
    __SRAM_segment_start__                   0x20000008   Data           4  task2a.o(.data)
    __SRAM_segment_end__                     0x2000000c   Data           4  task2a.o(.data)
    __privileged_functions_end__             0x20000010   Data           4  task2a.o(.data)
    __privileged_data_start__                0x20000014   Data           4  task2a.o(.data)
    __privileged_data_end__                  0x20000018   Data           4  task2a.o(.data)
    val                                      0x2000001c   Data           4  tasks.o(.data)
    val_a                                    0x20000044   Data           4  port.o(.data)
    val_b                                    0x20000048   Data           4  port.o(.data)
    __aeabi_stdin                            0x2000004c   Data           4  stdio_streams.o(.data)
    __aeabi_stdout                           0x20000050   Data           4  stdio_streams.o(.data)
    __aeabi_stderr                           0x20000054   Data           4  stdio_streams.o(.data)
    SystemCoreClock                          0x20000058   Data           4  system_cmsdk_cm4.o(.data.SystemCoreClock)
    pxCurrentTCB                             0x2000006c   Data           4  tasks.o(privileged_data)
    xQueueRegistry                           0x200001ac   Data          40  queue.o(privileged_data)
    __stdin                                  0x200011d4   Data          84  stdio_streams.o(.bss)
    __stdout                                 0x20001228   Data          84  stdio_streams.o(.bss)
    __stderr                                 0x2000127c   Data          84  stdio_streams.o(.bss)
    __libspace_start                         0x200012d0   Data          96  libspace.o(.bss)
    __temporary_stack_top$libspace           0x20001330   Data           0  libspace.o(.bss)
    Image$$ARM_LIB_HEAP$$ZI$$Base            0x20001350   Number         0  anon$$obj.o ABSOLUTE
    Image$$ARM_LIB_HEAP$$ZI$$Limit           0x20001f50   Number         0  anon$$obj.o ABSOLUTE
    Image$$ARM_LIB_STACK$$ZI$$Limit          0x20040000   Number         0  anon$$obj.o ABSOLUTE



==============================================================================

Memory Map of the image

  Image Entry point : 0x00000401

  Load Region LR_ROM (Base: 0x00000000, Size: 0x0000691c, Max: 0x00080000, ABSOLUTE, COMPRESSED[0x00006774])

    Execution Region ER_ROM (Exec base: 0x00000000, Load base: 0x00000000, Size: 0x00006748, Max: 0x00080000, ABSOLUTE)

    Exec Addr    Load Addr    Size         Type   Attr      Idx    E Section Name        Object

    0x00000000   0x00000000   0x00000400   Data   RO          147    RESET               startup_cmsdk_cm4.o
    0x00000400   0x00000400   0x00000008   Code   RO          609  * !!!main             c_w.l(__main.o)
    0x00000408   0x00000408   0x00000034   Code   RO         1111    !!!scatter          c_w.l(__scatter.o)
    0x0000043c   0x0000043c   0x0000003a   Code   RO         1109    !!dczerorl          c_w.l(__dczerorl.o)
    0x00000476   0x00000476   0x00000002   PAD
    0x00000478   0x00000478   0x0000001c   Code   RO         1113    !!handler_zi        c_w.l(__scatter_zi.o)
    0x00000494   0x00000494   0x00000000   Code   RO          600    .ARM.Collect$$_printf_percent$$00000000  c_w.l(_printf_percent.o)
    0x00000494   0x00000494   0x00000006   Code   RO          658    .ARM.Collect$$_printf_percent$$00000001  c_w.l(_printf_n.o)
    0x0000049a   0x0000049a   0x00000006   Code   RO          660    .ARM.Collect$$_printf_percent$$00000002  c_w.l(_printf_p.o)
    0x000004a0   0x000004a0   0x00000006   Code   RO          664    .ARM.Collect$$_printf_percent$$00000003  c_w.l(_printf_f.o)
    0x000004a6   0x000004a6   0x00000006   Code   RO          665    .ARM.Collect$$_printf_percent$$00000004  c_w.l(_printf_e.o)
    0x000004ac   0x000004ac   0x00000006   Code   RO          666    .ARM.Collect$$_printf_percent$$00000005  c_w.l(_printf_g.o)
    0x000004b2   0x000004b2   0x00000006   Code   RO          667    .ARM.Collect$$_printf_percent$$00000006  c_w.l(_printf_a.o)
    0x000004b8   0x000004b8   0x0000000a   Code   RO          672    .ARM.Collect$$_printf_percent$$00000007  c_w.l(_printf_ll.o)
    0x000004c2   0x000004c2   0x00000006   Code   RO          662    .ARM.Collect$$_printf_percent$$00000008  c_w.l(_printf_i.o)
    0x000004c8   0x000004c8   0x00000006   Code   RO          663    .ARM.Collect$$_printf_percent$$00000009  c_w.l(_printf_d.o)
    0x000004ce   0x000004ce   0x00000006   Code   RO          599    .ARM.Collect$$_printf_percent$$0000000A  c_w.l(_printf_u.o)
    0x000004d4   0x000004d4   0x00000006   Code   RO          661    .ARM.Collect$$_printf_percent$$0000000B  c_w.l(_printf_o.o)
    0x000004da   0x000004da   0x00000006   Code   RO          659    .ARM.Collect$$_printf_percent$$0000000C  c_w.l(_printf_x.o)
    0x000004e0   0x000004e0   0x00000006   Code   RO          669    .ARM.Collect$$_printf_percent$$0000000D  c_w.l(_printf_lli.o)
    0x000004e6   0x000004e6   0x00000006   Code   RO          670    .ARM.Collect$$_printf_percent$$0000000E  c_w.l(_printf_lld.o)
    0x000004ec   0x000004ec   0x00000006   Code   RO          671    .ARM.Collect$$_printf_percent$$0000000F  c_w.l(_printf_llu.o)
    0x000004f2   0x000004f2   0x00000006   Code   RO          676    .ARM.Collect$$_printf_percent$$00000010  c_w.l(_printf_llo.o)
    0x000004f8   0x000004f8   0x00000006   Code   RO          677    .ARM.Collect$$_printf_percent$$00000011  c_w.l(_printf_llx.o)
    0x000004fe   0x000004fe   0x0000000a   Code   RO          673    .ARM.Collect$$_printf_percent$$00000012  c_w.l(_printf_l.o)
    0x00000508   0x00000508   0x00000006   Code   RO          656    .ARM.Collect$$_printf_percent$$00000013  c_w.l(_printf_c.o)
    0x0000050e   0x0000050e   0x00000006   Code   RO          657    .ARM.Collect$$_printf_percent$$00000014  c_w.l(_printf_s.o)
    0x00000514   0x00000514   0x00000006   Code   RO          674    .ARM.Collect$$_printf_percent$$00000015  c_w.l(_printf_lc.o)
    0x0000051a   0x0000051a   0x00000006   Code   RO          675    .ARM.Collect$$_printf_percent$$00000016  c_w.l(_printf_ls.o)
    0x00000520   0x00000520   0x00000004   Code   RO          668    .ARM.Collect$$_printf_percent$$00000017  c_w.l(_printf_percent_end.o)
    0x00000524   0x00000524   0x00000002   Code   RO          874    .ARM.Collect$$libinit$$00000000  c_w.l(libinit.o)
    0x00000526   0x00000526   0x00000004   Code   RO          875    .ARM.Collect$$libinit$$00000001  c_w.l(libinit2.o)
    0x0000052a   0x0000052a   0x00000000   Code   RO          878    .ARM.Collect$$libinit$$00000004  c_w.l(libinit2.o)
    0x0000052a   0x0000052a   0x00000000   Code   RO          880    .ARM.Collect$$libinit$$00000006  c_w.l(libinit2.o)
    0x0000052a   0x0000052a   0x00000008   Code   RO         1004    .ARM.Collect$$libinit$$0000000A  c_w.l(libinit5.o)
    0x00000532   0x00000532   0x00000000   Code   RO          883    .ARM.Collect$$libinit$$0000000C  c_w.l(libinit2.o)
    0x00000532   0x00000532   0x00000000   Code   RO          885    .ARM.Collect$$libinit$$0000000E  c_w.l(libinit2.o)
    0x00000532   0x00000532   0x00000000   Code   RO          887    .ARM.Collect$$libinit$$00000010  c_w.l(libinit2.o)
    0x00000532   0x00000532   0x00000006   Code   RO          888    .ARM.Collect$$libinit$$00000011  c_w.l(libinit2.o)
    0x00000538   0x00000538   0x00000000   Code   RO          890    .ARM.Collect$$libinit$$00000013  c_w.l(libinit2.o)
    0x00000538   0x00000538   0x0000000c   Code   RO          891    .ARM.Collect$$libinit$$00000014  c_w.l(libinit2.o)
    0x00000544   0x00000544   0x00000000   Code   RO          892    .ARM.Collect$$libinit$$00000015  c_w.l(libinit2.o)
    0x00000544   0x00000544   0x00000000   Code   RO          894    .ARM.Collect$$libinit$$00000017  c_w.l(libinit2.o)
    0x00000544   0x00000544   0x0000000a   Code   RO          895    .ARM.Collect$$libinit$$00000018  c_w.l(libinit2.o)
    0x0000054e   0x0000054e   0x00000000   Code   RO          896    .ARM.Collect$$libinit$$00000019  c_w.l(libinit2.o)
    0x0000054e   0x0000054e   0x00000000   Code   RO          898    .ARM.Collect$$libinit$$0000001B  c_w.l(libinit2.o)
    0x0000054e   0x0000054e   0x00000000   Code   RO          900    .ARM.Collect$$libinit$$0000001D  c_w.l(libinit2.o)
    0x0000054e   0x0000054e   0x00000000   Code   RO          902    .ARM.Collect$$libinit$$0000001F  c_w.l(libinit2.o)
    0x0000054e   0x0000054e   0x00000000   Code   RO          904    .ARM.Collect$$libinit$$00000021  c_w.l(libinit2.o)
    0x0000054e   0x0000054e   0x00000000   Code   RO          906    .ARM.Collect$$libinit$$00000023  c_w.l(libinit2.o)
    0x0000054e   0x0000054e   0x00000000   Code   RO          908    .ARM.Collect$$libinit$$00000025  c_w.l(libinit2.o)
    0x0000054e   0x0000054e   0x00000004   Code   RO          909    .ARM.Collect$$libinit$$00000026  c_w.l(libinit2.o)
    0x00000552   0x00000552   0x00000000   Code   RO          910    .ARM.Collect$$libinit$$00000027  c_w.l(libinit2.o)
    0x00000552   0x00000552   0x00000000   Code   RO          914    .ARM.Collect$$libinit$$0000002E  c_w.l(libinit2.o)
    0x00000552   0x00000552   0x00000000   Code   RO          916    .ARM.Collect$$libinit$$00000030  c_w.l(libinit2.o)
    0x00000552   0x00000552   0x00000000   Code   RO          918    .ARM.Collect$$libinit$$00000032  c_w.l(libinit2.o)
    0x00000552   0x00000552   0x00000000   Code   RO          920    .ARM.Collect$$libinit$$00000034  c_w.l(libinit2.o)
    0x00000552   0x00000552   0x00000002   Code   RO          921    .ARM.Collect$$libinit$$00000035  c_w.l(libinit2.o)
    0x00000554   0x00000554   0x00000008   Code   RO         1005    .ARM.Collect$$libinit$$0000271B  c_w.l(libinit5.o)
    0x0000055c   0x0000055c   0x00000002   Code   RO         1088    .ARM.Collect$$libshutdown$$00000000  c_w.l(libshutdown.o)
    0x0000055e   0x0000055e   0x00000000   Code   RO          923    .ARM.Collect$$libshutdown$$00000002  c_w.l(libshutdown2.o)
    0x0000055e   0x0000055e   0x00000004   Code   RO          924    .ARM.Collect$$libshutdown$$00000003  c_w.l(libshutdown2.o)
    0x00000562   0x00000562   0x00000000   Code   RO          925    .ARM.Collect$$libshutdown$$00000004  c_w.l(libshutdown2.o)
    0x00000562   0x00000562   0x00000000   Code   RO          928    .ARM.Collect$$libshutdown$$00000007  c_w.l(libshutdown2.o)
    0x00000562   0x00000562   0x00000000   Code   RO          931    .ARM.Collect$$libshutdown$$0000000A  c_w.l(libshutdown2.o)
    0x00000562   0x00000562   0x00000000   Code   RO          933    .ARM.Collect$$libshutdown$$0000000C  c_w.l(libshutdown2.o)
    0x00000562   0x00000562   0x00000000   Code   RO          936    .ARM.Collect$$libshutdown$$0000000F  c_w.l(libshutdown2.o)
    0x00000562   0x00000562   0x00000002   Code   RO          937    .ARM.Collect$$libshutdown$$00000010  c_w.l(libshutdown2.o)
    0x00000564   0x00000564   0x00000000   Code   RO          611    .ARM.Collect$$rtentry$$00000000  c_w.l(__rtentry.o)
    0x00000564   0x00000564   0x00000000   Code   RO          697    .ARM.Collect$$rtentry$$00000002  c_w.l(__rtentry2.o)
    0x00000564   0x00000564   0x00000004   Code   RO          711    .ARM.Collect$$rtentry$$00000007  c_w.l(__rtentry7.o)
    0x00000568   0x00000568   0x00000000   Code   RO          699    .ARM.Collect$$rtentry$$00000009  c_w.l(__rtentry2.o)
    0x00000568   0x00000568   0x00000004   Code   RO          700    .ARM.Collect$$rtentry$$0000000A  c_w.l(__rtentry2.o)
    0x0000056c   0x0000056c   0x00000000   Code   RO          702    .ARM.Collect$$rtentry$$0000000C  c_w.l(__rtentry2.o)
    0x0000056c   0x0000056c   0x00000008   Code   RO          703    .ARM.Collect$$rtentry$$0000000D  c_w.l(__rtentry2.o)
    0x00000574   0x00000574   0x00000004   Code   RO          712    .ARM.Collect$$rtentry$$00002718  c_w.l(__rtentry7.o)
    0x00000578   0x00000578   0x00000002   Code   RO          952    .ARM.Collect$$rtexit$$00000000  c_w.l(rtexit.o)
    0x0000057a   0x0000057a   0x00000000   Code   RO         1018    .ARM.Collect$$rtexit$$00000002  c_w.l(rtexit2.o)
    0x0000057a   0x0000057a   0x00000004   Code   RO         1019    .ARM.Collect$$rtexit$$00000003  c_w.l(rtexit2.o)
    0x0000057e   0x0000057e   0x00000006   Code   RO         1020    .ARM.Collect$$rtexit$$00000004  c_w.l(rtexit2.o)
    0x00000584   0x00000584   0x0000003c   Code   RO          481    .emb_text           task2a_23.lib(port.o)
    0x000005c0   0x000005c0   0x00000058   Code   RO          166    .text               task2a_23.lib(stdout_usart.o)
    0x00000618   0x00000618   0x00000060   Code   RO          199    .text               task2a_23.lib(task2a.o)
    0x00000678   0x00000678   0x00000088   Code   RO          313    .text               task2a_23.lib(tasks.o)
    0x00000700   0x00000700   0x0000008a   Code   RO          378    .text               task2a_23.lib(list.o)
    0x0000078a   0x0000078a   0x00000002   PAD
    0x0000078c   0x0000078c   0x00000094   Code   RO          448    .text               task2a_23.lib(heap_4.o)
    0x00000820   0x00000820   0x000000bc   Code   RO          482    .text               task2a_23.lib(port.o)
    0x000008dc   0x000008dc   0x00000018   Code   RO          569    .text               c_w.l(printf.o)
    0x000008f4   0x000008f4   0x00000018   Code   RO          571    .text               c_w.l(__2printf.o)
    0x0000090c   0x0000090c   0x00000078   Code   RO          577    .text               c_w.l(_printf_dec.o)
    0x00000984   0x00000984   0x00000188   Code   RO          596    .text               c_w.l(__printf_flags_ss_wp.o)
    0x00000b0c   0x00000b0c   0x0000003e   Code   RO          601    .text               c_w.l(strlen.o)
    0x00000b4a   0x00000b4a   0x0000008a   Code   RO          603    .text               c_w.l(rt_memcpy_v6.o)
    0x00000bd4   0x00000bd4   0x00000010   Code   RO          605    .text               c_w.l(aeabi_memset.o)
    0x00000be4   0x00000be4   0x00000004   PAD
    0x00000be8   0x00000be8   0x0000007c   Code   RO          607    .text               c_w.l(strcmpv7em.o)
    0x00000c64   0x00000c64   0x0000004e   Code   RO          612    .text               c_w.l(_printf_pad.o)
    0x00000cb2   0x00000cb2   0x00000024   Code   RO          614    .text               c_w.l(_printf_truncate.o)
    0x00000cd6   0x00000cd6   0x00000052   Code   RO          616    .text               c_w.l(_printf_str.o)
    0x00000d28   0x00000d28   0x000000b2   Code   RO          618    .text               c_w.l(_printf_intcommon.o)
    0x00000dda   0x00000dda   0x00000028   Code   RO          620    .text               c_w.l(_printf_charcount.o)
    0x00000e02   0x00000e02   0x00000002   PAD
    0x00000e04   0x00000e04   0x00000024   Code   RO          622    .text               c_w.l(_printf_char_file.o)
    0x00000e28   0x00000e28   0x000000bc   Code   RO          624    .text               c_w.l(_printf_wctomb.o)
    0x00000ee4   0x00000ee4   0x0000007c   Code   RO          627    .text               c_w.l(_printf_longlong_dec.o)
    0x00000f60   0x00000f60   0x00000070   Code   RO          633    .text               c_w.l(_printf_oct_int_ll.o)
    0x00000fd0   0x00000fd0   0x00000094   Code   RO          653    .text               c_w.l(_printf_hex_int_ll_ptr.o)
    0x00001064   0x00001064   0x00000064   Code   RO          684    .text               c_w.l(rt_memcpy_w.o)
    0x000010c8   0x000010c8   0x00000044   Code   RO          686    .text               c_w.l(rt_memclr.o)
    0x0000110c   0x0000110c   0x0000008a   Code   RO          716    .text               c_w.l(lludiv10.o)
    0x00001196   0x00001196   0x0000041c   Code   RO          718    .text               c_w.l(_printf_fp_dec.o)
    0x000015b2   0x000015b2   0x00000002   PAD
    0x000015b4   0x000015b4   0x000002fc   Code   RO          722    .text               c_w.l(_printf_fp_hex.o)
    0x000018b0   0x000018b0   0x00000030   Code   RO          725    .text               c_w.l(_printf_char_common.o)
    0x000018e0   0x000018e0   0x0000002c   Code   RO          727    .text               c_w.l(_printf_char.o)
    0x0000190c   0x0000190c   0x0000002c   Code   RO          729    .text               c_w.l(_printf_wchar.o)
    0x00001938   0x00001938   0x00000008   Code   RO          731    .text               c_w.l(ferror.o)
    0x00001940   0x00001940   0x00000138   Code   RO          737    .text               c_w.l(initio.o)
    0x00001a78   0x00001a78   0x00000048   Code   RO          745    .text               c_w.l(_c16rtomb.o)
    0x00001ac0   0x00001ac0   0x0000004e   Code   RO          747    .text               c_w.l(rt_memclr_w.o)
    0x00001b0e   0x00001b0e   0x00000002   PAD
    0x00001b10   0x00001b10   0x00000010   Code   RO          753    .text               c_w.l(rt_ctype_table.o)
    0x00001b20   0x00001b20   0x00000008   Code   RO          758    .text               c_w.l(rt_locale_intlibspace.o)
    0x00001b28   0x00001b28   0x0000004e   Code   RO          762    .text               c_w.l(h1_free.o)
    0x00001b76   0x00001b76   0x00000002   PAD
    0x00001b78   0x00001b78   0x00000080   Code   RO          816    .text               c_w.l(_printf_fp_infnan.o)
    0x00001bf8   0x00001bf8   0x000000e4   Code   RO          820    .text               c_w.l(bigflt0.o)
    0x00001cdc   0x00001cdc   0x000001e2   Code   RO          847    .text               c_w.l(flsbuf.o)
    0x00001ebe   0x00001ebe   0x00000046   Code   RO          849    .text               c_w.l(setvbuf.o)
    0x00001f04   0x00001f04   0x000000f0   Code   RO          852    .text               c_w.l(fopen.o)
    0x00001ff4   0x00001ff4   0x0000004c   Code   RO          854    .text               c_w.l(fclose.o)
    0x00002040   0x00002040   0x00000012   Code   RO          863    .text               c_w.l(exit.o)
    0x00002052   0x00002052   0x0000000e   Code   RO          865    .text               c_w.l(defsig_rtred_outer.o)
    0x00002060   0x00002060   0x00000008   Code   RO          959    .text               c_w.l(rt_heap_descriptor_intlibspace.o)
    0x00002068   0x00002068   0x00000004   Code   RO          961    .text               c_w.l(hguard.o)
    0x0000206c   0x0000206c   0x0000008a   Code   RO          963    .text               c_w.l(init_alloc.o)
    0x000020f6   0x000020f6   0x0000005e   Code   RO          969    .text               c_w.l(h1_alloc.o)
    0x00002154   0x00002154   0x000000f8   Code   RO          985    .text               c_w.l(fseek.o)
    0x0000224c   0x0000224c   0x000000f0   Code   RO          987    .text               c_w.l(stdio.o)
    0x0000233c   0x0000233c   0x0000000a   Code   RO          996    .text               c_w.l(defsig_exit.o)
    0x00002346   0x00002346   0x00000002   PAD
    0x00002348   0x00002348   0x00000034   Code   RO          998    .text               c_w.l(defsig_rtred_inner.o)
    0x0000237c   0x0000237c   0x0000000c   Code   RO         1010    .text               c_w.l(sys_exit.o)
    0x00002388   0x00002388   0x00000002   Code   RO         1014    .text               c_w.l(use_no_semi.o)
    0x0000238a   0x0000238a   0x00000000   Code   RO         1016    .text               c_w.l(indicate_semi.o)
    0x0000238a   0x0000238a   0x00000000   Code   RO         1024    .text               c_w.l(maybetermalloc1.o)
    0x0000238a   0x0000238a   0x0000000e   Code   RO         1026    .text               c_w.l(h1_init.o)
    0x00002398   0x00002398   0x00000034   Code   RO         1028    .text               c_w.l(h1_extend.o)
    0x000023cc   0x000023cc   0x00000042   Code   RO         1040    .text               c_w.l(ftell.o)
    0x0000240e   0x0000240e   0x00000032   Code   RO         1048    .text               c_w.l(defsig_general.o)
    0x00002440   0x00002440   0x0000000e   Code   RO         1050    .text               c_w.l(defsig_rtmem_outer.o)
    0x0000244e   0x0000244e   0x0000000e   Code   RO         1065    .text               c_w.l(sys_wrch.o)
    0x0000245c   0x0000245c   0x00000008   Code   RO         1076    .text               c_w.l(rt_errno_addr_intlibspace.o)
    0x00002464   0x00002464   0x00000050   Code   RO         1082    .text               c_w.l(defsig_rtmem_inner.o)
    0x000024b4   0x000024b4   0x00000004   Code   RO          141    .text.Default_Handler  startup_cmsdk_cm4.o
    0x000024b8   0x000024b8   0x00000004   Code   RO          145    .text.HardFault_Handler  startup_cmsdk_cm4.o
    0x000024bc   0x000024bc   0x00000042   Code   RO          107    .text.ITM_SendChar  retarget_io.o
    0x000024fe   0x000024fe   0x00000002   PAD
    0x00002500   0x00002500   0x00000008   Code   RO          143    .text.Reset_Handler  startup_cmsdk_cm4.o
    0x00002508   0x00002508   0x00000036   Code   RO          157    .text.SystemInit    system_cmsdk_cm4.o
    0x0000253e   0x0000253e   0x00000002   PAD
    0x00002540   0x00002540   0x00000010   Code   RO           25    .text.UART0RX_Handler  usart_v2m-mps2.o
    0x00002550   0x00002550   0x00000010   Code   RO           29    .text.UART0TX_Handler  usart_v2m-mps2.o
    0x00002560   0x00002560   0x0000001c   Code   RO           53    .text.USART0_Control  usart_v2m-mps2.o
    0x0000257c   0x0000257c   0x00000018   Code   RO           35    .text.USART0_GetCapabilities  usart_v2m-mps2.o
    0x00002594   0x00002594   0x00000018   Code   RO           59    .text.USART0_GetModemStatus  usart_v2m-mps2.o
    0x000025ac   0x000025ac   0x00000010   Code   RO           51    .text.USART0_GetRxCount  usart_v2m-mps2.o
    0x000025bc   0x000025bc   0x00000018   Code   RO           55    .text.USART0_GetStatus  usart_v2m-mps2.o
    0x000025d4   0x000025d4   0x00000010   Code   RO           49    .text.USART0_GetTxCount  usart_v2m-mps2.o
    0x000025e4   0x000025e4   0x00000018   Code   RO           37    .text.USART0_Initialize  usart_v2m-mps2.o
    0x000025fc   0x000025fc   0x0000001c   Code   RO           41    .text.USART0_PowerControl  usart_v2m-mps2.o
    0x00002618   0x00002618   0x0000001c   Code   RO           45    .text.USART0_Receive  usart_v2m-mps2.o
    0x00002634   0x00002634   0x0000001c   Code   RO           43    .text.USART0_Send   usart_v2m-mps2.o
    0x00002650   0x00002650   0x0000001c   Code   RO           57    .text.USART0_SetModemControl  usart_v2m-mps2.o
    0x0000266c   0x0000266c   0x00000020   Code   RO           47    .text.USART0_Transfer  usart_v2m-mps2.o
    0x0000268c   0x0000268c   0x00000010   Code   RO           39    .text.USART0_Uninitialize  usart_v2m-mps2.o
    0x0000269c   0x0000269c   0x00000082   Code   RO           27    .text.USARTRX_IRQHandler  usart_v2m-mps2.o
    0x0000271e   0x0000271e   0x00000002   PAD
    0x00002720   0x00002720   0x00000080   Code   RO           31    .text.USARTTX_IRQHandler  usart_v2m-mps2.o
    0x000027a0   0x000027a0   0x0000019e   Code   RO           85    .text.USART_Control  usart_v2m-mps2.o
    0x0000293e   0x0000293e   0x00000002   PAD
    0x00002940   0x00002940   0x00000010   Code   RO           61    .text.USART_GetCapabilities  usart_v2m-mps2.o
    0x00002950   0x00002950   0x0000000e   Code   RO           91    .text.USART_GetModemStatus  usart_v2m-mps2.o
    0x0000295e   0x0000295e   0x00000002   PAD
    0x00002960   0x00002960   0x0000000e   Code   RO           83    .text.USART_GetRxCount  usart_v2m-mps2.o
    0x0000296e   0x0000296e   0x00000002   PAD
    0x00002970   0x00002970   0x00000044   Code   RO           87    .text.USART_GetStatus  usart_v2m-mps2.o
    0x000029b4   0x000029b4   0x0000000e   Code   RO           81    .text.USART_GetTxCount  usart_v2m-mps2.o
    0x000029c2   0x000029c2   0x00000002   PAD
    0x000029c4   0x000029c4   0x0000006c   Code   RO           63    .text.USART_Initialize  usart_v2m-mps2.o
    0x00002a30   0x00002a30   0x000000de   Code   RO           67    .text.USART_PowerControl  usart_v2m-mps2.o
    0x00002b0e   0x00002b0e   0x00000002   PAD
    0x00002b10   0x00002b10   0x0000008e   Code   RO           77    .text.USART_Receive  usart_v2m-mps2.o
    0x00002b9e   0x00002b9e   0x00000002   PAD
    0x00002ba0   0x00002ba0   0x00000094   Code   RO           75    .text.USART_Send    usart_v2m-mps2.o
    0x00002c34   0x00002c34   0x00000010   Code   RO           89    .text.USART_SetModemControl  usart_v2m-mps2.o
    0x00002c44   0x00002c44   0x00000012   Code   RO           79    .text.USART_Transfer  usart_v2m-mps2.o
    0x00002c56   0x00002c56   0x00000002   PAD
    0x00002c58   0x00002c58   0x00000036   Code   RO           65    .text.USART_Uninitialize  usart_v2m-mps2.o
    0x00002c8e   0x00002c8e   0x00000002   PAD
    0x00002c90   0x00002c90   0x00000014   Code   RO           33    .text.USARTx_GetVersion  usart_v2m-mps2.o
    0x00002ca4   0x00002ca4   0x00000030   Code   RO           71    .text.__NVIC_ClearPendingIRQ  usart_v2m-mps2.o
    0x00002cd4   0x00002cd4   0x00000038   Code   RO           69    .text.__NVIC_DisableIRQ  usart_v2m-mps2.o
    0x00002d0c   0x00002d0c   0x00000030   Code   RO           73    .text.__NVIC_EnableIRQ  usart_v2m-mps2.o
    0x00002d3c   0x00002d3c   0x0000004a   Code   RO          113    .text._sys_close    retarget_io.o
    0x00002d86   0x00002d86   0x00000002   PAD
    0x00002d88   0x00002d88   0x00000048   Code   RO          127    .text._sys_flen     retarget_io.o
    0x00002dd0   0x00002dd0   0x00000048   Code   RO          123    .text._sys_istty    retarget_io.o
    0x00002e18   0x00002e18   0x00000084   Code   RO          111    .text._sys_open     retarget_io.o
    0x00002e9c   0x00002e9c   0x00000052   Code   RO          125    .text._sys_seek     retarget_io.o
    0x00002eee   0x00002eee   0x00000002   PAD
    0x00002ef0   0x00002ef0   0x00000098   Code   RO          115    .text._sys_write    retarget_io.o
    0x00002f88   0x00002f88   0x00000042   Code   RO           14    .text.main          task2.o
    0x00002fca   0x00002fca   0x00000002   PAD
    0x00002fcc   0x00002fcc   0x00000010   Code   RO          117    .text.stderr_putchar  retarget_io.o
    0x00002fdc   0x00002fdc   0x0000001a   Code   RO           12    .text.vTaskStart    task2.o
    0x00002ff6   0x00002ff6   0x0000003e   Code   RO          823    CL$$btod_d2e        c_w.l(btod.o)
    0x00003034   0x00003034   0x00000046   Code   RO          825    CL$$btod_d2e_denorm_low  c_w.l(btod.o)
    0x0000307a   0x0000307a   0x00000060   Code   RO          824    CL$$btod_d2e_norm_op1  c_w.l(btod.o)
    0x000030da   0x000030da   0x00000002   PAD
    0x000030dc   0x000030dc   0x00000338   Code   RO          833    CL$$btod_div_common  c_w.l(btod.o)
    0x00003414   0x00003414   0x000000dc   Code   RO          830    CL$$btod_e2e        c_w.l(btod.o)
    0x000034f0   0x000034f0   0x0000002a   Code   RO          827    CL$$btod_ediv       c_w.l(btod.o)
    0x0000351a   0x0000351a   0x0000002a   Code   RO          826    CL$$btod_emul       c_w.l(btod.o)
    0x00003544   0x00003544   0x00000244   Code   RO          832    CL$$btod_mult_common  c_w.l(btod.o)
    0x00003788   0x00003788   0x00000030   Code   RO          943    i.__ARM_fpclassify  m_wm.l(fpclassify.o)
    0x000037b8   0x000037b8   0x0000000e   Code   RO          589    i._is_digit         c_w.l(__printf_wp.o)
    0x000037c6   0x000037c6   0x0000001c   Code   RO          734    i.fputc             c_w.l(fputc.o)
    0x000037e2   0x000037e2   0x00000002   PAD
    0x000037e4   0x000037e4   0x0000002c   Code   RO          861    locale$$code        c_w.l(lc_numeric_c.o)
    0x00003810   0x00003810   0x0000002c   Code   RO          994    locale$$code        c_w.l(lc_ctype_c.o)
    0x0000383c   0x0000383c   0x00001520   Code   RO          314    privileged_functions  task2a_23.lib(tasks.o)
    0x00004d5c   0x00004d5c   0x0000045c   Code   RO          409    privileged_functions  task2a_23.lib(timers.o)
    0x000051b8   0x000051b8   0x0000013c   Code   RO          449    privileged_functions  task2a_23.lib(heap_4.o)
    0x000052f4   0x000052f4   0x000000ec   Code   RO          480    privileged_functions  task2a_23.lib(port.o)
    0x000053e0   0x000053e0   0x0000031c   Code   RO          483    privileged_functions  task2a_23.lib(port.o)
    0x000056fc   0x000056fc   0x00000d40   Code   RO          538    privileged_functions  task2a_23.lib(queue.o)
    0x0000643c   0x0000643c   0x0000001a   Code   RO         1008    x$fpl$fpinit        fz_wm.l(fpinit.o)
    0x00006456   0x00006456   0x00000004   Code   RO          688    x$fpl$printf1       fz_wm.l(printf1.o)
    0x0000645a   0x0000645a   0x00000004   Code   RO          690    x$fpl$printf2       fz_wm.l(printf2.o)
    0x0000645e   0x0000645e   0x00000000   Code   RO          942    x$fpl$usenofp       fz_wm.l(usenofp.o)
    0x0000645e   0x0000645e   0x00000011   Data   RO          597    .constdata          c_w.l(__printf_flags_ss_wp.o)
    0x0000646f   0x0000646f   0x00000001   PAD
    0x00006470   0x00006470   0x00000008   Data   RO          625    .constdata          c_w.l(_printf_wctomb.o)
    0x00006478   0x00006478   0x00000028   Data   RO          654    .constdata          c_w.l(_printf_hex_int_ll_ptr.o)
    0x000064a0   0x000064a0   0x00000026   Data   RO          723    .constdata          c_w.l(_printf_fp_hex.o)
    0x000064c6   0x000064c6   0x00000002   PAD
    0x000064c8   0x000064c8   0x00000094   Data   RO          821    .constdata          c_w.l(bigflt0.o)
    0x0000655c   0x0000655c   0x00000038   Data   RO           93    .rodata.Driver_USART0  usart_v2m-mps2.o
    0x00006594   0x00006594   0x0000001c   Data   RO           98    .rodata.USART0_Resources  usart_v2m-mps2.o
    0x000065b0   0x000065b0   0x00000008   Data   RO          132    .rodata.__stderr_name  retarget_io.o
    0x000065b8   0x000065b8   0x00000007   Data   RO          130    .rodata.__stdin_name  retarget_io.o
    0x000065bf   0x000065bf   0x00000008   Data   RO          131    .rodata.__stdout_name  retarget_io.o
    0x000065c7   0x000065c7   0x00000019   Data   RO           16    .rodata.str1.1      task2.o
    0x000065e0   0x000065e0   0x00000017   Data   RO          133    .rodata.str1.1      retarget_io.o
    0x000065f7   0x000065f7   0x00000001   PAD
    0x000065f8   0x000065f8   0x00000004   Data   RO           99    .rodata.usart_driver_version  usart_v2m-mps2.o
    0x000065fc   0x000065fc   0x00000020   Data   RO         1108    Region$$Table       anon$$obj.o
    0x0000661c   0x0000661c   0x0000001c   Data   RO          860    locale$$data        c_w.l(lc_numeric_c.o)
    0x00006638   0x00006638   0x00000110   Data   RO          993    locale$$data        c_w.l(lc_ctype_c.o)


    Execution Region RW_RAM (Exec base: 0x20000000, Load base: 0x00006748, Size: 0x00001350, Max: 0x0003f200, ABSOLUTE, COMPRESSED[0x0000002c])

    Exec Addr    Load Addr    Size         Type   Attr      Idx    E Section Name        Object

    0x20000000   COMPRESSED   0x00000004   Data   RW          200    .data               task2a_23.lib(task2a.o)
    0x20000004   COMPRESSED   0x00000004   Data   RW          201    .data               task2a_23.lib(task2a.o)
    0x20000008   COMPRESSED   0x00000004   Data   RW          202    .data               task2a_23.lib(task2a.o)
    0x2000000c   COMPRESSED   0x00000004   Data   RW          203    .data               task2a_23.lib(task2a.o)
    0x20000010   COMPRESSED   0x00000004   Data   RW          205    .data               task2a_23.lib(task2a.o)
    0x20000014   COMPRESSED   0x00000004   Data   RW          206    .data               task2a_23.lib(task2a.o)
    0x20000018   COMPRESSED   0x00000004   Data   RW          207    .data               task2a_23.lib(task2a.o)
    0x2000001c   COMPRESSED   0x00000004   Data   RW          315    .data               task2a_23.lib(tasks.o)
    0x20000020   COMPRESSED   0x00000018   Data   RW          451    .data               task2a_23.lib(heap_4.o)
    0x20000038   COMPRESSED   0x00000014   Data   RW          484    .data               task2a_23.lib(port.o)
    0x2000004c   COMPRESSED   0x00000004   Data   RW          681    .data               c_w.l(stdio_streams.o)
    0x20000050   COMPRESSED   0x00000004   Data   RW          682    .data               c_w.l(stdio_streams.o)
    0x20000054   COMPRESSED   0x00000004   Data   RW          683    .data               c_w.l(stdio_streams.o)
    0x20000058   COMPRESSED   0x00000004   Data   RW          159    .data.SystemCoreClock  system_cmsdk_cm4.o
    0x2000005c   COMPRESSED   0x00000008   Data   RW           94    .data.USART0_pin_rx  usart_v2m-mps2.o
    0x20000064   COMPRESSED   0x00000008   Data   RW           95    .data.USART0_pin_tx  usart_v2m-mps2.o
    0x2000006c   COMPRESSED   0x00000104   Data   RW          316    privileged_data     task2a_23.lib(tasks.o)
    0x20000170   COMPRESSED   0x0000003c   Data   RW          410    privileged_data     task2a_23.lib(timers.o)
    0x200001ac   COMPRESSED   0x00000028   Data   RW          539    privileged_data     task2a_23.lib(queue.o)
    0x200001d4        -       0x00001000   Zero   RW          450    .bss                task2a_23.lib(heap_4.o)
    0x200011d4        -       0x00000054   Zero   RW          678    .bss                c_w.l(stdio_streams.o)
    0x20001228        -       0x00000054   Zero   RW          679    .bss                c_w.l(stdio_streams.o)
    0x2000127c        -       0x00000054   Zero   RW          680    .bss                c_w.l(stdio_streams.o)
    0x200012d0        -       0x00000060   Zero   RW          946    .bss                c_w.l(libspace.o)
    0x20001330        -       0x00000008   Zero   RW           96    .bss.USART0_Info    usart_v2m-mps2.o
    0x20001338        -       0x00000018   Zero   RW           97    .bss.USART0_TransferInfo  usart_v2m-mps2.o


    Execution Region ARM_LIB_HEAP (Exec base: 0x20001350, Load base: 0x00006774, Size: 0x00000c00, Max: 0x00000c00, ABSOLUTE)

    Exec Addr    Load Addr    Size         Type   Attr      Idx    E Section Name        Object

    0x20001350        -       0x00000c00   Zero   RW            1    ARM_LIB_HEAP.bss    anon$$obj.o


    Execution Region ARM_LIB_STACK (Exec base: 0x2003fe00, Load base: 0x00006774, Size: 0x00000200, Max: 0x00000200, ABSOLUTE)

    Exec Addr    Load Addr    Size         Type   Attr      Idx    E Section Name        Object

    0x2003fe00        -       0x00000200   Zero   RW            2    ARM_LIB_STACK.bss   anon$$obj.o


==============================================================================

Image component sizes


      Code (inc. data)   RO Data    RW Data    ZI Data      Debug   Object Name

       666          0         46          0          0       3162   retarget_io.o
        16          0       1024          0          0        903   startup_cmsdk_cm4.o
        54          0          0          4          0       1407   system_cmsdk_cm4.o
        92          0         25          0          0       1644   task2.o
      2026          6         88         16         32      12025   usart_v2m-mps2.o

    ----------------------------------------------------------------------
      2882          6       1216         20       3616      19141   Object Totals
         0          0         32          0       3584          0   (incl. Generated)
        28          0          1          0          0          0   (incl. Padding)

    ----------------------------------------------------------------------

      Code (inc. data)   RO Data    RW Data    ZI Data      Debug   Library Member Name

        24          4          0          0          0         84   __2printf.o
        58          0          0          0          0          0   __dczerorl.o
         8          0          0          0          0         68   __main.o
       392          4         17          0          0         92   __printf_flags_ss_wp.o
        14          0          0          0          0         68   __printf_wp.o
         0          0          0          0          0          0   __rtentry.o
        12          0          0          0          0          0   __rtentry2.o
         8          4          0          0          0          0   __rtentry7.o
        52          8          0          0          0          0   __scatter.o
        28          0          0          0          0          0   __scatter_zi.o
        72          0          0          0          0         96   _c16rtomb.o
         6          0          0          0          0          0   _printf_a.o
         6          0          0          0          0          0   _printf_c.o
        44          0          0          0          0        108   _printf_char.o
        48          6          0          0          0         96   _printf_char_common.o
        36          4          0          0          0         80   _printf_char_file.o
        40          0          0          0          0         68   _printf_charcount.o
         6          0          0          0          0          0   _printf_d.o
       120         16          0          0          0         92   _printf_dec.o
         6          0          0          0          0          0   _printf_e.o
         6          0          0          0          0          0   _printf_f.o
      1052          0          0          0          0        148   _printf_fp_dec.o
       764          8         38          0          0        100   _printf_fp_hex.o
       128         16          0          0          0         84   _printf_fp_infnan.o
         6          0          0          0          0          0   _printf_g.o
       148          4         40          0          0        160   _printf_hex_int_ll_ptr.o
         6          0          0          0          0          0   _printf_i.o
       178          0          0          0          0         88   _printf_intcommon.o
        10          0          0          0          0          0   _printf_l.o
         6          0          0          0          0          0   _printf_lc.o
        10          0          0          0          0          0   _printf_ll.o
         6          0          0          0          0          0   _printf_lld.o
         6          0          0          0          0          0   _printf_lli.o
         6          0          0          0          0          0   _printf_llo.o
         6          0          0          0          0          0   _printf_llu.o
         6          0          0          0          0          0   _printf_llx.o
       124         16          0          0          0         92   _printf_longlong_dec.o
         6          0          0          0          0          0   _printf_ls.o
         6          0          0          0          0          0   _printf_n.o
         6          0          0          0          0          0   _printf_o.o
       112          8          0          0          0        124   _printf_oct_int_ll.o
         6          0          0          0          0          0   _printf_p.o
        78          0          0          0          0        108   _printf_pad.o
         0          0          0          0          0          0   _printf_percent.o
         4          0          0          0          0          0   _printf_percent_end.o
         6          0          0          0          0          0   _printf_s.o
        82          0          0          0          0         80   _printf_str.o
        36          0          0          0          0         84   _printf_truncate.o
         6          0          0          0          0          0   _printf_u.o
        44          0          0          0          0        108   _printf_wchar.o
       188          6          8          0          0         92   _printf_wctomb.o
         6          0          0          0          0          0   _printf_x.o
        16          0          0          0          0         68   aeabi_memset.o
       228          4        148          0          0         96   bigflt0.o
      1936        128          0          0          0        668   btod.o
        10          0          0          0          0         68   defsig_exit.o
        50          0          0          0          0         88   defsig_general.o
        80         58          0          0          0         76   defsig_rtmem_inner.o
        14          0          0          0          0         80   defsig_rtmem_outer.o
        52         38          0          0          0         76   defsig_rtred_inner.o
        14          0          0          0          0         80   defsig_rtred_outer.o
        18          0          0          0          0         80   exit.o
        76          0          0          0          0         88   fclose.o
         8          0          0          0          0         68   ferror.o
       482          0          0          0          0         92   flsbuf.o
       240          6          0          0          0        128   fopen.o
        28          0          0          0          0         68   fputc.o
       248          6          0          0          0         84   fseek.o
        66          0          0          0          0         76   ftell.o
        94          0          0          0          0         80   h1_alloc.o
        52          0          0          0          0         68   h1_extend.o
        78          0          0          0          0         80   h1_free.o
        14          0          0          0          0         84   h1_init.o
         4          0          0          0          0        136   hguard.o
         0          0          0          0          0          0   indicate_semi.o
       138          0          0          0          0        168   init_alloc.o
       312         46          0          0          0        112   initio.o
        44         10        272          0          0         76   lc_ctype_c.o
        44         10         28          0          0         76   lc_numeric_c.o
         2          0          0          0          0          0   libinit.o
        38          0          0          0          0          0   libinit2.o
        16          8          0          0          0          0   libinit5.o
         2          0          0          0          0          0   libshutdown.o
         6          0          0          0          0          0   libshutdown2.o
         0          0          0          0         96          0   libspace.o
       138          0          0          0          0         80   lludiv10.o
         0          0          0          0          0          0   maybetermalloc1.o
        24          4          0          0          0         84   printf.o
        16          4          0          0          0         76   rt_ctype_table.o
         8          4          0          0          0         68   rt_errno_addr_intlibspace.o
         8          4          0          0          0         68   rt_heap_descriptor_intlibspace.o
         8          4          0          0          0         68   rt_locale_intlibspace.o
        68          0          0          0          0         68   rt_memclr.o
        78          0          0          0          0         80   rt_memclr_w.o
       138          0          0          0          0         68   rt_memcpy_v6.o
       100          0          0          0          0         80   rt_memcpy_w.o
         2          0          0          0          0          0   rtexit.o
        10          0          0          0          0          0   rtexit2.o
        70          0          0          0          0         80   setvbuf.o
       240          6          0          0          0        156   stdio.o
         0          0          0         12        252          0   stdio_streams.o
       124          0          0          0          0         88   strcmpv7em.o
        62          0          0          0          0         76   strlen.o
        12          4          0          0          0         68   sys_exit.o
        14          0          0          0          0         76   sys_wrch.o
         2          0          0          0          0         68   use_no_semi.o
        26          0          0          0          0        116   fpinit.o
         4          0          0          0          0        116   printf1.o
         4          0          0          0          0        116   printf2.o
         0          0          0          0          0          0   usenofp.o
        48          0          0          0          0        124   fpclassify.o
       464         14          0         24       4096       4360   heap_4.o
       138          0          0          0          0       2002   list.o
      1280        114          0         20          0      16517   port.o
      3392         16          0         40          0      22217   queue.o
        88          6          0          0          0       5353   stdout_usart.o
        96         32          0         28          0      16392   task2a.o
      5544         80          0        264          0      42854   tasks.o
      1116         44          0         60          0      18870   timers.o

    ----------------------------------------------------------------------
     21788        754        554        448       4444     135373   Library Totals
        22          0          3          0          0          0   (incl. Padding)

    ----------------------------------------------------------------------

      Code (inc. data)   RO Data    RW Data    ZI Data      Debug   Library Name

      9566        448        551         12        348       6336   c_w.l
        34          0          0          0          0        348   fz_wm.l
        48          0          0          0          0        124   m_wm.l
     12118        306          0        436       4096     128565   task2a_23.lib

    ----------------------------------------------------------------------
     21788        754        554        448       4444     135373   Library Totals

    ----------------------------------------------------------------------

==============================================================================


      Code (inc. data)   RO Data    RW Data    ZI Data      Debug   

     24670        760       1770        468       8060     148498   Grand Totals
     24670        760       1770         44       8060     148498   ELF Image Totals (compressed)
     24670        760       1770         44          0          0   ROM Totals

==============================================================================

    Total RO  Size (Code + RO Data)                26440 (  25.82kB)
    Total RW  Size (RW Data + ZI Data)              8528 (   8.33kB)
    Total ROM Size (Code + RO Data + RW Data)      26484 (  25.86kB)

==============================================================================

