<html>
<body>
<pre>
<h1>µVision Build Log</h1>
<h2>Tool Versions:</h2>
IDE-Version: ¦ÌVision V5.37.0.0
Copyright (C) 2022 ARM Ltd and ARM Germany GmbH. All rights reserved.
License Information: BIANG XU, HUST, LIC=----
 
Tool Versions:
Toolchain:       MDK-Lite  Version: 5.37.0.0
Toolchain Path:  C:\Keil_v5\ARM\ARMCLANG\Bin
C Compiler:      ArmClang.exe V6.18
Assembler:       Armasm.exe V6.18
Linker/Locator:  ArmLink.exe V6.18
Library Manager: ArmAr.exe V6.18
Hex Converter:   FromElf.exe V6.18
CPU DLL:         SARMCM3.DLL V5.37.0.0
Dialog DLL:      DCM.DLL V1.17.5.0
Target DLL:      UL2CM3.DLL V1.164.7.0
Dialog DLL:      TCM.DLL V1.56.1.0
 
<h2>Project:</h2>
C:\Users\86131\Desktop\NADP3\KEIL\task2_1\task2_1.uvprojx
Project File Date:  05/31/2022

<h2>Output:</h2>
*** Using Compiler 'V6.18', folder: 'C:\Keil_v5\ARM\ARMCLANG\Bin'
Rebuild target 'Target 1'
RTE/Device/CMSDK_CM4_FP/system_CMSDK_CM4.c(35): warning: In file included from...
C:/Users/86131/AppData/Local/Arm/Packs/Keil/V2M-MPS2_CMx_BSP/1.8.0/Device/CMSDK_CM4/Include\CMSDK_CM4_FP.h(87): warning: commas at the end of enumerator lists are a C99-specific feature [-Wc99-extensions]
  GPIO0_7_IRQn                  =  31,      /*    GPIO 0 individual interrupt ( 7) */
                                     ^~
1 warning generated.
compiling system_CMSDK_CM4.c...
RTE/Device/CMSDK_CM4_FP/startup_CMSDK_CM4.c(35): warning: In file included from...
C:/Users/86131/AppData/Local/Arm/Packs/Keil/V2M-MPS2_CMx_BSP/1.8.0/Device/CMSDK_CM4/Include\CMSDK_CM4_FP.h(87): warning: commas at the end of enumerator lists are a C99-specific feature [-Wc99-extensions]
  GPIO0_7_IRQn                  =  31,      /*    GPIO 0 individual interrupt ( 7) */
                                     ^~
1 warning generated.
compiling startup_CMSDK_CM4.c...
C:/Users/86131/AppData/Local/Arm/Packs/Keil/ARM_Compiler/1.7.2/Source/retarget_io.c(386): warning: // comments are not allowed in this language [-Wcomment]
// User defined ...
^
1 warning generated.
compiling retarget_io.c...
../task2.c(23): warning: In file included from...
C:/Users/86131/AppData/Local/Arm/Packs/Keil/V2M-MPS2_CMx_BSP/1.8.0/Device/CMSDK_CM4/Include\CMSDK_CM4_FP.h(87): warning: commas at the end of enumerator lists are a C99-specific feature [-Wc99-extensions]
  GPIO0_7_IRQn                  =  31,      /*    GPIO 0 individual interrupt ( 7) */
                                     ^~
../task2.c(36): warning: no previous prototype for function 'mpu_disable' [-Wmissing-prototypes]
void mpu_disable(void) {
     ^
../task2.c(36): note: declare 'static' if the function is not intended to be used outside of this translation unit
void mpu_disable(void) {
^
static 
../task2.c(40): warning: no previous prototype for function 'mpu_enable' [-Wmissing-prototypes]
void mpu_enable(uint32_t options) {
     ^
../task2.c(40): note: declare 'static' if the function is not intended to be used outside of this translation unit
void mpu_enable(uint32_t options) {
^
static 
../task2.c(44): warning: no previous prototype for function 'mpu_region_config' [-Wmissing-prototypes]
void mpu_region_config(uint32_t region_num, uint32_t addr, uint32_t size, uint32_t attributes) {
     ^
../task2.c(44): note: declare 'static' if the function is not intended to be used outside of this translation unit
void mpu_region_config(uint32_t region_num, uint32_t addr, uint32_t size, uint32_t attributes) {
^
static 
../task2.c(50): warning: no previous prototype for function 'mpu_region_disable' [-Wmissing-prototypes]
void mpu_region_disable(uint32_t region_num) {
     ^
../task2.c(50): note: declare 'static' if the function is not intended to be used outside of this translation unit
void mpu_region_disable(uint32_t region_num) {
^
static 
../task2.c(63): warning: // comments are not allowed in this language [-Wcomment]
    // ARM_MPU_Disable();               // OK
    ^
../task2.c(56): warning: unused parameter 'pvParameters' [-Wunused-parameter]
void vTaskStart(void* pvParameters) {
                      ^
../task2.c(56): warning: no previous prototype for function 'vTaskStart' [-Wmissing-prototypes]
void vTaskStart(void* pvParameters) {
     ^
../task2.c(56): note: declare 'static' if the function is not intended to be used outside of this translation unit
void vTaskStart(void* pvParameters) {
^
static 
../task2.c(56): warning: function 'vTaskStart' could be declared with attribute 'noreturn' [-Wmissing-noreturn]
void vTaskStart(void* pvParameters) {
                                    ^
../task2.c(88): warning: implicit declaration of function 'xTaskCreate' [-Wimplicit-function-declaration]
    xTaskCreate(vTaskStart, "Test2", 100, NULL, (1 | (0x80000000UL)), NULL);
    ^
../task2.c(89): warning: implicit conversion changes signedness: 'uint32_t' (aka 'unsigned int') to 'int' [-Wsign-conversion]
    StartFreeRTOS(a);
    ~~~~~~~~~~~~~ ^
11 warnings generated.
compiling task2.c...
C:/Users/86131/AppData/Local/Arm/Packs/Keil/V2M-MPS2_CMx_BSP/1.8.0/CMSIS/Driver/USART_V2M-MPS2.c(51): warning: In file included from...
C:/Users/86131/AppData/Local/Arm/Packs/Keil/V2M-MPS2_CMx_BSP/1.8.0/CMSIS/Driver/USART_V2M-MPS2.h(33): warning: In file included from...
C:/Users/86131/AppData/Local/Arm/Packs/ARM/CMSIS/5.9.0/CMSIS/Driver/Include\Driver_USART.h(65): warning: In file included from...
C:/Users/86131/AppData/Local/Arm/Packs/ARM/CMSIS/5.9.0/CMSIS/Driver/Include/Driver_Common.h(47): warning: // comments are not allowed in this language [-Wcomment]
  uint16_t api;                         ///< API version
                                        ^
C:/Users/86131/AppData/Local/Arm/Packs/Keil/V2M-MPS2_CMx_BSP/1.8.0/CMSIS/Driver/USART_V2M-MPS2.c(51): warning: In file included from...
C:/Users/86131/AppData/Local/Arm/Packs/Keil/V2M-MPS2_CMx_BSP/1.8.0/CMSIS/Driver/USART_V2M-MPS2.h(33): warning: In file included from...
C:/Users/86131/AppData/Local/Arm/Packs/ARM/CMSIS/5.9.0/CMSIS/Driver/Include\Driver_USART.h(80): warning: // comments are not allowed in this language [-Wcomment]
#define ARM_USART_MODE_ASYNCHRONOUS         (0x01UL << ARM_USART_CONTROL_Pos)   ///< UART (Asynchronous); arg = Baudrate
                                                                                ^
C:/Users/86131/AppData/Local/Arm/Packs/Keil/V2M-MPS2_CMx_BSP/1.8.0/CMSIS/Driver/USART_V2M-MPS2.c(51): warning: In file included from...
C:/Users/86131/AppData/Local/Arm/Packs/Keil/V2M-MPS2_CMx_BSP/1.8.0/CMSIS/Driver/USART_V2M-MPS2.h(34): warning: In file included from...
C:/Users/86131/AppData/Local/Arm/Packs/Keil/V2M-MPS2_CMx_BSP/1.8.0/Boards/ARM/V2M-MPS2/Common\Device.h(45): warning: In file included from...
C:/Users/86131/AppData/Local/Arm/Packs/Keil/V2M-MPS2_CMx_BSP/1.8.0/Device/CMSDK_CM4/Include\CMSDK_CM4_FP.h(87): warning: commas at the end of enumerator lists are a C99-specific feature [-Wc99-extensions]
  GPIO0_7_IRQn                  =  31,      /*    GPIO 0 individual interrupt ( 7) */
                                     ^~
C:/Users/86131/AppData/Local/Arm/Packs/Keil/V2M-MPS2_CMx_BSP/1.8.0/CMSIS/Driver/USART_V2M-MPS2.c(51): warning: In file included from...
C:/Users/86131/AppData/Local/Arm/Packs/Keil/V2M-MPS2_CMx_BSP/1.8.0/CMSIS/Driver/USART_V2M-MPS2.h(35): warning: In file included from...
./RTE/Device/CMSDK_CM4_FP\RTE_Device.h(26): warning: // comments are not allowed in this language [-Wcomment]
//-------- <<< Use Configuration Wizard in Context Menu >>> --------------------
^
C:/Users/86131/AppData/Local/Arm/Packs/Keil/V2M-MPS2_CMx_BSP/1.8.0/CMSIS/Driver/USART_V2M-MPS2.c(51): warning: In file included from...
C:/Users/86131/AppData/Local/Arm/Packs/Keil/V2M-MPS2_CMx_BSP/1.8.0/CMSIS/Driver/USART_V2M-MPS2.h(46): warning: // comments are not allowed in this language [-Wcomment]
// USART Flags
^
C:/Users/86131/AppData/Local/Arm/Packs/Keil/V2M-MPS2_CMx_BSP/1.8.0/CMSIS/Driver/USART_V2M-MPS2.c(57): warning: // comments are not allowed in this language [-Wcomment]
// Driver Version
^
C:/Users/86131/AppData/Local/Arm/Packs/Keil/V2M-MPS2_CMx_BSP/1.8.0/CMSIS/Driver/USART_V2M-MPS2.c(72): warning: duplicate 'const' declaration specifier [-Wduplicate-decl-specifier]
static const USART_RESOURCES USART0_Resources = {
       ^
C:/Users/86131/AppData/Local/Arm/Packs/Keil/V2M-MPS2_CMx_BSP/1.8.0/CMSIS/Driver/USART_V2M-MPS2.c(269): warning: duplicate 'const' declaration specifier [-Wduplicate-decl-specifier]
static ARM_USART_CAPABILITIES USART_GetCapabilities (const USART_RESOURCES *usart) {
                                                     ^
C:/Users/86131/AppData/Local/Arm/Packs/Keil/V2M-MPS2_CMx_BSP/1.8.0/CMSIS/Driver/USART_V2M-MPS2.c(282): warning: duplicate 'const' declaration specifier [-Wduplicate-decl-specifier]
                                 const USART_RESOURCES         *usart) {
                                 ^
C:/Users/86131/AppData/Local/Arm/Packs/Keil/V2M-MPS2_CMx_BSP/1.8.0/CMSIS/Driver/USART_V2M-MPS2.c(310): warning: duplicate 'const' declaration specifier [-Wduplicate-decl-specifier]
static int32_t USART_Uninitialize (const USART_RESOURCES *usart) {
                                   ^
C:/Users/86131/AppData/Local/Arm/Packs/Keil/V2M-MPS2_CMx_BSP/1.8.0/CMSIS/Driver/USART_V2M-MPS2.c(329): warning: duplicate 'const' declaration specifier [-Wduplicate-decl-specifier]
                                   const USART_RESOURCES *usart) {
                                   ^
C:/Users/86131/AppData/Local/Arm/Packs/Keil/V2M-MPS2_CMx_BSP/1.8.0/CMSIS/Driver/USART_V2M-MPS2.c(386): warning: duplicate 'const' declaration specifier [-Wduplicate-decl-specifier]
                           const USART_RESOURCES *usart) {
                           ^
C:/Users/86131/AppData/Local/Arm/Packs/Keil/V2M-MPS2_CMx_BSP/1.8.0/CMSIS/Driver/USART_V2M-MPS2.c(433): warning: duplicate 'const' declaration specifier [-Wduplicate-decl-specifier]
                              const USART_RESOURCES *usart) {
                              ^
C:/Users/86131/AppData/Local/Arm/Packs/Keil/V2M-MPS2_CMx_BSP/1.8.0/CMSIS/Driver/USART_V2M-MPS2.c(485): warning: duplicate 'const' declaration specifier [-Wduplicate-decl-specifier]
                               const USART_RESOURCES  *usart) {
                               ^
C:/Users/86131/AppData/Local/Arm/Packs/Keil/V2M-MPS2_CMx_BSP/1.8.0/CMSIS/Driver/USART_V2M-MPS2.c(501): warning: duplicate 'const' declaration specifier [-Wduplicate-decl-specifier]
static uint32_t USART_GetTxCount (const USART_RESOURCES *usart) {
                                  ^
C:/Users/86131/AppData/Local/Arm/Packs/Keil/V2M-MPS2_CMx_BSP/1.8.0/CMSIS/Driver/USART_V2M-MPS2.c(513): warning: duplicate 'const' declaration specifier [-Wduplicate-decl-specifier]
static uint32_t USART_GetRxCount (const USART_RESOURCES *usart) {
                                  ^
C:/Users/86131/AppData/Local/Arm/Packs/Keil/V2M-MPS2_CMx_BSP/1.8.0/CMSIS/Driver/USART_V2M-MPS2.c(531): warning: duplicate 'const' declaration specifier [-Wduplicate-decl-specifier]
                              const USART_RESOURCES  *usart) {
                              ^
C:/Users/86131/AppData/Local/Arm/Packs/Keil/V2M-MPS2_CMx_BSP/1.8.0/CMSIS/Driver/USART_V2M-MPS2.c(635): warning: duplicate 'const' declaration specifier [-Wduplicate-decl-specifier]
static ARM_USART_STATUS USART_GetStatus (const USART_RESOURCES *usart) {
                                         ^
C:/Users/86131/AppData/Local/Arm/Packs/Keil/V2M-MPS2_CMx_BSP/1.8.0/CMSIS/Driver/USART_V2M-MPS2.c(654): warning: duplicate 'const' declaration specifier [-Wduplicate-decl-specifier]
                                      const USART_RESOURCES         *usart) {
                                      ^
C:/Users/86131/AppData/Local/Arm/Packs/Keil/V2M-MPS2_CMx_BSP/1.8.0/CMSIS/Driver/USART_V2M-MPS2.c(667): warning: duplicate 'const' declaration specifier [-Wduplicate-decl-specifier]
static ARM_USART_MODEM_STATUS USART_GetModemStatus (const USART_RESOURCES *usart) {
                                                    ^
C:/Users/86131/AppData/Local/Arm/Packs/Keil/V2M-MPS2_CMx_BSP/1.8.0/CMSIS/Driver/USART_V2M-MPS2.c(668): warning: missing field 'reserved' initializer [-Wmissing-field-initializers]
  ARM_USART_MODEM_STATUS modem_status = { 0U, 0U, 0U, 0U };
                                                         ^
C:/Users/86131/AppData/Local/Arm/Packs/Keil/V2M-MPS2_CMx_BSP/1.8.0/CMSIS/Driver/USART_V2M-MPS2.c(51): warning: In file included from...
C:/Users/86131/AppData/Local/Arm/Packs/Keil/V2M-MPS2_CMx_BSP/1.8.0/CMSIS/Driver/USART_V2M-MPS2.h(95): warning: padding struct 'struct (unnamed at C:/Users/86131/AppData/Local/Arm/Packs/Keil/V2M-MPS2_CMx_BSP/1.8.0/CMSIS/Driver/USART_V2M-MPS2.h:89:15)' with 2 bytes to align 'info' [-Wpadded]
  USART_INFO              *info;               // Run-Time Information
                           ^
C:/Users/86131/AppData/Local/Arm/Packs/Keil/V2M-MPS2_CMx_BSP/1.8.0/CMSIS/Driver/USART_V2M-MPS2.h(53): warning: padding size of 'struct _PIN' with 3 bytes to alignment boundary [-Wpadded]
typedef struct _PIN
               ^
23 warnings generated.
compiling USART_V2M-MPS2.c...
linking...
Program Size: Code=24670 RO-data=1770 RW-data=468 ZI-data=8060  
".\Objects\task2_1.axf" - 0 Error(s), 37 Warning(s).

<h2>Software Packages used:</h2>

Package Vendor: ARM
                http://www.keil.com/pack/ARM.CMSIS.5.9.0.pack
                ARM.CMSIS.5.9.0
                CMSIS (Common Microcontroller Software Interface Standard)
   * Component: USART Version: 2.4.0
   * Component: CORE Version: 5.6.0

Package Vendor: Keil
                https://www.keil.com/pack/Keil.ARM_Compiler.1.7.2.pack
                Keil.ARM_Compiler.1.7.2
                Keil ARM Compiler extensions for ARM Compiler 5 and ARM Compiler 6
   * Component: STDERR Variant: ITM Version: 1.2.0
   * Component: STDIN Variant: ITM Version: 1.2.0
   * Component: STDOUT Variant: User Version: 1.2.0

Package Vendor: Keil
                http://www.keil.com/pack/Keil.V2M-MPS2_CMx_BSP.1.8.0.pack
                Keil.V2M-MPS2_CMx_BSP.1.8.0
                ARM V2M-MPS2 Board Support PACK for Cortex-M System Design Kit Devices
   * Component: Common Version: 2.0.0
   * Component: USART Version: 1.0.3
   * Component: Startup Variant: C Startup Version: 1.1.0

<h2>Collection of Component include folders:</h2>
  ./RTE/Device/CMSDK_CM4_FP
  ./RTE/_Target_1
  C:/Users/86131/AppData/Local/Arm/Packs/ARM/CMSIS/5.9.0/CMSIS/Core/Include
  C:/Users/86131/AppData/Local/Arm/Packs/ARM/CMSIS/5.9.0/CMSIS/Driver/Include
  C:/Users/86131/AppData/Local/Arm/Packs/Keil/V2M-MPS2_CMx_BSP/1.8.0/Boards/ARM/V2M-MPS2/Common
  C:/Users/86131/AppData/Local/Arm/Packs/Keil/V2M-MPS2_CMx_BSP/1.8.0/Device/CMSDK_CM4/Include

<h2>Collection of Component Files used:</h2>

   * Component: ::CMSIS Driver:USART:2.4.0 (API)
      Include file:  CMSIS/Driver/Include/Driver_USART.h

   * Component: ARM::CMSIS:CORE:5.6.0

   * Component: Keil.ARM Compiler::Compiler:I/O:STDERR:ITM:1.2.0
      Source file:   Source/retarget_io.c

   * Component: Keil.ARM Compiler::Compiler:I/O:STDIN:ITM:1.2.0
      Source file:   Source/retarget_io.c

   * Component: Keil.ARM Compiler::Compiler:I/O:STDOUT:User:1.2.0
      Source file:   Template/stdout_user.c
      Source file:   Template/stdout_display.c
      Source file:   Source/retarget_io.c
      Source file:   Template/stdout_USART.c

   * Component: Keil.V2M-MPS2::Board Support:Common:2.0.0
      Include file:  Boards/ARM/V2M-MPS2/Common/SMM_MPS2.h
      Include file:  Boards/ARM/V2M-MPS2/Common/Device.h

   * Component: Keil::CMSIS Driver:USART:1.0.3
      Source file:   CMSIS/Driver/USART_V2M-MPS2.c

   * Component: Keil::Device:Startup:C Startup:1.1.0
      Source file:   Device/CMSDK_CM4/Source/system_CMSDK_CM4.c
      Include file:  CMSIS/Config/RTE_Device.h
      Source file:   Device/CMSDK_CM4/Source/startup_CMSDK_CM4.c
Build Time Elapsed:  00:00:02
</pre>
</body>
</html>
